[2023-02-23T09:23:35.537+0700][gc,heap] Heap region size: 1M
[2023-02-23T09:23:35.543+0700][gc     ] Using G1
[2023-02-23T09:23:35.543+0700][gc,heap,coops] Heap address: 0x00000000c0000000, size: 1024 MB, Compressed Oops mode: 32-bit
[2023-02-23T09:23:35.543+0700][gc,cds       ] Mark closed archive regions in map: [0x00000000fff00000, 0x00000000fff6aff8]
[2023-02-23T09:23:35.543+0700][gc,cds       ] Mark open archive regions in map: [0x00000000ffe00000, 0x00000000ffe47ff8]
[2023-02-23T09:23:36.244+0700][gc,start     ] GC(0) Pause Young (Normal) (G1 Evacuation Pause)
[2023-02-23T09:23:36.245+0700][gc,task      ] GC(0) Using 13 workers of 13 for evacuation
[2023-02-23T09:23:36.254+0700][gc,phases    ] GC(0)   Pre Evacuate Collection Set: 0.0ms
[2023-02-23T09:23:36.254+0700][gc,phases    ] GC(0)   Evacuate Collection Set: 7.8ms
[2023-02-23T09:23:36.254+0700][gc,phases    ] GC(0)   Post Evacuate Collection Set: 0.5ms
[2023-02-23T09:23:36.254+0700][gc,phases    ] GC(0)   Other: 1.3ms
[2023-02-23T09:23:36.254+0700][gc,heap      ] GC(0) Eden regions: 51->0(44)
[2023-02-23T09:23:36.254+0700][gc,heap      ] GC(0) Survivor regions: 0->7(7)
[2023-02-23T09:23:36.254+0700][gc,heap      ] GC(0) Old regions: 2->2
[2023-02-23T09:23:36.254+0700][gc,heap      ] GC(0) Humongous regions: 0->0
[2023-02-23T09:23:36.254+0700][gc,metaspace ] GC(0) Metaspace: 14249K(15104K)->14249K(15104K) NonClass: 12510K(13056K)->12510K(13056K) Class: 1738K(2048K)->1738K(2048K)
[2023-02-23T09:23:36.254+0700][gc           ] GC(0) Pause Young (Normal) (G1 Evacuation Pause) 51M->7M(1024M) 9.775ms
[2023-02-23T09:23:36.254+0700][gc,cpu       ] GC(0) User=0.08s Sys=0.00s Real=0.01s
[2023-02-23T09:23:36.662+0700][gc,start     ] GC(1) Pause Young (Concurrent Start) (Metadata GC Threshold)
[2023-02-23T09:23:36.662+0700][gc,task      ] GC(1) Using 13 workers of 13 for evacuation
[2023-02-23T09:23:36.669+0700][gc,phases    ] GC(1)   Pre Evacuate Collection Set: 0.0ms
[2023-02-23T09:23:36.669+0700][gc,phases    ] GC(1)   Evacuate Collection Set: 5.8ms
[2023-02-23T09:23:36.669+0700][gc,phases    ] GC(1)   Post Evacuate Collection Set: 0.4ms
[2023-02-23T09:23:36.669+0700][gc,phases    ] GC(1)   Other: 0.2ms
[2023-02-23T09:23:36.669+0700][gc,heap      ] GC(1) Eden regions: 28->0(49)
[2023-02-23T09:23:36.669+0700][gc,heap      ] GC(1) Survivor regions: 7->2(7)
[2023-02-23T09:23:36.669+0700][gc,heap      ] GC(1) Old regions: 2->9
[2023-02-23T09:23:36.669+0700][gc,heap      ] GC(1) Humongous regions: 0->0
[2023-02-23T09:23:36.669+0700][gc,metaspace ] GC(1) Metaspace: 20559K(21248K)->20559K(21248K) NonClass: 18078K(18432K)->18078K(18432K) Class: 2480K(2816K)->2480K(2816K)
[2023-02-23T09:23:36.669+0700][gc           ] GC(1) Pause Young (Concurrent Start) (Metadata GC Threshold) 34M->8M(1024M) 6.628ms
[2023-02-23T09:23:36.669+0700][gc,cpu       ] GC(1) User=0.05s Sys=0.00s Real=0.00s
[2023-02-23T09:23:36.669+0700][gc           ] GC(2) Concurrent Cycle
[2023-02-23T09:23:36.669+0700][gc,marking   ] GC(2) Concurrent Clear Claimed Marks
[2023-02-23T09:23:36.669+0700][gc,marking   ] GC(2) Concurrent Clear Claimed Marks 0.052ms
[2023-02-23T09:23:36.669+0700][gc,marking   ] GC(2) Concurrent Scan Root Regions
[2023-02-23T09:23:36.670+0700][gc,marking   ] GC(2) Concurrent Scan Root Regions 1.313ms
[2023-02-23T09:23:36.670+0700][gc,marking   ] GC(2) Concurrent Mark (1.136s)
[2023-02-23T09:23:36.670+0700][gc,marking   ] GC(2) Concurrent Mark From Roots
[2023-02-23T09:23:36.670+0700][gc,task      ] GC(2) Using 3 workers of 3 for marking
[2023-02-23T09:23:36.675+0700][gc,marking   ] GC(2) Concurrent Mark From Roots 4.262ms
[2023-02-23T09:23:36.675+0700][gc,marking   ] GC(2) Concurrent Preclean
[2023-02-23T09:23:36.675+0700][gc,marking   ] GC(2) Concurrent Preclean 0.108ms
[2023-02-23T09:23:36.675+0700][gc,marking   ] GC(2) Concurrent Mark (1.136s, 1.140s) 4.419ms
[2023-02-23T09:23:36.676+0700][gc,start     ] GC(2) Pause Remark
[2023-02-23T09:23:36.678+0700][gc,stringtable] GC(2) Cleaned string and symbol table, strings: 5189 processed, 0 removed, symbols: 52949 processed, 46 removed
[2023-02-23T09:23:36.678+0700][gc            ] GC(2) Pause Remark 9M->9M(1024M) 1.863ms
[2023-02-23T09:23:36.678+0700][gc,cpu        ] GC(2) User=0.01s Sys=0.00s Real=0.00s
[2023-02-23T09:23:36.678+0700][gc,marking    ] GC(2) Concurrent Rebuild Remembered Sets
[2023-02-23T09:23:36.680+0700][gc,marking    ] GC(2) Concurrent Rebuild Remembered Sets 1.474ms
[2023-02-23T09:23:36.680+0700][gc,start      ] GC(2) Pause Cleanup
[2023-02-23T09:23:36.680+0700][gc            ] GC(2) Pause Cleanup 9M->9M(1024M) 0.139ms
[2023-02-23T09:23:36.680+0700][gc,cpu        ] GC(2) User=0.00s Sys=0.00s Real=0.00s
[2023-02-23T09:23:36.680+0700][gc,marking    ] GC(2) Concurrent Cleanup for Next Mark
[2023-02-23T09:23:36.682+0700][gc,marking    ] GC(2) Concurrent Cleanup for Next Mark 1.899ms
[2023-02-23T09:23:36.682+0700][gc            ] GC(2) Concurrent Cycle 13.212ms
[2023-02-23T09:23:37.141+0700][gc,start      ] GC(3) Pause Young (Normal) (G1 Evacuation Pause)
[2023-02-23T09:23:37.141+0700][gc,task       ] GC(3) Using 13 workers of 13 for evacuation
[2023-02-23T09:23:37.144+0700][gc,phases     ] GC(3)   Pre Evacuate Collection Set: 0.0ms
[2023-02-23T09:23:37.144+0700][gc,phases     ] GC(3)   Evacuate Collection Set: 2.1ms
[2023-02-23T09:23:37.144+0700][gc,phases     ] GC(3)   Post Evacuate Collection Set: 0.5ms
[2023-02-23T09:23:37.144+0700][gc,phases     ] GC(3)   Other: 0.2ms
[2023-02-23T09:23:37.144+0700][gc,heap       ] GC(3) Eden regions: 49->0(46)
[2023-02-23T09:23:37.144+0700][gc,heap       ] GC(3) Survivor regions: 2->5(7)
[2023-02-23T09:23:37.144+0700][gc,heap       ] GC(3) Old regions: 9->9
[2023-02-23T09:23:37.144+0700][gc,heap       ] GC(3) Humongous regions: 129->129
[2023-02-23T09:23:37.144+0700][gc,metaspace  ] GC(3) Metaspace: 28871K(29952K)->28871K(29952K) NonClass: 25532K(26112K)->25532K(26112K) Class: 3339K(3840K)->3339K(3840K)
[2023-02-23T09:23:37.144+0700][gc            ] GC(3) Pause Young (Normal) (G1 Evacuation Pause) 186M->141M(1024M) 3.011ms
[2023-02-23T09:23:37.144+0700][gc,cpu        ] GC(3) User=0.03s Sys=0.01s Real=0.00s
[2023-02-23T09:23:37.392+0700][gc,start      ] GC(4) Pause Young (Concurrent Start) (Metadata GC Threshold)
[2023-02-23T09:23:37.392+0700][gc,task       ] GC(4) Using 13 workers of 13 for evacuation
[2023-02-23T09:23:37.396+0700][gc,phases     ] GC(4)   Pre Evacuate Collection Set: 0.1ms
[2023-02-23T09:23:37.396+0700][gc,phases     ] GC(4)   Evacuate Collection Set: 3.4ms
[2023-02-23T09:23:37.396+0700][gc,phases     ] GC(4)   Post Evacuate Collection Set: 0.5ms
[2023-02-23T09:23:37.396+0700][gc,phases     ] GC(4)   Other: 0.3ms
[2023-02-23T09:23:37.396+0700][gc,heap       ] GC(4) Eden regions: 28->0(49)
[2023-02-23T09:23:37.396+0700][gc,heap       ] GC(4) Survivor regions: 5->2(7)
[2023-02-23T09:23:37.396+0700][gc,heap       ] GC(4) Old regions: 9->13
[2023-02-23T09:23:37.396+0700][gc,heap       ] GC(4) Humongous regions: 129->129
[2023-02-23T09:23:37.396+0700][gc,metaspace  ] GC(4) Metaspace: 34452K(35840K)->34452K(35840K) NonClass: 30412K(31104K)->30412K(31104K) Class: 4039K(4736K)->4039K(4736K)
[2023-02-23T09:23:37.396+0700][gc            ] GC(4) Pause Young (Concurrent Start) (Metadata GC Threshold) 169M->142M(1024M) 4.533ms
[2023-02-23T09:23:37.396+0700][gc,cpu        ] GC(4) User=0.03s Sys=0.01s Real=0.00s
[2023-02-23T09:23:37.396+0700][gc            ] GC(5) Concurrent Cycle
[2023-02-23T09:23:37.396+0700][gc,marking    ] GC(5) Concurrent Clear Claimed Marks
[2023-02-23T09:23:37.396+0700][gc,marking    ] GC(5) Concurrent Clear Claimed Marks 0.153ms
[2023-02-23T09:23:37.396+0700][gc,marking    ] GC(5) Concurrent Scan Root Regions
[2023-02-23T09:23:37.397+0700][gc,marking    ] GC(5) Concurrent Scan Root Regions 0.817ms
[2023-02-23T09:23:37.397+0700][gc,marking    ] GC(5) Concurrent Mark (1.863s)
[2023-02-23T09:23:37.397+0700][gc,marking    ] GC(5) Concurrent Mark From Roots
[2023-02-23T09:23:37.397+0700][gc,task       ] GC(5) Using 3 workers of 3 for marking
[2023-02-23T09:23:37.403+0700][gc,marking    ] GC(5) Concurrent Mark From Roots 5.641ms
[2023-02-23T09:23:37.403+0700][gc,marking    ] GC(5) Concurrent Preclean
[2023-02-23T09:23:37.403+0700][gc,marking    ] GC(5) Concurrent Preclean 0.247ms
[2023-02-23T09:23:37.403+0700][gc,marking    ] GC(5) Concurrent Mark (1.863s, 1.869s) 5.975ms
[2023-02-23T09:23:37.403+0700][gc,start      ] GC(5) Pause Remark
[2023-02-23T09:23:37.405+0700][gc,stringtable] GC(5) Cleaned string and symbol table, strings: 10862 processed, 12 removed, symbols: 84639 processed, 12 removed
[2023-02-23T09:23:37.405+0700][gc            ] GC(5) Pause Remark 143M->143M(1024M) 1.853ms
[2023-02-23T09:23:37.405+0700][gc,cpu        ] GC(5) User=0.01s Sys=0.00s Real=0.00s
[2023-02-23T09:23:37.405+0700][gc,marking    ] GC(5) Concurrent Rebuild Remembered Sets
[2023-02-23T09:23:37.409+0700][gc,marking    ] GC(5) Concurrent Rebuild Remembered Sets 3.219ms
[2023-02-23T09:23:37.409+0700][gc,start      ] GC(5) Pause Cleanup
[2023-02-23T09:23:37.409+0700][gc            ] GC(5) Pause Cleanup 144M->144M(1024M) 0.212ms
[2023-02-23T09:23:37.409+0700][gc,cpu        ] GC(5) User=0.00s Sys=0.00s Real=0.00s
[2023-02-23T09:23:37.409+0700][gc,marking    ] GC(5) Concurrent Cleanup for Next Mark
[2023-02-23T09:23:37.411+0700][gc,marking    ] GC(5) Concurrent Cleanup for Next Mark 2.166ms
[2023-02-23T09:23:37.411+0700][gc            ] GC(5) Concurrent Cycle 15.083ms
[2023-02-23T09:25:10.525+0700][gc,start      ] GC(6) Pause Young (Normal) (G1 Evacuation Pause)
[2023-02-23T09:25:10.525+0700][gc,task       ] GC(6) Using 13 workers of 13 for evacuation
[2023-02-23T09:25:10.530+0700][gc,phases     ] GC(6)   Pre Evacuate Collection Set: 0.0ms
[2023-02-23T09:25:10.530+0700][gc,phases     ] GC(6)   Evacuate Collection Set: 3.4ms
[2023-02-23T09:25:10.530+0700][gc,phases     ] GC(6)   Post Evacuate Collection Set: 1.2ms
[2023-02-23T09:25:10.530+0700][gc,phases     ] GC(6)   Other: 0.3ms
[2023-02-23T09:25:10.530+0700][gc,heap       ] GC(6) Eden regions: 49->0(46)
[2023-02-23T09:25:10.530+0700][gc,heap       ] GC(6) Survivor regions: 2->5(7)
[2023-02-23T09:25:10.530+0700][gc,heap       ] GC(6) Old regions: 13->13
[2023-02-23T09:25:10.530+0700][gc,heap       ] GC(6) Humongous regions: 129->129
[2023-02-23T09:25:10.530+0700][gc,metaspace  ] GC(6) Metaspace: 41712K(44288K)->41712K(44288K) NonClass: 36280K(37632K)->36280K(37632K) Class: 5431K(6656K)->5431K(6656K)
[2023-02-23T09:25:10.530+0700][gc            ] GC(6) Pause Young (Normal) (G1 Evacuation Pause) 191M->145M(1024M) 5.096ms
[2023-02-23T09:25:10.530+0700][gc,cpu        ] GC(6) User=0.05s Sys=0.00s Real=0.00s
[2023-02-23T09:57:06.717+0700][gc,start      ] GC(7) Pause Young (Normal) (G1 Evacuation Pause)
[2023-02-23T09:57:06.729+0700][gc,task       ] GC(7) Using 13 workers of 13 for evacuation
[2023-02-23T09:57:06.734+0700][gc,phases     ] GC(7)   Pre Evacuate Collection Set: 0.1ms
[2023-02-23T09:57:06.734+0700][gc,phases     ] GC(7)   Evacuate Collection Set: 3.2ms
[2023-02-23T09:57:06.734+0700][gc,phases     ] GC(7)   Post Evacuate Collection Set: 0.9ms
[2023-02-23T09:57:06.734+0700][gc,phases     ] GC(7)   Other: 13.1ms
[2023-02-23T09:57:06.734+0700][gc,heap       ] GC(7) Eden regions: 46->0(47)
[2023-02-23T09:57:06.734+0700][gc,heap       ] GC(7) Survivor regions: 5->4(7)
[2023-02-23T09:57:06.734+0700][gc,heap       ] GC(7) Old regions: 13->15
[2023-02-23T09:57:06.734+0700][gc,heap       ] GC(7) Humongous regions: 129->129
[2023-02-23T09:57:06.734+0700][gc,metaspace  ] GC(7) Metaspace: 42523K(45312K)->42523K(45312K) NonClass: 36982K(38400K)->36982K(38400K) Class: 5540K(6912K)->5540K(6912K)
[2023-02-23T09:57:06.734+0700][gc            ] GC(7) Pause Young (Normal) (G1 Evacuation Pause) 191M->145M(1024M) 17.521ms
[2023-02-23T09:57:06.734+0700][gc,cpu        ] GC(7) User=0.04s Sys=0.00s Real=0.02s
[2023-02-23T10:26:00.375+0700][gc,start      ] GC(8) Pause Young (Normal) (G1 Evacuation Pause)
[2023-02-23T10:26:00.381+0700][gc,task       ] GC(8) Using 13 workers of 13 for evacuation
[2023-02-23T10:26:00.384+0700][gc,phases     ] GC(8)   Pre Evacuate Collection Set: 0.0ms
[2023-02-23T10:26:00.384+0700][gc,phases     ] GC(8)   Evacuate Collection Set: 2.0ms
[2023-02-23T10:26:00.384+0700][gc,phases     ] GC(8)   Post Evacuate Collection Set: 0.8ms
[2023-02-23T10:26:00.384+0700][gc,phases     ] GC(8)   Other: 5.9ms
[2023-02-23T10:26:00.384+0700][gc,heap       ] GC(8) Eden regions: 47->0(47)
[2023-02-23T10:26:00.384+0700][gc,heap       ] GC(8) Survivor regions: 4->4(7)
[2023-02-23T10:26:00.384+0700][gc,heap       ] GC(8) Old regions: 15->15
[2023-02-23T10:26:00.384+0700][gc,heap       ] GC(8) Humongous regions: 129->129
[2023-02-23T10:26:00.384+0700][gc,metaspace  ] GC(8) Metaspace: 43495K(46336K)->43495K(46336K) NonClass: 37943K(39424K)->37943K(39424K) Class: 5551K(6912K)->5551K(6912K)
[2023-02-23T10:26:00.384+0700][gc            ] GC(8) Pause Young (Normal) (G1 Evacuation Pause) 192M->145M(1024M) 8.818ms
[2023-02-23T10:26:00.384+0700][gc,cpu        ] GC(8) User=0.03s Sys=0.00s Real=0.01s
[2023-02-23T10:26:01.936+0700][gc,start      ] GC(9) Pause Young (Normal) (G1 Evacuation Pause)
[2023-02-23T10:26:01.936+0700][gc,task       ] GC(9) Using 13 workers of 13 for evacuation
[2023-02-23T10:26:01.940+0700][gc,phases     ] GC(9)   Pre Evacuate Collection Set: 0.0ms
[2023-02-23T10:26:01.940+0700][gc,phases     ] GC(9)   Evacuate Collection Set: 2.3ms
[2023-02-23T10:26:01.940+0700][gc,phases     ] GC(9)   Post Evacuate Collection Set: 0.9ms
[2023-02-23T10:26:01.940+0700][gc,phases     ] GC(9)   Other: 0.2ms
[2023-02-23T10:26:01.940+0700][gc,heap       ] GC(9) Eden regions: 47->0(50)
[2023-02-23T10:26:01.940+0700][gc,heap       ] GC(9) Survivor regions: 4->5(7)
[2023-02-23T10:26:01.940+0700][gc,heap       ] GC(9) Old regions: 15->15
[2023-02-23T10:26:01.940+0700][gc,heap       ] GC(9) Humongous regions: 129->129
[2023-02-23T10:26:01.940+0700][gc,metaspace  ] GC(9) Metaspace: 44083K(46848K)->44083K(46848K) NonClass: 38531K(39936K)->38531K(39936K) Class: 5552K(6912K)->5552K(6912K)
[2023-02-23T10:26:01.940+0700][gc            ] GC(9) Pause Young (Normal) (G1 Evacuation Pause) 192M->146M(1024M) 3.595ms
[2023-02-23T10:26:01.940+0700][gc,cpu        ] GC(9) User=0.02s Sys=0.01s Real=0.01s
[2023-02-23T10:26:03.562+0700][gc,start      ] GC(10) Pause Young (Normal) (G1 Evacuation Pause)
[2023-02-23T10:26:03.562+0700][gc,task       ] GC(10) Using 13 workers of 13 for evacuation
[2023-02-23T10:26:03.566+0700][gc,phases     ] GC(10)   Pre Evacuate Collection Set: 0.0ms
[2023-02-23T10:26:03.566+0700][gc,phases     ] GC(10)   Evacuate Collection Set: 3.0ms
[2023-02-23T10:26:03.566+0700][gc,phases     ] GC(10)   Post Evacuate Collection Set: 1.1ms
[2023-02-23T10:26:03.566+0700][gc,phases     ] GC(10)   Other: 0.2ms
[2023-02-23T10:26:03.566+0700][gc,heap       ] GC(10) Eden regions: 50->0(64)
[2023-02-23T10:26:03.566+0700][gc,heap       ] GC(10) Survivor regions: 5->3(7)
[2023-02-23T10:26:03.566+0700][gc,heap       ] GC(10) Old regions: 15->18
[2023-02-23T10:26:03.566+0700][gc,heap       ] GC(10) Humongous regions: 129->129
[2023-02-23T10:26:03.566+0700][gc,metaspace  ] GC(10) Metaspace: 44100K(46848K)->44100K(46848K) NonClass: 38544K(39936K)->38544K(39936K) Class: 5556K(6912K)->5556K(6912K)
[2023-02-23T10:26:03.566+0700][gc            ] GC(10) Pause Young (Normal) (G1 Evacuation Pause) 196M->147M(1024M) 4.356ms
[2023-02-23T10:26:03.566+0700][gc,cpu        ] GC(10) User=0.04s Sys=0.01s Real=0.00s
[2023-02-23T10:26:05.505+0700][gc,start      ] GC(11) Pause Young (Normal) (G1 Evacuation Pause)
[2023-02-23T10:26:05.505+0700][gc,task       ] GC(11) Using 13 workers of 13 for evacuation
[2023-02-23T10:26:05.507+0700][gc,phases     ] GC(11)   Pre Evacuate Collection Set: 0.0ms
[2023-02-23T10:26:05.507+0700][gc,phases     ] GC(11)   Evacuate Collection Set: 1.2ms
[2023-02-23T10:26:05.507+0700][gc,phases     ] GC(11)   Post Evacuate Collection Set: 1.0ms
[2023-02-23T10:26:05.507+0700][gc,phases     ] GC(11)   Other: 0.2ms
[2023-02-23T10:26:05.507+0700][gc,heap       ] GC(11) Eden regions: 64->0(101)
[2023-02-23T10:26:05.507+0700][gc,heap       ] GC(11) Survivor regions: 3->3(9)
[2023-02-23T10:26:05.507+0700][gc,heap       ] GC(11) Old regions: 18->18
[2023-02-23T10:26:05.507+0700][gc,heap       ] GC(11) Humongous regions: 129->129
[2023-02-23T10:26:05.507+0700][gc,metaspace  ] GC(11) Metaspace: 44100K(46848K)->44100K(46848K) NonClass: 38544K(39936K)->38544K(39936K) Class: 5556K(6912K)->5556K(6912K)
[2023-02-23T10:26:05.507+0700][gc            ] GC(11) Pause Young (Normal) (G1 Evacuation Pause) 211M->146M(1024M) 2.569ms
[2023-02-23T10:26:05.507+0700][gc,cpu        ] GC(11) User=0.01s Sys=0.01s Real=0.00s
[2023-02-23T10:26:08.482+0700][gc,start      ] GC(12) Pause Young (Normal) (G1 Evacuation Pause)
[2023-02-23T10:26:08.482+0700][gc,task       ] GC(12) Using 13 workers of 13 for evacuation
[2023-02-23T10:26:08.486+0700][gc,phases     ] GC(12)   Pre Evacuate Collection Set: 0.0ms
[2023-02-23T10:26:08.486+0700][gc,phases     ] GC(12)   Evacuate Collection Set: 2.1ms
[2023-02-23T10:26:08.486+0700][gc,phases     ] GC(12)   Post Evacuate Collection Set: 1.0ms
[2023-02-23T10:26:08.486+0700][gc,phases     ] GC(12)   Other: 0.2ms
[2023-02-23T10:26:08.486+0700][gc,heap       ] GC(12) Eden regions: 101->0(418)
[2023-02-23T10:26:08.486+0700][gc,heap       ] GC(12) Survivor regions: 3->3(13)
[2023-02-23T10:26:08.486+0700][gc,heap       ] GC(12) Old regions: 18->18
[2023-02-23T10:26:08.486+0700][gc,heap       ] GC(12) Humongous regions: 129->129
[2023-02-23T10:26:08.486+0700][gc,metaspace  ] GC(12) Metaspace: 44119K(46848K)->44119K(46848K) NonClass: 38561K(39936K)->38561K(39936K) Class: 5558K(6912K)->5558K(6912K)
[2023-02-23T10:26:08.486+0700][gc            ] GC(12) Pause Young (Normal) (G1 Evacuation Pause) 247M->146M(1024M) 3.399ms
[2023-02-23T10:26:08.486+0700][gc,cpu        ] GC(12) User=0.02s Sys=0.01s Real=0.00s
[2023-02-23T10:26:21.441+0700][gc,start      ] GC(13) Pause Young (Normal) (G1 Evacuation Pause)
[2023-02-23T10:26:21.441+0700][gc,task       ] GC(13) Using 13 workers of 13 for evacuation
[2023-02-23T10:26:21.445+0700][gc,phases     ] GC(13)   Pre Evacuate Collection Set: 0.0ms
[2023-02-23T10:26:21.445+0700][gc,phases     ] GC(13)   Evacuate Collection Set: 3.0ms
[2023-02-23T10:26:21.445+0700][gc,phases     ] GC(13)   Post Evacuate Collection Set: 0.8ms
[2023-02-23T10:26:21.445+0700][gc,phases     ] GC(13)   Other: 0.3ms
[2023-02-23T10:26:21.445+0700][gc,heap       ] GC(13) Eden regions: 418->0(611)
[2023-02-23T10:26:21.445+0700][gc,heap       ] GC(13) Survivor regions: 3->3(53)
[2023-02-23T10:26:21.445+0700][gc,heap       ] GC(13) Old regions: 18->18
[2023-02-23T10:26:21.446+0700][gc,heap       ] GC(13) Humongous regions: 129->129
[2023-02-23T10:26:21.446+0700][gc,metaspace  ] GC(13) Metaspace: 44124K(46848K)->44124K(46848K) NonClass: 38565K(39936K)->38565K(39936K) Class: 5558K(6912K)->5558K(6912K)
[2023-02-23T10:26:21.446+0700][gc            ] GC(13) Pause Young (Normal) (G1 Evacuation Pause) 564M->146M(1024M) 4.299ms
[2023-02-23T10:26:21.446+0700][gc,cpu        ] GC(13) User=0.00s Sys=0.03s Real=0.00s
[2023-02-23T10:26:36.587+0700][gc,start      ] GC(14) Pause Young (Normal) (G1 Evacuation Pause)
[2023-02-23T10:26:36.587+0700][gc,task       ] GC(14) Using 13 workers of 13 for evacuation
[2023-02-23T10:26:36.590+0700][gc,phases     ] GC(14)   Pre Evacuate Collection Set: 0.0ms
[2023-02-23T10:26:36.590+0700][gc,phases     ] GC(14)   Evacuate Collection Set: 1.6ms
[2023-02-23T10:26:36.590+0700][gc,phases     ] GC(14)   Post Evacuate Collection Set: 1.1ms
[2023-02-23T10:26:36.590+0700][gc,phases     ] GC(14)   Other: 0.2ms
[2023-02-23T10:26:36.590+0700][gc,heap       ] GC(14) Eden regions: 611->0(611)
[2023-02-23T10:26:36.590+0700][gc,heap       ] GC(14) Survivor regions: 3->3(77)
[2023-02-23T10:26:36.590+0700][gc,heap       ] GC(14) Old regions: 18->18
[2023-02-23T10:26:36.590+0700][gc,heap       ] GC(14) Humongous regions: 129->129
[2023-02-23T10:26:36.590+0700][gc,metaspace  ] GC(14) Metaspace: 44147K(46848K)->44147K(46848K) NonClass: 38589K(39936K)->38589K(39936K) Class: 5558K(6912K)->5558K(6912K)
[2023-02-23T10:26:36.590+0700][gc            ] GC(14) Pause Young (Normal) (G1 Evacuation Pause) 757M->146M(1024M) 3.107ms
[2023-02-23T10:26:36.590+0700][gc,cpu        ] GC(14) User=0.02s Sys=0.00s Real=0.00s
[2023-02-23T10:26:51.414+0700][gc,start      ] GC(15) Pause Young (Normal) (G1 Evacuation Pause)
[2023-02-23T10:26:51.414+0700][gc,task       ] GC(15) Using 13 workers of 13 for evacuation
[2023-02-23T10:26:51.418+0700][gc,phases     ] GC(15)   Pre Evacuate Collection Set: 0.0ms
[2023-02-23T10:26:51.418+0700][gc,phases     ] GC(15)   Evacuate Collection Set: 2.3ms
[2023-02-23T10:26:51.418+0700][gc,phases     ] GC(15)   Post Evacuate Collection Set: 1.3ms
[2023-02-23T10:26:51.418+0700][gc,phases     ] GC(15)   Other: 0.3ms
[2023-02-23T10:26:51.418+0700][gc,heap       ] GC(15) Eden regions: 611->0(611)
[2023-02-23T10:26:51.418+0700][gc,heap       ] GC(15) Survivor regions: 3->3(77)
[2023-02-23T10:26:51.418+0700][gc,heap       ] GC(15) Old regions: 18->18
[2023-02-23T10:26:51.418+0700][gc,heap       ] GC(15) Humongous regions: 129->129
[2023-02-23T10:26:51.418+0700][gc,metaspace  ] GC(15) Metaspace: 44155K(46848K)->44155K(46848K) NonClass: 38597K(39936K)->38597K(39936K) Class: 5558K(6912K)->5558K(6912K)
[2023-02-23T10:26:51.418+0700][gc            ] GC(15) Pause Young (Normal) (G1 Evacuation Pause) 757M->146M(1024M) 3.986ms
[2023-02-23T10:26:51.418+0700][gc,cpu        ] GC(15) User=0.02s Sys=0.01s Real=0.00s
[2023-02-23T10:27:06.393+0700][gc,start      ] GC(16) Pause Young (Normal) (G1 Evacuation Pause)
[2023-02-23T10:27:06.393+0700][gc,task       ] GC(16) Using 13 workers of 13 for evacuation
[2023-02-23T10:27:06.395+0700][gc,phases     ] GC(16)   Pre Evacuate Collection Set: 0.0ms
[2023-02-23T10:27:06.395+0700][gc,phases     ] GC(16)   Evacuate Collection Set: 1.6ms
[2023-02-23T10:27:06.395+0700][gc,phases     ] GC(16)   Post Evacuate Collection Set: 0.6ms
[2023-02-23T10:27:06.395+0700][gc,phases     ] GC(16)   Other: 0.2ms
[2023-02-23T10:27:06.395+0700][gc,heap       ] GC(16) Eden regions: 611->0(611)
[2023-02-23T10:27:06.395+0700][gc,heap       ] GC(16) Survivor regions: 3->3(77)
[2023-02-23T10:27:06.395+0700][gc,heap       ] GC(16) Old regions: 18->18
[2023-02-23T10:27:06.395+0700][gc,heap       ] GC(16) Humongous regions: 129->129
[2023-02-23T10:27:06.395+0700][gc,metaspace  ] GC(16) Metaspace: 44155K(46848K)->44155K(46848K) NonClass: 38597K(39936K)->38597K(39936K) Class: 5558K(6912K)->5558K(6912K)
[2023-02-23T10:27:06.395+0700][gc            ] GC(16) Pause Young (Normal) (G1 Evacuation Pause) 757M->146M(1024M) 2.465ms
[2023-02-23T10:27:06.395+0700][gc,cpu        ] GC(16) User=0.00s Sys=0.02s Real=0.00s
[2023-02-23T10:27:21.799+0700][gc,start      ] GC(17) Pause Young (Normal) (G1 Evacuation Pause)
[2023-02-23T10:27:21.799+0700][gc,task       ] GC(17) Using 13 workers of 13 for evacuation
[2023-02-23T10:27:21.804+0700][gc,phases     ] GC(17)   Pre Evacuate Collection Set: 0.0ms
[2023-02-23T10:27:21.804+0700][gc,phases     ] GC(17)   Evacuate Collection Set: 2.8ms
[2023-02-23T10:27:21.804+0700][gc,phases     ] GC(17)   Post Evacuate Collection Set: 1.6ms
[2023-02-23T10:27:21.804+0700][gc,phases     ] GC(17)   Other: 0.3ms
[2023-02-23T10:27:21.804+0700][gc,heap       ] GC(17) Eden regions: 611->0(611)
[2023-02-23T10:27:21.804+0700][gc,heap       ] GC(17) Survivor regions: 3->3(77)
[2023-02-23T10:27:21.804+0700][gc,heap       ] GC(17) Old regions: 18->18
[2023-02-23T10:27:21.804+0700][gc,heap       ] GC(17) Humongous regions: 129->129
[2023-02-23T10:27:21.804+0700][gc,metaspace  ] GC(17) Metaspace: 44160K(46848K)->44160K(46848K) NonClass: 38602K(39936K)->38602K(39936K) Class: 5558K(6912K)->5558K(6912K)
[2023-02-23T10:27:21.804+0700][gc            ] GC(17) Pause Young (Normal) (G1 Evacuation Pause) 757M->146M(1024M) 5.003ms
[2023-02-23T10:27:21.804+0700][gc,cpu        ] GC(17) User=0.04s Sys=0.00s Real=0.00s
[2023-02-23T10:27:38.069+0700][gc,start      ] GC(18) Pause Young (Normal) (G1 Evacuation Pause)
[2023-02-23T10:27:38.069+0700][gc,task       ] GC(18) Using 13 workers of 13 for evacuation
[2023-02-23T10:27:38.072+0700][gc,phases     ] GC(18)   Pre Evacuate Collection Set: 0.0ms
[2023-02-23T10:27:38.072+0700][gc,phases     ] GC(18)   Evacuate Collection Set: 1.7ms
[2023-02-23T10:27:38.072+0700][gc,phases     ] GC(18)   Post Evacuate Collection Set: 0.9ms
[2023-02-23T10:27:38.072+0700][gc,phases     ] GC(18)   Other: 0.3ms
[2023-02-23T10:27:38.072+0700][gc,heap       ] GC(18) Eden regions: 611->0(611)
[2023-02-23T10:27:38.072+0700][gc,heap       ] GC(18) Survivor regions: 3->3(77)
[2023-02-23T10:27:38.072+0700][gc,heap       ] GC(18) Old regions: 18->18
[2023-02-23T10:27:38.072+0700][gc,heap       ] GC(18) Humongous regions: 129->129
[2023-02-23T10:27:38.072+0700][gc,metaspace  ] GC(18) Metaspace: 44187K(47104K)->44187K(47104K) NonClass: 38629K(40192K)->38629K(40192K) Class: 5558K(6912K)->5558K(6912K)
[2023-02-23T10:27:38.072+0700][gc            ] GC(18) Pause Young (Normal) (G1 Evacuation Pause) 757M->146M(1024M) 3.063ms
[2023-02-23T10:27:38.072+0700][gc,cpu        ] GC(18) User=0.02s Sys=0.00s Real=0.01s
[2023-02-23T10:27:54.064+0700][gc,start      ] GC(19) Pause Young (Normal) (G1 Evacuation Pause)
[2023-02-23T10:27:54.064+0700][gc,task       ] GC(19) Using 13 workers of 13 for evacuation
[2023-02-23T10:27:54.068+0700][gc,phases     ] GC(19)   Pre Evacuate Collection Set: 0.0ms
[2023-02-23T10:27:54.068+0700][gc,phases     ] GC(19)   Evacuate Collection Set: 2.2ms
[2023-02-23T10:27:54.068+0700][gc,phases     ] GC(19)   Post Evacuate Collection Set: 0.9ms
[2023-02-23T10:27:54.068+0700][gc,phases     ] GC(19)   Other: 0.2ms
[2023-02-23T10:27:54.068+0700][gc,heap       ] GC(19) Eden regions: 611->0(611)
[2023-02-23T10:27:54.068+0700][gc,heap       ] GC(19) Survivor regions: 3->3(77)
[2023-02-23T10:27:54.068+0700][gc,heap       ] GC(19) Old regions: 18->18
[2023-02-23T10:27:54.068+0700][gc,heap       ] GC(19) Humongous regions: 129->129
[2023-02-23T10:27:54.068+0700][gc,metaspace  ] GC(19) Metaspace: 44193K(47104K)->44193K(47104K) NonClass: 38635K(40192K)->38635K(40192K) Class: 5558K(6912K)->5558K(6912K)
[2023-02-23T10:27:54.068+0700][gc            ] GC(19) Pause Young (Normal) (G1 Evacuation Pause) 757M->146M(1024M) 3.488ms
[2023-02-23T10:27:54.068+0700][gc,cpu        ] GC(19) User=0.01s Sys=0.01s Real=0.00s
[2023-02-23T10:28:08.962+0700][gc,start      ] GC(20) Pause Young (Normal) (G1 Evacuation Pause)
[2023-02-23T10:28:08.962+0700][gc,task       ] GC(20) Using 13 workers of 13 for evacuation
[2023-02-23T10:28:08.964+0700][gc,phases     ] GC(20)   Pre Evacuate Collection Set: 0.0ms
[2023-02-23T10:28:08.965+0700][gc,phases     ] GC(20)   Evacuate Collection Set: 2.1ms
[2023-02-23T10:28:08.965+0700][gc,phases     ] GC(20)   Post Evacuate Collection Set: 0.7ms
[2023-02-23T10:28:08.965+0700][gc,phases     ] GC(20)   Other: 0.2ms
[2023-02-23T10:28:08.965+0700][gc,heap       ] GC(20) Eden regions: 611->0(611)
[2023-02-23T10:28:08.965+0700][gc,heap       ] GC(20) Survivor regions: 3->3(77)
[2023-02-23T10:28:08.965+0700][gc,heap       ] GC(20) Old regions: 18->18
[2023-02-23T10:28:08.965+0700][gc,heap       ] GC(20) Humongous regions: 129->129
[2023-02-23T10:28:08.965+0700][gc,metaspace  ] GC(20) Metaspace: 44199K(47104K)->44199K(47104K) NonClass: 38641K(40192K)->38641K(40192K) Class: 5558K(6912K)->5558K(6912K)
[2023-02-23T10:28:08.965+0700][gc            ] GC(20) Pause Young (Normal) (G1 Evacuation Pause) 757M->146M(1024M) 3.060ms
[2023-02-23T10:28:08.965+0700][gc,cpu        ] GC(20) User=0.03s Sys=0.00s Real=0.00s
[2023-02-23T10:28:24.004+0700][gc,start      ] GC(21) Pause Young (Normal) (G1 Evacuation Pause)
[2023-02-23T10:28:24.004+0700][gc,task       ] GC(21) Using 13 workers of 13 for evacuation
[2023-02-23T10:28:24.006+0700][gc,phases     ] GC(21)   Pre Evacuate Collection Set: 0.0ms
[2023-02-23T10:28:24.006+0700][gc,phases     ] GC(21)   Evacuate Collection Set: 1.3ms
[2023-02-23T10:28:24.006+0700][gc,phases     ] GC(21)   Post Evacuate Collection Set: 0.5ms
[2023-02-23T10:28:24.006+0700][gc,phases     ] GC(21)   Other: 0.2ms
[2023-02-23T10:28:24.006+0700][gc,heap       ] GC(21) Eden regions: 611->0(611)
[2023-02-23T10:28:24.006+0700][gc,heap       ] GC(21) Survivor regions: 3->3(77)
[2023-02-23T10:28:24.006+0700][gc,heap       ] GC(21) Old regions: 18->18
[2023-02-23T10:28:24.006+0700][gc,heap       ] GC(21) Humongous regions: 129->129
[2023-02-23T10:28:24.006+0700][gc,metaspace  ] GC(21) Metaspace: 44199K(47104K)->44199K(47104K) NonClass: 38641K(40192K)->38641K(40192K) Class: 5558K(6912K)->5558K(6912K)
[2023-02-23T10:28:24.006+0700][gc            ] GC(21) Pause Young (Normal) (G1 Evacuation Pause) 757M->147M(1024M) 2.134ms
[2023-02-23T10:28:24.006+0700][gc,cpu        ] GC(21) User=0.01s Sys=0.01s Real=0.00s
[2023-02-23T10:28:35.030+0700][gc,start      ] GC(22) Pause Young (Normal) (G1 Evacuation Pause)
[2023-02-23T10:28:35.030+0700][gc,task       ] GC(22) Using 13 workers of 13 for evacuation
[2023-02-23T10:28:35.032+0700][gc,phases     ] GC(22)   Pre Evacuate Collection Set: 0.0ms
[2023-02-23T10:28:35.032+0700][gc,phases     ] GC(22)   Evacuate Collection Set: 1.5ms
[2023-02-23T10:28:35.032+0700][gc,phases     ] GC(22)   Post Evacuate Collection Set: 0.5ms
[2023-02-23T10:28:35.032+0700][gc,phases     ] GC(22)   Other: 0.2ms
[2023-02-23T10:28:35.032+0700][gc,heap       ] GC(22) Eden regions: 611->0(612)
[2023-02-23T10:28:35.032+0700][gc,heap       ] GC(22) Survivor regions: 3->2(77)
[2023-02-23T10:28:35.032+0700][gc,heap       ] GC(22) Old regions: 18->18
[2023-02-23T10:28:35.032+0700][gc,heap       ] GC(22) Humongous regions: 129->129
[2023-02-23T10:28:35.032+0700][gc,metaspace  ] GC(22) Metaspace: 44210K(47104K)->44210K(47104K) NonClass: 38651K(40192K)->38651K(40192K) Class: 5558K(6912K)->5558K(6912K)
[2023-02-23T10:28:35.032+0700][gc            ] GC(22) Pause Young (Normal) (G1 Evacuation Pause) 758M->147M(1024M) 2.350ms
[2023-02-23T10:28:35.032+0700][gc,cpu        ] GC(22) User=0.01s Sys=0.01s Real=0.01s
[2023-02-23T10:28:41.161+0700][gc,start      ] GC(23) Pause Young (Normal) (G1 Evacuation Pause)
[2023-02-23T10:28:41.161+0700][gc,task       ] GC(23) Using 13 workers of 13 for evacuation
[2023-02-23T10:28:41.163+0700][gc,phases     ] GC(23)   Pre Evacuate Collection Set: 0.0ms
[2023-02-23T10:28:41.163+0700][gc,phases     ] GC(23)   Evacuate Collection Set: 1.5ms
[2023-02-23T10:28:41.163+0700][gc,phases     ] GC(23)   Post Evacuate Collection Set: 0.5ms
[2023-02-23T10:28:41.163+0700][gc,phases     ] GC(23)   Other: 0.2ms
[2023-02-23T10:28:41.163+0700][gc,heap       ] GC(23) Eden regions: 612->0(612)
[2023-02-23T10:28:41.163+0700][gc,heap       ] GC(23) Survivor regions: 2->2(77)
[2023-02-23T10:28:41.163+0700][gc,heap       ] GC(23) Old regions: 18->18
[2023-02-23T10:28:41.163+0700][gc,heap       ] GC(23) Humongous regions: 129->129
[2023-02-23T10:28:41.163+0700][gc,metaspace  ] GC(23) Metaspace: 44214K(47104K)->44214K(47104K) NonClass: 38655K(40192K)->38655K(40192K) Class: 5558K(6912K)->5558K(6912K)
[2023-02-23T10:28:41.163+0700][gc            ] GC(23) Pause Young (Normal) (G1 Evacuation Pause) 759M->146M(1024M) 2.244ms
[2023-02-23T10:28:41.163+0700][gc,cpu        ] GC(23) User=0.01s Sys=0.01s Real=0.00s
[2023-02-23T10:28:47.323+0700][gc,start      ] GC(24) Pause Young (Normal) (G1 Evacuation Pause)
[2023-02-23T10:28:47.323+0700][gc,task       ] GC(24) Using 13 workers of 13 for evacuation
[2023-02-23T10:28:47.324+0700][gc,phases     ] GC(24)   Pre Evacuate Collection Set: 0.0ms
[2023-02-23T10:28:47.324+0700][gc,phases     ] GC(24)   Evacuate Collection Set: 1.0ms
[2023-02-23T10:28:47.324+0700][gc,phases     ] GC(24)   Post Evacuate Collection Set: 0.5ms
[2023-02-23T10:28:47.325+0700][gc,phases     ] GC(24)   Other: 0.2ms
[2023-02-23T10:28:47.325+0700][gc,heap       ] GC(24) Eden regions: 612->0(612)
[2023-02-23T10:28:47.325+0700][gc,heap       ] GC(24) Survivor regions: 2->2(77)
[2023-02-23T10:28:47.325+0700][gc,heap       ] GC(24) Old regions: 18->18
[2023-02-23T10:28:47.325+0700][gc,heap       ] GC(24) Humongous regions: 129->129
[2023-02-23T10:28:47.325+0700][gc,metaspace  ] GC(24) Metaspace: 44214K(47104K)->44214K(47104K) NonClass: 38655K(40192K)->38655K(40192K) Class: 5558K(6912K)->5558K(6912K)
[2023-02-23T10:28:47.325+0700][gc            ] GC(24) Pause Young (Normal) (G1 Evacuation Pause) 758M->146M(1024M) 1.750ms
[2023-02-23T10:28:47.325+0700][gc,cpu        ] GC(24) User=0.00s Sys=0.01s Real=0.00s
[2023-02-23T10:28:53.741+0700][gc,start      ] GC(25) Pause Young (Normal) (G1 Evacuation Pause)
[2023-02-23T10:28:53.741+0700][gc,task       ] GC(25) Using 13 workers of 13 for evacuation
[2023-02-23T10:28:53.743+0700][gc,phases     ] GC(25)   Pre Evacuate Collection Set: 0.0ms
[2023-02-23T10:28:53.743+0700][gc,phases     ] GC(25)   Evacuate Collection Set: 1.4ms
[2023-02-23T10:28:53.743+0700][gc,phases     ] GC(25)   Post Evacuate Collection Set: 0.5ms
[2023-02-23T10:28:53.743+0700][gc,phases     ] GC(25)   Other: 0.2ms
[2023-02-23T10:28:53.743+0700][gc,heap       ] GC(25) Eden regions: 612->0(612)
[2023-02-23T10:28:53.743+0700][gc,heap       ] GC(25) Survivor regions: 2->2(77)
[2023-02-23T10:28:53.743+0700][gc,heap       ] GC(25) Old regions: 18->18
[2023-02-23T10:28:53.743+0700][gc,heap       ] GC(25) Humongous regions: 129->129
[2023-02-23T10:28:53.743+0700][gc,metaspace  ] GC(25) Metaspace: 44214K(47104K)->44214K(47104K) NonClass: 38655K(40192K)->38655K(40192K) Class: 5558K(6912K)->5558K(6912K)
[2023-02-23T10:28:53.743+0700][gc            ] GC(25) Pause Young (Normal) (G1 Evacuation Pause) 758M->147M(1024M) 2.229ms
[2023-02-23T10:28:53.743+0700][gc,cpu        ] GC(25) User=0.02s Sys=0.01s Real=0.00s
[2023-02-23T10:29:00.800+0700][gc,start      ] GC(26) Pause Young (Normal) (G1 Evacuation Pause)
[2023-02-23T10:29:00.800+0700][gc,task       ] GC(26) Using 13 workers of 13 for evacuation
[2023-02-23T10:29:00.802+0700][gc,phases     ] GC(26)   Pre Evacuate Collection Set: 0.0ms
[2023-02-23T10:29:00.802+0700][gc,phases     ] GC(26)   Evacuate Collection Set: 1.0ms
[2023-02-23T10:29:00.802+0700][gc,phases     ] GC(26)   Post Evacuate Collection Set: 0.5ms
[2023-02-23T10:29:00.802+0700][gc,phases     ] GC(26)   Other: 0.2ms
[2023-02-23T10:29:00.802+0700][gc,heap       ] GC(26) Eden regions: 612->0(612)
[2023-02-23T10:29:00.802+0700][gc,heap       ] GC(26) Survivor regions: 2->2(77)
[2023-02-23T10:29:00.802+0700][gc,heap       ] GC(26) Old regions: 18->18
[2023-02-23T10:29:00.802+0700][gc,heap       ] GC(26) Humongous regions: 129->129
[2023-02-23T10:29:00.802+0700][gc,metaspace  ] GC(26) Metaspace: 44214K(47104K)->44214K(47104K) NonClass: 38655K(40192K)->38655K(40192K) Class: 5558K(6912K)->5558K(6912K)
[2023-02-23T10:29:00.802+0700][gc            ] GC(26) Pause Young (Normal) (G1 Evacuation Pause) 759M->147M(1024M) 1.791ms
[2023-02-23T10:29:00.802+0700][gc,cpu        ] GC(26) User=0.01s Sys=0.01s Real=0.00s
[2023-02-23T10:29:07.445+0700][gc,start      ] GC(27) Pause Young (Normal) (G1 Evacuation Pause)
[2023-02-23T10:29:07.445+0700][gc,task       ] GC(27) Using 13 workers of 13 for evacuation
[2023-02-23T10:29:07.447+0700][gc,phases     ] GC(27)   Pre Evacuate Collection Set: 0.0ms
[2023-02-23T10:29:07.447+0700][gc,phases     ] GC(27)   Evacuate Collection Set: 1.2ms
[2023-02-23T10:29:07.447+0700][gc,phases     ] GC(27)   Post Evacuate Collection Set: 0.5ms
[2023-02-23T10:29:07.447+0700][gc,phases     ] GC(27)   Other: 0.2ms
[2023-02-23T10:29:07.447+0700][gc,heap       ] GC(27) Eden regions: 612->0(612)
[2023-02-23T10:29:07.447+0700][gc,heap       ] GC(27) Survivor regions: 2->2(77)
[2023-02-23T10:29:07.447+0700][gc,heap       ] GC(27) Old regions: 18->18
[2023-02-23T10:29:07.447+0700][gc,heap       ] GC(27) Humongous regions: 129->129
[2023-02-23T10:29:07.447+0700][gc,metaspace  ] GC(27) Metaspace: 44214K(47104K)->44214K(47104K) NonClass: 38655K(40192K)->38655K(40192K) Class: 5558K(6912K)->5558K(6912K)
[2023-02-23T10:29:07.447+0700][gc            ] GC(27) Pause Young (Normal) (G1 Evacuation Pause) 759M->147M(1024M) 1.996ms
[2023-02-23T10:29:07.447+0700][gc,cpu        ] GC(27) User=0.01s Sys=0.00s Real=0.00s
[2023-02-23T10:29:13.924+0700][gc,start      ] GC(28) Pause Young (Normal) (G1 Evacuation Pause)
[2023-02-23T10:29:13.924+0700][gc,task       ] GC(28) Using 13 workers of 13 for evacuation
[2023-02-23T10:29:13.926+0700][gc,phases     ] GC(28)   Pre Evacuate Collection Set: 0.0ms
[2023-02-23T10:29:13.926+0700][gc,phases     ] GC(28)   Evacuate Collection Set: 1.0ms
[2023-02-23T10:29:13.926+0700][gc,phases     ] GC(28)   Post Evacuate Collection Set: 0.5ms
[2023-02-23T10:29:13.926+0700][gc,phases     ] GC(28)   Other: 0.2ms
[2023-02-23T10:29:13.926+0700][gc,heap       ] GC(28) Eden regions: 612->0(611)
[2023-02-23T10:29:13.926+0700][gc,heap       ] GC(28) Survivor regions: 2->3(77)
[2023-02-23T10:29:13.926+0700][gc,heap       ] GC(28) Old regions: 18->18
[2023-02-23T10:29:13.926+0700][gc,heap       ] GC(28) Humongous regions: 129->129
[2023-02-23T10:29:13.926+0700][gc,metaspace  ] GC(28) Metaspace: 44219K(47104K)->44219K(47104K) NonClass: 38659K(40192K)->38659K(40192K) Class: 5559K(6912K)->5559K(6912K)
[2023-02-23T10:29:13.926+0700][gc            ] GC(28) Pause Young (Normal) (G1 Evacuation Pause) 759M->147M(1024M) 1.807ms
[2023-02-23T10:29:13.926+0700][gc,cpu        ] GC(28) User=0.01s Sys=0.01s Real=0.00s
[2023-02-23T10:29:20.396+0700][gc,start      ] GC(29) Pause Young (Normal) (G1 Evacuation Pause)
[2023-02-23T10:29:20.396+0700][gc,task       ] GC(29) Using 13 workers of 13 for evacuation
[2023-02-23T10:29:20.398+0700][gc,phases     ] GC(29)   Pre Evacuate Collection Set: 0.0ms
[2023-02-23T10:29:20.398+0700][gc,phases     ] GC(29)   Evacuate Collection Set: 1.6ms
[2023-02-23T10:29:20.398+0700][gc,phases     ] GC(29)   Post Evacuate Collection Set: 0.4ms
[2023-02-23T10:29:20.398+0700][gc,phases     ] GC(29)   Other: 0.2ms
[2023-02-23T10:29:20.398+0700][gc,heap       ] GC(29) Eden regions: 611->0(611)
[2023-02-23T10:29:20.398+0700][gc,heap       ] GC(29) Survivor regions: 3->3(77)
[2023-02-23T10:29:20.398+0700][gc,heap       ] GC(29) Old regions: 18->18
[2023-02-23T10:29:20.399+0700][gc,heap       ] GC(29) Humongous regions: 129->129
[2023-02-23T10:29:20.399+0700][gc,metaspace  ] GC(29) Metaspace: 44220K(47104K)->44220K(47104K) NonClass: 38660K(40192K)->38660K(40192K) Class: 5559K(6912K)->5559K(6912K)
[2023-02-23T10:29:20.399+0700][gc            ] GC(29) Pause Young (Normal) (G1 Evacuation Pause) 758M->147M(1024M) 2.257ms
[2023-02-23T10:29:20.399+0700][gc,cpu        ] GC(29) User=0.01s Sys=0.01s Real=0.00s
[2023-02-23T10:29:27.283+0700][gc,start      ] GC(30) Pause Young (Normal) (G1 Evacuation Pause)
[2023-02-23T10:29:27.283+0700][gc,task       ] GC(30) Using 13 workers of 13 for evacuation
[2023-02-23T10:29:27.285+0700][gc,phases     ] GC(30)   Pre Evacuate Collection Set: 0.0ms
[2023-02-23T10:29:27.285+0700][gc,phases     ] GC(30)   Evacuate Collection Set: 1.7ms
[2023-02-23T10:29:27.285+0700][gc,phases     ] GC(30)   Post Evacuate Collection Set: 0.5ms
[2023-02-23T10:29:27.285+0700][gc,phases     ] GC(30)   Other: 0.2ms
[2023-02-23T10:29:27.285+0700][gc,heap       ] GC(30) Eden regions: 611->0(611)
[2023-02-23T10:29:27.285+0700][gc,heap       ] GC(30) Survivor regions: 3->3(77)
[2023-02-23T10:29:27.285+0700][gc,heap       ] GC(30) Old regions: 18->18
[2023-02-23T10:29:27.285+0700][gc,heap       ] GC(30) Humongous regions: 129->129
[2023-02-23T10:29:27.285+0700][gc,metaspace  ] GC(30) Metaspace: 44220K(47104K)->44220K(47104K) NonClass: 38660K(40192K)->38660K(40192K) Class: 5559K(6912K)->5559K(6912K)
[2023-02-23T10:29:27.285+0700][gc            ] GC(30) Pause Young (Normal) (G1 Evacuation Pause) 758M->147M(1024M) 2.415ms
[2023-02-23T10:29:27.285+0700][gc,cpu        ] GC(30) User=0.02s Sys=0.00s Real=0.00s
[2023-02-23T10:29:34.651+0700][gc,start      ] GC(31) Pause Young (Normal) (G1 Evacuation Pause)
[2023-02-23T10:29:34.651+0700][gc,task       ] GC(31) Using 13 workers of 13 for evacuation
[2023-02-23T10:29:34.654+0700][gc,phases     ] GC(31)   Pre Evacuate Collection Set: 0.0ms
[2023-02-23T10:29:34.654+0700][gc,phases     ] GC(31)   Evacuate Collection Set: 2.7ms
[2023-02-23T10:29:34.654+0700][gc,phases     ] GC(31)   Post Evacuate Collection Set: 0.5ms
[2023-02-23T10:29:34.654+0700][gc,phases     ] GC(31)   Other: 0.2ms
[2023-02-23T10:29:34.654+0700][gc,heap       ] GC(31) Eden regions: 611->0(611)
[2023-02-23T10:29:34.654+0700][gc,heap       ] GC(31) Survivor regions: 3->3(77)
[2023-02-23T10:29:34.654+0700][gc,heap       ] GC(31) Old regions: 18->18
[2023-02-23T10:29:34.654+0700][gc,heap       ] GC(31) Humongous regions: 129->129
[2023-02-23T10:29:34.654+0700][gc,metaspace  ] GC(31) Metaspace: 44220K(47104K)->44220K(47104K) NonClass: 38660K(40192K)->38660K(40192K) Class: 5559K(6912K)->5559K(6912K)
[2023-02-23T10:29:34.654+0700][gc            ] GC(31) Pause Young (Normal) (G1 Evacuation Pause) 758M->148M(1024M) 3.598ms
[2023-02-23T10:29:34.654+0700][gc,cpu        ] GC(31) User=0.03s Sys=0.00s Real=0.01s
[2023-02-23T10:29:42.273+0700][gc,start      ] GC(32) Pause Young (Normal) (G1 Evacuation Pause)
[2023-02-23T10:29:42.273+0700][gc,task       ] GC(32) Using 13 workers of 13 for evacuation
[2023-02-23T10:29:42.276+0700][gc,phases     ] GC(32)   Pre Evacuate Collection Set: 0.0ms
[2023-02-23T10:29:42.276+0700][gc,phases     ] GC(32)   Evacuate Collection Set: 2.1ms
[2023-02-23T10:29:42.276+0700][gc,phases     ] GC(32)   Post Evacuate Collection Set: 0.6ms
[2023-02-23T10:29:42.276+0700][gc,phases     ] GC(32)   Other: 0.2ms
[2023-02-23T10:29:42.276+0700][gc,heap       ] GC(32) Eden regions: 611->0(610)
[2023-02-23T10:29:42.276+0700][gc,heap       ] GC(32) Survivor regions: 3->4(77)
[2023-02-23T10:29:42.276+0700][gc,heap       ] GC(32) Old regions: 18->18
[2023-02-23T10:29:42.276+0700][gc,heap       ] GC(32) Humongous regions: 129->129
[2023-02-23T10:29:42.276+0700][gc,metaspace  ] GC(32) Metaspace: 44220K(47104K)->44220K(47104K) NonClass: 38660K(40192K)->38660K(40192K) Class: 5559K(6912K)->5559K(6912K)
[2023-02-23T10:29:42.276+0700][gc            ] GC(32) Pause Young (Normal) (G1 Evacuation Pause) 759M->148M(1024M) 3.088ms
[2023-02-23T10:29:42.276+0700][gc,cpu        ] GC(32) User=0.02s Sys=0.00s Real=0.00s
[2023-02-23T10:29:49.890+0700][gc,start      ] GC(33) Pause Young (Normal) (G1 Evacuation Pause)
[2023-02-23T10:29:49.890+0700][gc,task       ] GC(33) Using 13 workers of 13 for evacuation
[2023-02-23T10:29:49.892+0700][gc,phases     ] GC(33)   Pre Evacuate Collection Set: 0.0ms
[2023-02-23T10:29:49.892+0700][gc,phases     ] GC(33)   Evacuate Collection Set: 1.6ms
[2023-02-23T10:29:49.892+0700][gc,phases     ] GC(33)   Post Evacuate Collection Set: 0.5ms
[2023-02-23T10:29:49.892+0700][gc,phases     ] GC(33)   Other: 0.2ms
[2023-02-23T10:29:49.892+0700][gc,heap       ] GC(33) Eden regions: 610->0(610)
[2023-02-23T10:29:49.892+0700][gc,heap       ] GC(33) Survivor regions: 4->4(77)
[2023-02-23T10:29:49.892+0700][gc,heap       ] GC(33) Old regions: 18->18
[2023-02-23T10:29:49.892+0700][gc,heap       ] GC(33) Humongous regions: 129->129
[2023-02-23T10:29:49.892+0700][gc,metaspace  ] GC(33) Metaspace: 44223K(47104K)->44223K(47104K) NonClass: 38663K(40192K)->38663K(40192K) Class: 5559K(6912K)->5559K(6912K)
[2023-02-23T10:29:49.892+0700][gc            ] GC(33) Pause Young (Normal) (G1 Evacuation Pause) 758M->148M(1024M) 2.498ms
[2023-02-23T10:29:49.892+0700][gc,cpu        ] GC(33) User=0.01s Sys=0.01s Real=0.01s
[2023-02-23T10:29:57.975+0700][gc,start      ] GC(34) Pause Young (Normal) (G1 Evacuation Pause)
[2023-02-23T10:29:57.975+0700][gc,task       ] GC(34) Using 13 workers of 13 for evacuation
[2023-02-23T10:29:57.977+0700][gc,phases     ] GC(34)   Pre Evacuate Collection Set: 0.0ms
[2023-02-23T10:29:57.977+0700][gc,phases     ] GC(34)   Evacuate Collection Set: 1.7ms
[2023-02-23T10:29:57.977+0700][gc,phases     ] GC(34)   Post Evacuate Collection Set: 0.6ms
[2023-02-23T10:29:57.977+0700][gc,phases     ] GC(34)   Other: 0.2ms
[2023-02-23T10:29:57.977+0700][gc,heap       ] GC(34) Eden regions: 610->0(610)
[2023-02-23T10:29:57.977+0700][gc,heap       ] GC(34) Survivor regions: 4->4(77)
[2023-02-23T10:29:57.977+0700][gc,heap       ] GC(34) Old regions: 18->18
[2023-02-23T10:29:57.977+0700][gc,heap       ] GC(34) Humongous regions: 129->129
[2023-02-23T10:29:57.977+0700][gc,metaspace  ] GC(34) Metaspace: 44223K(47104K)->44223K(47104K) NonClass: 38663K(40192K)->38663K(40192K) Class: 5559K(6912K)->5559K(6912K)
[2023-02-23T10:29:57.977+0700][gc            ] GC(34) Pause Young (Normal) (G1 Evacuation Pause) 758M->149M(1024M) 2.710ms
[2023-02-23T10:29:57.977+0700][gc,cpu        ] GC(34) User=0.03s Sys=0.00s Real=0.00s
[2023-02-23T10:30:05.305+0700][gc,start      ] GC(35) Pause Young (Normal) (G1 Evacuation Pause)
[2023-02-23T10:30:05.305+0700][gc,task       ] GC(35) Using 13 workers of 13 for evacuation
[2023-02-23T10:30:05.307+0700][gc,phases     ] GC(35)   Pre Evacuate Collection Set: 0.0ms
[2023-02-23T10:30:05.307+0700][gc,phases     ] GC(35)   Evacuate Collection Set: 1.4ms
[2023-02-23T10:30:05.307+0700][gc,phases     ] GC(35)   Post Evacuate Collection Set: 0.5ms
[2023-02-23T10:30:05.307+0700][gc,phases     ] GC(35)   Other: 0.2ms
[2023-02-23T10:30:05.307+0700][gc,heap       ] GC(35) Eden regions: 610->0(610)
[2023-02-23T10:30:05.307+0700][gc,heap       ] GC(35) Survivor regions: 4->4(77)
[2023-02-23T10:30:05.307+0700][gc,heap       ] GC(35) Old regions: 18->19
[2023-02-23T10:30:05.307+0700][gc,heap       ] GC(35) Humongous regions: 129->129
[2023-02-23T10:30:05.307+0700][gc,metaspace  ] GC(35) Metaspace: 44223K(47104K)->44223K(47104K) NonClass: 38663K(40192K)->38663K(40192K) Class: 5559K(6912K)->5559K(6912K)
[2023-02-23T10:30:05.307+0700][gc            ] GC(35) Pause Young (Normal) (G1 Evacuation Pause) 759M->149M(1024M) 2.247ms
[2023-02-23T10:30:05.307+0700][gc,cpu        ] GC(35) User=0.01s Sys=0.01s Real=0.00s
[2023-02-23T10:30:12.013+0700][gc,start      ] GC(36) Pause Young (Normal) (G1 Evacuation Pause)
[2023-02-23T10:30:12.013+0700][gc,task       ] GC(36) Using 13 workers of 13 for evacuation
[2023-02-23T10:30:12.015+0700][gc,phases     ] GC(36)   Pre Evacuate Collection Set: 0.0ms
[2023-02-23T10:30:12.015+0700][gc,phases     ] GC(36)   Evacuate Collection Set: 1.6ms
[2023-02-23T10:30:12.015+0700][gc,phases     ] GC(36)   Post Evacuate Collection Set: 0.6ms
[2023-02-23T10:30:12.015+0700][gc,phases     ] GC(36)   Other: 0.2ms
[2023-02-23T10:30:12.015+0700][gc,heap       ] GC(36) Eden regions: 610->0(610)
[2023-02-23T10:30:12.015+0700][gc,heap       ] GC(36) Survivor regions: 4->4(77)
[2023-02-23T10:30:12.015+0700][gc,heap       ] GC(36) Old regions: 19->19
[2023-02-23T10:30:12.015+0700][gc,heap       ] GC(36) Humongous regions: 129->129
[2023-02-23T10:30:12.015+0700][gc,metaspace  ] GC(36) Metaspace: 44223K(47104K)->44223K(47104K) NonClass: 38663K(40192K)->38663K(40192K) Class: 5559K(6912K)->5559K(6912K)
[2023-02-23T10:30:12.015+0700][gc            ] GC(36) Pause Young (Normal) (G1 Evacuation Pause) 759M->149M(1024M) 2.521ms
[2023-02-23T10:30:12.015+0700][gc,cpu        ] GC(36) User=0.01s Sys=0.01s Real=0.00s
[2023-02-23T10:30:18.963+0700][gc,start      ] GC(37) Pause Young (Normal) (G1 Evacuation Pause)
[2023-02-23T10:30:18.963+0700][gc,task       ] GC(37) Using 13 workers of 13 for evacuation
[2023-02-23T10:30:18.966+0700][gc,phases     ] GC(37)   Pre Evacuate Collection Set: 0.0ms
[2023-02-23T10:30:18.966+0700][gc,phases     ] GC(37)   Evacuate Collection Set: 2.1ms
[2023-02-23T10:30:18.966+0700][gc,phases     ] GC(37)   Post Evacuate Collection Set: 0.5ms
[2023-02-23T10:30:18.966+0700][gc,phases     ] GC(37)   Other: 0.2ms
[2023-02-23T10:30:18.966+0700][gc,heap       ] GC(37) Eden regions: 610->0(609)
[2023-02-23T10:30:18.966+0700][gc,heap       ] GC(37) Survivor regions: 4->5(77)
[2023-02-23T10:30:18.966+0700][gc,heap       ] GC(37) Old regions: 19->19
[2023-02-23T10:30:18.966+0700][gc,heap       ] GC(37) Humongous regions: 129->129
[2023-02-23T10:30:18.966+0700][gc,metaspace  ] GC(37) Metaspace: 44223K(47104K)->44223K(47104K) NonClass: 38663K(40192K)->38663K(40192K) Class: 5559K(6912K)->5559K(6912K)
[2023-02-23T10:30:18.966+0700][gc            ] GC(37) Pause Young (Normal) (G1 Evacuation Pause) 759M->150M(1024M) 2.974ms
[2023-02-23T10:30:18.966+0700][gc,cpu        ] GC(37) User=0.01s Sys=0.02s Real=0.00s
[2023-02-23T10:30:25.813+0700][gc,start      ] GC(38) Pause Young (Normal) (G1 Evacuation Pause)
[2023-02-23T10:30:25.813+0700][gc,task       ] GC(38) Using 13 workers of 13 for evacuation
[2023-02-23T10:30:25.816+0700][gc,phases     ] GC(38)   Pre Evacuate Collection Set: 0.0ms
[2023-02-23T10:30:25.816+0700][gc,phases     ] GC(38)   Evacuate Collection Set: 2.3ms
[2023-02-23T10:30:25.816+0700][gc,phases     ] GC(38)   Post Evacuate Collection Set: 0.5ms
[2023-02-23T10:30:25.816+0700][gc,phases     ] GC(38)   Other: 0.2ms
[2023-02-23T10:30:25.816+0700][gc,heap       ] GC(38) Eden regions: 609->0(609)
[2023-02-23T10:30:25.816+0700][gc,heap       ] GC(38) Survivor regions: 5->5(77)
[2023-02-23T10:30:25.816+0700][gc,heap       ] GC(38) Old regions: 19->19
[2023-02-23T10:30:25.816+0700][gc,heap       ] GC(38) Humongous regions: 129->129
[2023-02-23T10:30:25.816+0700][gc,metaspace  ] GC(38) Metaspace: 44223K(47104K)->44223K(47104K) NonClass: 38663K(40192K)->38663K(40192K) Class: 5559K(6912K)->5559K(6912K)
[2023-02-23T10:30:25.816+0700][gc            ] GC(38) Pause Young (Normal) (G1 Evacuation Pause) 759M->150M(1024M) 3.093ms
[2023-02-23T10:30:25.816+0700][gc,cpu        ] GC(38) User=0.03s Sys=0.00s Real=0.00s
[2023-02-23T10:30:32.904+0700][gc,start      ] GC(39) Pause Young (Normal) (G1 Evacuation Pause)
[2023-02-23T10:30:32.905+0700][gc,task       ] GC(39) Using 13 workers of 13 for evacuation
[2023-02-23T10:30:32.907+0700][gc,phases     ] GC(39)   Pre Evacuate Collection Set: 0.0ms
[2023-02-23T10:30:32.907+0700][gc,phases     ] GC(39)   Evacuate Collection Set: 1.7ms
[2023-02-23T10:30:32.907+0700][gc,phases     ] GC(39)   Post Evacuate Collection Set: 0.5ms
[2023-02-23T10:30:32.907+0700][gc,phases     ] GC(39)   Other: 0.5ms
[2023-02-23T10:30:32.907+0700][gc,heap       ] GC(39) Eden regions: 609->0(609)
[2023-02-23T10:30:32.907+0700][gc,heap       ] GC(39) Survivor regions: 5->5(77)
[2023-02-23T10:30:32.907+0700][gc,heap       ] GC(39) Old regions: 19->19
[2023-02-23T10:30:32.907+0700][gc,heap       ] GC(39) Humongous regions: 129->129
[2023-02-23T10:30:32.907+0700][gc,metaspace  ] GC(39) Metaspace: 44223K(47104K)->44223K(47104K) NonClass: 38663K(40192K)->38663K(40192K) Class: 5559K(6912K)->5559K(6912K)
[2023-02-23T10:30:32.907+0700][gc            ] GC(39) Pause Young (Normal) (G1 Evacuation Pause) 759M->150M(1024M) 2.758ms
[2023-02-23T10:30:32.907+0700][gc,cpu        ] GC(39) User=0.01s Sys=0.01s Real=0.00s
[2023-02-23T10:30:39.686+0700][gc,start      ] GC(40) Pause Young (Normal) (G1 Evacuation Pause)
[2023-02-23T10:30:39.686+0700][gc,task       ] GC(40) Using 13 workers of 13 for evacuation
[2023-02-23T10:30:39.688+0700][gc,phases     ] GC(40)   Pre Evacuate Collection Set: 0.0ms
[2023-02-23T10:30:39.688+0700][gc,phases     ] GC(40)   Evacuate Collection Set: 1.6ms
[2023-02-23T10:30:39.688+0700][gc,phases     ] GC(40)   Post Evacuate Collection Set: 0.6ms
[2023-02-23T10:30:39.688+0700][gc,phases     ] GC(40)   Other: 0.2ms
[2023-02-23T10:30:39.688+0700][gc,heap       ] GC(40) Eden regions: 609->0(609)
[2023-02-23T10:30:39.688+0700][gc,heap       ] GC(40) Survivor regions: 5->5(77)
[2023-02-23T10:30:39.688+0700][gc,heap       ] GC(40) Old regions: 19->19
[2023-02-23T10:30:39.688+0700][gc,heap       ] GC(40) Humongous regions: 129->129
[2023-02-23T10:30:39.688+0700][gc,metaspace  ] GC(40) Metaspace: 44223K(47104K)->44223K(47104K) NonClass: 38663K(40192K)->38663K(40192K) Class: 5559K(6912K)->5559K(6912K)
[2023-02-23T10:30:39.688+0700][gc            ] GC(40) Pause Young (Normal) (G1 Evacuation Pause) 759M->150M(1024M) 2.528ms
[2023-02-23T10:30:39.688+0700][gc,cpu        ] GC(40) User=0.00s Sys=0.02s Real=0.00s
[2023-02-23T10:30:46.650+0700][gc,start      ] GC(41) Pause Young (Normal) (G1 Evacuation Pause)
[2023-02-23T10:30:46.650+0700][gc,task       ] GC(41) Using 13 workers of 13 for evacuation
[2023-02-23T10:30:46.652+0700][gc,phases     ] GC(41)   Pre Evacuate Collection Set: 0.0ms
[2023-02-23T10:30:46.652+0700][gc,phases     ] GC(41)   Evacuate Collection Set: 1.7ms
[2023-02-23T10:30:46.652+0700][gc,phases     ] GC(41)   Post Evacuate Collection Set: 0.5ms
[2023-02-23T10:30:46.652+0700][gc,phases     ] GC(41)   Other: 0.2ms
[2023-02-23T10:30:46.652+0700][gc,heap       ] GC(41) Eden regions: 609->0(609)
[2023-02-23T10:30:46.652+0700][gc,heap       ] GC(41) Survivor regions: 5->5(77)
[2023-02-23T10:30:46.652+0700][gc,heap       ] GC(41) Old regions: 19->20
[2023-02-23T10:30:46.652+0700][gc,heap       ] GC(41) Humongous regions: 129->129
[2023-02-23T10:30:46.652+0700][gc,metaspace  ] GC(41) Metaspace: 44224K(47104K)->44224K(47104K) NonClass: 38664K(40192K)->38664K(40192K) Class: 5559K(6912K)->5559K(6912K)
[2023-02-23T10:30:46.652+0700][gc            ] GC(41) Pause Young (Normal) (G1 Evacuation Pause) 759M->151M(1024M) 2.474ms
[2023-02-23T10:30:46.652+0700][gc,cpu        ] GC(41) User=0.01s Sys=0.01s Real=0.01s
[2023-02-23T10:30:53.551+0700][gc,start      ] GC(42) Pause Young (Normal) (G1 Evacuation Pause)
[2023-02-23T10:30:53.551+0700][gc,task       ] GC(42) Using 13 workers of 13 for evacuation
[2023-02-23T10:30:53.554+0700][gc,phases     ] GC(42)   Pre Evacuate Collection Set: 0.0ms
[2023-02-23T10:30:53.554+0700][gc,phases     ] GC(42)   Evacuate Collection Set: 2.2ms
[2023-02-23T10:30:53.554+0700][gc,phases     ] GC(42)   Post Evacuate Collection Set: 0.5ms
[2023-02-23T10:30:53.554+0700][gc,phases     ] GC(42)   Other: 0.2ms
[2023-02-23T10:30:53.554+0700][gc,heap       ] GC(42) Eden regions: 609->0(609)
[2023-02-23T10:30:53.554+0700][gc,heap       ] GC(42) Survivor regions: 5->5(77)
[2023-02-23T10:30:53.554+0700][gc,heap       ] GC(42) Old regions: 20->20
[2023-02-23T10:30:53.554+0700][gc,heap       ] GC(42) Humongous regions: 129->129
[2023-02-23T10:30:53.554+0700][gc,metaspace  ] GC(42) Metaspace: 44224K(47104K)->44224K(47104K) NonClass: 38664K(40192K)->38664K(40192K) Class: 5559K(6912K)->5559K(6912K)
[2023-02-23T10:30:53.554+0700][gc            ] GC(42) Pause Young (Normal) (G1 Evacuation Pause) 760M->151M(1024M) 3.017ms
[2023-02-23T10:30:53.554+0700][gc,cpu        ] GC(42) User=0.02s Sys=0.02s Real=0.00s
[2023-02-23T10:31:01.440+0700][gc,start      ] GC(43) Pause Young (Normal) (G1 Evacuation Pause)
[2023-02-23T10:31:01.441+0700][gc,task       ] GC(43) Using 13 workers of 13 for evacuation
[2023-02-23T10:31:01.443+0700][gc,phases     ] GC(43)   Pre Evacuate Collection Set: 0.0ms
[2023-02-23T10:31:01.443+0700][gc,phases     ] GC(43)   Evacuate Collection Set: 2.0ms
[2023-02-23T10:31:01.443+0700][gc,phases     ] GC(43)   Post Evacuate Collection Set: 0.6ms
[2023-02-23T10:31:01.443+0700][gc,phases     ] GC(43)   Other: 0.2ms
[2023-02-23T10:31:01.443+0700][gc,heap       ] GC(43) Eden regions: 609->0(609)
[2023-02-23T10:31:01.443+0700][gc,heap       ] GC(43) Survivor regions: 5->5(77)
[2023-02-23T10:31:01.443+0700][gc,heap       ] GC(43) Old regions: 20->20
[2023-02-23T10:31:01.443+0700][gc,heap       ] GC(43) Humongous regions: 129->129
[2023-02-23T10:31:01.443+0700][gc,metaspace  ] GC(43) Metaspace: 44224K(47104K)->44224K(47104K) NonClass: 38664K(40192K)->38664K(40192K) Class: 5559K(6912K)->5559K(6912K)
[2023-02-23T10:31:01.443+0700][gc            ] GC(43) Pause Young (Normal) (G1 Evacuation Pause) 760M->151M(1024M) 2.986ms
[2023-02-23T10:31:01.443+0700][gc,cpu        ] GC(43) User=0.01s Sys=0.01s Real=0.00s
[2023-02-23T10:31:08.554+0700][gc,start      ] GC(44) Pause Young (Normal) (G1 Evacuation Pause)
[2023-02-23T10:31:08.554+0700][gc,task       ] GC(44) Using 13 workers of 13 for evacuation
[2023-02-23T10:31:08.556+0700][gc,phases     ] GC(44)   Pre Evacuate Collection Set: 0.0ms
[2023-02-23T10:31:08.556+0700][gc,phases     ] GC(44)   Evacuate Collection Set: 2.0ms
[2023-02-23T10:31:08.556+0700][gc,phases     ] GC(44)   Post Evacuate Collection Set: 0.6ms
[2023-02-23T10:31:08.556+0700][gc,phases     ] GC(44)   Other: 0.3ms
[2023-02-23T10:31:08.557+0700][gc,heap       ] GC(44) Eden regions: 609->0(609)
[2023-02-23T10:31:08.557+0700][gc,heap       ] GC(44) Survivor regions: 5->5(77)
[2023-02-23T10:31:08.557+0700][gc,heap       ] GC(44) Old regions: 20->20
[2023-02-23T10:31:08.557+0700][gc,heap       ] GC(44) Humongous regions: 129->129
[2023-02-23T10:31:08.557+0700][gc,metaspace  ] GC(44) Metaspace: 44224K(47104K)->44224K(47104K) NonClass: 38664K(40192K)->38664K(40192K) Class: 5559K(6912K)->5559K(6912K)
[2023-02-23T10:31:08.557+0700][gc            ] GC(44) Pause Young (Normal) (G1 Evacuation Pause) 760M->151M(1024M) 3.022ms
[2023-02-23T10:31:08.557+0700][gc,cpu        ] GC(44) User=0.03s Sys=0.00s Real=0.00s
[2023-02-23T10:31:15.123+0700][gc,start      ] GC(45) Pause Young (Normal) (G1 Evacuation Pause)
[2023-02-23T10:31:15.123+0700][gc,task       ] GC(45) Using 13 workers of 13 for evacuation
[2023-02-23T10:31:15.128+0700][gc,phases     ] GC(45)   Pre Evacuate Collection Set: 0.0ms
[2023-02-23T10:31:15.128+0700][gc,phases     ] GC(45)   Evacuate Collection Set: 3.8ms
[2023-02-23T10:31:15.128+0700][gc,phases     ] GC(45)   Post Evacuate Collection Set: 0.9ms
[2023-02-23T10:31:15.128+0700][gc,phases     ] GC(45)   Other: 0.4ms
[2023-02-23T10:31:15.128+0700][gc,heap       ] GC(45) Eden regions: 609->0(609)
[2023-02-23T10:31:15.128+0700][gc,heap       ] GC(45) Survivor regions: 5->5(77)
[2023-02-23T10:31:15.128+0700][gc,heap       ] GC(45) Old regions: 20->21
[2023-02-23T10:31:15.128+0700][gc,heap       ] GC(45) Humongous regions: 129->129
[2023-02-23T10:31:15.128+0700][gc,metaspace  ] GC(45) Metaspace: 44224K(47104K)->44224K(47104K) NonClass: 38664K(40192K)->38664K(40192K) Class: 5559K(6912K)->5559K(6912K)
[2023-02-23T10:31:15.128+0700][gc            ] GC(45) Pause Young (Normal) (G1 Evacuation Pause) 760M->152M(1024M) 5.315ms
[2023-02-23T10:31:15.128+0700][gc,cpu        ] GC(45) User=0.03s Sys=0.02s Real=0.00s
[2023-02-23T10:31:22.492+0700][gc,start      ] GC(46) Pause Young (Normal) (G1 Evacuation Pause)
[2023-02-23T10:31:22.492+0700][gc,task       ] GC(46) Using 13 workers of 13 for evacuation
[2023-02-23T10:31:22.494+0700][gc,phases     ] GC(46)   Pre Evacuate Collection Set: 0.0ms
[2023-02-23T10:31:22.494+0700][gc,phases     ] GC(46)   Evacuate Collection Set: 2.1ms
[2023-02-23T10:31:22.495+0700][gc,phases     ] GC(46)   Post Evacuate Collection Set: 0.5ms
[2023-02-23T10:31:22.495+0700][gc,phases     ] GC(46)   Other: 0.2ms
[2023-02-23T10:31:22.495+0700][gc,heap       ] GC(46) Eden regions: 609->0(609)
[2023-02-23T10:31:22.495+0700][gc,heap       ] GC(46) Survivor regions: 5->5(77)
[2023-02-23T10:31:22.495+0700][gc,heap       ] GC(46) Old regions: 21->21
[2023-02-23T10:31:22.495+0700][gc,heap       ] GC(46) Humongous regions: 129->129
[2023-02-23T10:31:22.495+0700][gc,metaspace  ] GC(46) Metaspace: 44224K(47104K)->44224K(47104K) NonClass: 38664K(40192K)->38664K(40192K) Class: 5559K(6912K)->5559K(6912K)
[2023-02-23T10:31:22.495+0700][gc            ] GC(46) Pause Young (Normal) (G1 Evacuation Pause) 761M->152M(1024M) 2.940ms
[2023-02-23T10:31:22.495+0700][gc,cpu        ] GC(46) User=0.01s Sys=0.02s Real=0.00s
[2023-02-23T10:31:29.362+0700][gc,start      ] GC(47) Pause Young (Normal) (G1 Evacuation Pause)
[2023-02-23T10:31:29.362+0700][gc,task       ] GC(47) Using 13 workers of 13 for evacuation
[2023-02-23T10:31:29.365+0700][gc,phases     ] GC(47)   Pre Evacuate Collection Set: 0.0ms
[2023-02-23T10:31:29.365+0700][gc,phases     ] GC(47)   Evacuate Collection Set: 1.9ms
[2023-02-23T10:31:29.365+0700][gc,phases     ] GC(47)   Post Evacuate Collection Set: 0.5ms
[2023-02-23T10:31:29.365+0700][gc,phases     ] GC(47)   Other: 0.2ms
[2023-02-23T10:31:29.365+0700][gc,heap       ] GC(47) Eden regions: 609->0(609)
[2023-02-23T10:31:29.365+0700][gc,heap       ] GC(47) Survivor regions: 5->5(77)
[2023-02-23T10:31:29.365+0700][gc,heap       ] GC(47) Old regions: 21->21
[2023-02-23T10:31:29.365+0700][gc,heap       ] GC(47) Humongous regions: 129->129
[2023-02-23T10:31:29.365+0700][gc,metaspace  ] GC(47) Metaspace: 44224K(47104K)->44224K(47104K) NonClass: 38664K(40192K)->38664K(40192K) Class: 5559K(6912K)->5559K(6912K)
[2023-02-23T10:31:29.365+0700][gc            ] GC(47) Pause Young (Normal) (G1 Evacuation Pause) 761M->152M(1024M) 2.759ms
[2023-02-23T10:31:29.365+0700][gc,cpu        ] GC(47) User=0.03s Sys=0.00s Real=0.00s
[2023-02-23T10:31:36.424+0700][gc,start      ] GC(48) Pause Young (Normal) (G1 Evacuation Pause)
[2023-02-23T10:31:36.424+0700][gc,task       ] GC(48) Using 13 workers of 13 for evacuation
[2023-02-23T10:31:36.427+0700][gc,phases     ] GC(48)   Pre Evacuate Collection Set: 0.0ms
[2023-02-23T10:31:36.427+0700][gc,phases     ] GC(48)   Evacuate Collection Set: 2.0ms
[2023-02-23T10:31:36.427+0700][gc,phases     ] GC(48)   Post Evacuate Collection Set: 0.5ms
[2023-02-23T10:31:36.427+0700][gc,phases     ] GC(48)   Other: 0.2ms
[2023-02-23T10:31:36.427+0700][gc,heap       ] GC(48) Eden regions: 609->0(609)
[2023-02-23T10:31:36.427+0700][gc,heap       ] GC(48) Survivor regions: 5->5(77)
[2023-02-23T10:31:36.427+0700][gc,heap       ] GC(48) Old regions: 21->22
[2023-02-23T10:31:36.427+0700][gc,heap       ] GC(48) Humongous regions: 129->129
[2023-02-23T10:31:36.427+0700][gc,metaspace  ] GC(48) Metaspace: 44224K(47104K)->44224K(47104K) NonClass: 38664K(40192K)->38664K(40192K) Class: 5559K(6912K)->5559K(6912K)
[2023-02-23T10:31:36.427+0700][gc            ] GC(48) Pause Young (Normal) (G1 Evacuation Pause) 761M->153M(1024M) 2.868ms
[2023-02-23T10:31:36.427+0700][gc,cpu        ] GC(48) User=0.02s Sys=0.01s Real=0.00s
[2023-02-23T10:31:43.358+0700][gc,start      ] GC(49) Pause Young (Normal) (G1 Evacuation Pause)
[2023-02-23T10:31:43.358+0700][gc,task       ] GC(49) Using 13 workers of 13 for evacuation
[2023-02-23T10:31:43.361+0700][gc,phases     ] GC(49)   Pre Evacuate Collection Set: 0.0ms
[2023-02-23T10:31:43.361+0700][gc,phases     ] GC(49)   Evacuate Collection Set: 2.4ms
[2023-02-23T10:31:43.361+0700][gc,phases     ] GC(49)   Post Evacuate Collection Set: 0.5ms
[2023-02-23T10:31:43.361+0700][gc,phases     ] GC(49)   Other: 0.2ms
[2023-02-23T10:31:43.361+0700][gc,heap       ] GC(49) Eden regions: 609->0(609)
[2023-02-23T10:31:43.361+0700][gc,heap       ] GC(49) Survivor regions: 5->5(77)
[2023-02-23T10:31:43.361+0700][gc,heap       ] GC(49) Old regions: 22->22
[2023-02-23T10:31:43.361+0700][gc,heap       ] GC(49) Humongous regions: 129->129
[2023-02-23T10:31:43.361+0700][gc,metaspace  ] GC(49) Metaspace: 44224K(47104K)->44224K(47104K) NonClass: 38664K(40192K)->38664K(40192K) Class: 5559K(6912K)->5559K(6912K)
[2023-02-23T10:31:43.361+0700][gc            ] GC(49) Pause Young (Normal) (G1 Evacuation Pause) 762M->153M(1024M) 3.225ms
[2023-02-23T10:31:43.361+0700][gc,cpu        ] GC(49) User=0.04s Sys=0.00s Real=0.01s
[2023-02-23T10:32:36.750+0700][gc,start      ] GC(50) Pause Young (Normal) (G1 Evacuation Pause)
[2023-02-23T10:32:36.750+0700][gc,task       ] GC(50) Using 13 workers of 13 for evacuation
[2023-02-23T10:32:36.754+0700][gc,phases     ] GC(50)   Pre Evacuate Collection Set: 0.0ms
[2023-02-23T10:32:36.754+0700][gc,phases     ] GC(50)   Evacuate Collection Set: 3.1ms
[2023-02-23T10:32:36.754+0700][gc,phases     ] GC(50)   Post Evacuate Collection Set: 0.8ms
[2023-02-23T10:32:36.754+0700][gc,phases     ] GC(50)   Other: 0.3ms
[2023-02-23T10:32:36.754+0700][gc,heap       ] GC(50) Eden regions: 609->0(609)
[2023-02-23T10:32:36.754+0700][gc,heap       ] GC(50) Survivor regions: 5->5(77)
[2023-02-23T10:32:36.754+0700][gc,heap       ] GC(50) Old regions: 22->22
[2023-02-23T10:32:36.754+0700][gc,heap       ] GC(50) Humongous regions: 129->129
[2023-02-23T10:32:36.754+0700][gc,metaspace  ] GC(50) Metaspace: 44224K(47104K)->44224K(47104K) NonClass: 38664K(40192K)->38664K(40192K) Class: 5559K(6912K)->5559K(6912K)
[2023-02-23T10:32:36.754+0700][gc            ] GC(50) Pause Young (Normal) (G1 Evacuation Pause) 762M->153M(1024M) 4.283ms
[2023-02-23T10:32:36.754+0700][gc,cpu        ] GC(50) User=0.04s Sys=0.00s Real=0.01s
[2023-02-23T10:32:52.013+0700][gc,start      ] GC(51) Pause Young (Normal) (G1 Evacuation Pause)
[2023-02-23T10:32:52.013+0700][gc,task       ] GC(51) Using 13 workers of 13 for evacuation
[2023-02-23T10:32:52.016+0700][gc,phases     ] GC(51)   Pre Evacuate Collection Set: 0.0ms
[2023-02-23T10:32:52.016+0700][gc,phases     ] GC(51)   Evacuate Collection Set: 2.4ms
[2023-02-23T10:32:52.016+0700][gc,phases     ] GC(51)   Post Evacuate Collection Set: 0.5ms
[2023-02-23T10:32:52.016+0700][gc,phases     ] GC(51)   Other: 0.2ms
[2023-02-23T10:32:52.016+0700][gc,heap       ] GC(51) Eden regions: 609->0(609)
[2023-02-23T10:32:52.016+0700][gc,heap       ] GC(51) Survivor regions: 5->5(77)
[2023-02-23T10:32:52.016+0700][gc,heap       ] GC(51) Old regions: 22->23
[2023-02-23T10:32:52.016+0700][gc,heap       ] GC(51) Humongous regions: 129->129
[2023-02-23T10:32:52.016+0700][gc,metaspace  ] GC(51) Metaspace: 44225K(47104K)->44225K(47104K) NonClass: 38665K(40192K)->38665K(40192K) Class: 5559K(6912K)->5559K(6912K)
[2023-02-23T10:32:52.016+0700][gc            ] GC(51) Pause Young (Normal) (G1 Evacuation Pause) 762M->154M(1024M) 3.312ms
[2023-02-23T10:32:52.016+0700][gc,cpu        ] GC(51) User=0.01s Sys=0.02s Real=0.00s
[2023-02-23T10:33:08.471+0700][gc,start      ] GC(52) Pause Young (Normal) (G1 Evacuation Pause)
[2023-02-23T10:33:08.471+0700][gc,task       ] GC(52) Using 13 workers of 13 for evacuation
[2023-02-23T10:33:08.474+0700][gc,phases     ] GC(52)   Pre Evacuate Collection Set: 0.0ms
[2023-02-23T10:33:08.474+0700][gc,phases     ] GC(52)   Evacuate Collection Set: 2.4ms
[2023-02-23T10:33:08.474+0700][gc,phases     ] GC(52)   Post Evacuate Collection Set: 0.5ms
[2023-02-23T10:33:08.474+0700][gc,phases     ] GC(52)   Other: 0.2ms
[2023-02-23T10:33:08.474+0700][gc,heap       ] GC(52) Eden regions: 609->0(609)
[2023-02-23T10:33:08.474+0700][gc,heap       ] GC(52) Survivor regions: 5->5(77)
[2023-02-23T10:33:08.474+0700][gc,heap       ] GC(52) Old regions: 23->23
[2023-02-23T10:33:08.474+0700][gc,heap       ] GC(52) Humongous regions: 129->129
[2023-02-23T10:33:08.474+0700][gc,metaspace  ] GC(52) Metaspace: 44230K(47104K)->44230K(47104K) NonClass: 38670K(40192K)->38670K(40192K) Class: 5559K(6912K)->5559K(6912K)
[2023-02-23T10:33:08.474+0700][gc            ] GC(52) Pause Young (Normal) (G1 Evacuation Pause) 763M->154M(1024M) 3.190ms
[2023-02-23T10:33:08.474+0700][gc,cpu        ] GC(52) User=0.04s Sys=0.00s Real=0.01s
[2023-02-23T10:33:25.008+0700][gc,start      ] GC(53) Pause Young (Normal) (G1 Evacuation Pause)
[2023-02-23T10:33:25.008+0700][gc,task       ] GC(53) Using 13 workers of 13 for evacuation
[2023-02-23T10:33:25.012+0700][gc,phases     ] GC(53)   Pre Evacuate Collection Set: 0.0ms
[2023-02-23T10:33:25.012+0700][gc,phases     ] GC(53)   Evacuate Collection Set: 2.5ms
[2023-02-23T10:33:25.012+0700][gc,phases     ] GC(53)   Post Evacuate Collection Set: 0.6ms
[2023-02-23T10:33:25.012+0700][gc,phases     ] GC(53)   Other: 0.3ms
[2023-02-23T10:33:25.012+0700][gc,heap       ] GC(53) Eden regions: 609->0(609)
[2023-02-23T10:33:25.012+0700][gc,heap       ] GC(53) Survivor regions: 5->5(77)
[2023-02-23T10:33:25.012+0700][gc,heap       ] GC(53) Old regions: 23->23
[2023-02-23T10:33:25.012+0700][gc,heap       ] GC(53) Humongous regions: 129->129
[2023-02-23T10:33:25.012+0700][gc,metaspace  ] GC(53) Metaspace: 44233K(47104K)->44233K(47104K) NonClass: 38673K(40192K)->38673K(40192K) Class: 5559K(6912K)->5559K(6912K)
[2023-02-23T10:33:25.012+0700][gc            ] GC(53) Pause Young (Normal) (G1 Evacuation Pause) 763M->155M(1024M) 3.456ms
[2023-02-23T10:33:25.012+0700][gc,cpu        ] GC(53) User=0.04s Sys=0.00s Real=0.01s
[2023-02-23T10:33:32.233+0700][gc,start      ] GC(54) Pause Young (Normal) (G1 Evacuation Pause)
[2023-02-23T10:33:32.233+0700][gc,task       ] GC(54) Using 13 workers of 13 for evacuation
[2023-02-23T10:33:32.235+0700][gc,phases     ] GC(54)   Pre Evacuate Collection Set: 0.0ms
[2023-02-23T10:33:32.235+0700][gc,phases     ] GC(54)   Evacuate Collection Set: 2.1ms
[2023-02-23T10:33:32.235+0700][gc,phases     ] GC(54)   Post Evacuate Collection Set: 0.5ms
[2023-02-23T10:33:32.235+0700][gc,phases     ] GC(54)   Other: 0.2ms
[2023-02-23T10:33:32.235+0700][gc,heap       ] GC(54) Eden regions: 609->0(608)
[2023-02-23T10:33:32.235+0700][gc,heap       ] GC(54) Survivor regions: 5->6(77)
[2023-02-23T10:33:32.235+0700][gc,heap       ] GC(54) Old regions: 23->23
[2023-02-23T10:33:32.235+0700][gc,heap       ] GC(54) Humongous regions: 129->129
[2023-02-23T10:33:32.235+0700][gc,metaspace  ] GC(54) Metaspace: 44234K(47104K)->44234K(47104K) NonClass: 38675K(40192K)->38675K(40192K) Class: 5559K(6912K)->5559K(6912K)
[2023-02-23T10:33:32.235+0700][gc            ] GC(54) Pause Young (Normal) (G1 Evacuation Pause) 764M->155M(1024M) 2.958ms
[2023-02-23T10:33:32.236+0700][gc,cpu        ] GC(54) User=0.02s Sys=0.01s Real=0.00s
[2023-02-23T10:33:38.649+0700][gc,start      ] GC(55) Pause Young (Normal) (G1 Evacuation Pause)
[2023-02-23T10:33:38.649+0700][gc,task       ] GC(55) Using 13 workers of 13 for evacuation
[2023-02-23T10:33:38.652+0700][gc,phases     ] GC(55)   Pre Evacuate Collection Set: 0.0ms
[2023-02-23T10:33:38.652+0700][gc,phases     ] GC(55)   Evacuate Collection Set: 2.5ms
[2023-02-23T10:33:38.652+0700][gc,phases     ] GC(55)   Post Evacuate Collection Set: 0.5ms
[2023-02-23T10:33:38.652+0700][gc,phases     ] GC(55)   Other: 0.2ms
[2023-02-23T10:33:38.652+0700][gc,heap       ] GC(55) Eden regions: 608->0(608)
[2023-02-23T10:33:38.652+0700][gc,heap       ] GC(55) Survivor regions: 6->6(77)
[2023-02-23T10:33:38.652+0700][gc,heap       ] GC(55) Old regions: 23->24
[2023-02-23T10:33:38.652+0700][gc,heap       ] GC(55) Humongous regions: 129->129
[2023-02-23T10:33:38.652+0700][gc,metaspace  ] GC(55) Metaspace: 44248K(47104K)->44248K(47104K) NonClass: 38683K(40192K)->38683K(40192K) Class: 5565K(6912K)->5565K(6912K)
[2023-02-23T10:33:38.652+0700][gc            ] GC(55) Pause Young (Normal) (G1 Evacuation Pause) 763M->156M(1024M) 3.252ms
[2023-02-23T10:33:38.652+0700][gc,cpu        ] GC(55) User=0.01s Sys=0.01s Real=0.01s
[2023-02-23T10:33:44.754+0700][gc,start      ] GC(56) Pause Young (Normal) (G1 Evacuation Pause)
[2023-02-23T10:33:44.754+0700][gc,task       ] GC(56) Using 13 workers of 13 for evacuation
[2023-02-23T10:33:44.757+0700][gc,phases     ] GC(56)   Pre Evacuate Collection Set: 0.0ms
[2023-02-23T10:33:44.757+0700][gc,phases     ] GC(56)   Evacuate Collection Set: 2.6ms
[2023-02-23T10:33:44.757+0700][gc,phases     ] GC(56)   Post Evacuate Collection Set: 0.5ms
[2023-02-23T10:33:44.757+0700][gc,phases     ] GC(56)   Other: 0.2ms
[2023-02-23T10:33:44.757+0700][gc,heap       ] GC(56) Eden regions: 608->0(608)
[2023-02-23T10:33:44.757+0700][gc,heap       ] GC(56) Survivor regions: 6->6(77)
[2023-02-23T10:33:44.757+0700][gc,heap       ] GC(56) Old regions: 24->24
[2023-02-23T10:33:44.757+0700][gc,heap       ] GC(56) Humongous regions: 129->129
[2023-02-23T10:33:44.757+0700][gc,metaspace  ] GC(56) Metaspace: 44256K(47104K)->44256K(47104K) NonClass: 38690K(40192K)->38690K(40192K) Class: 5565K(6912K)->5565K(6912K)
[2023-02-23T10:33:44.757+0700][gc            ] GC(56) Pause Young (Normal) (G1 Evacuation Pause) 764M->156M(1024M) 3.328ms
[2023-02-23T10:33:44.757+0700][gc,cpu        ] GC(56) User=0.04s Sys=0.00s Real=0.00s
[2023-02-23T10:33:50.715+0700][gc,start      ] GC(57) Pause Young (Normal) (G1 Evacuation Pause)
[2023-02-23T10:33:50.715+0700][gc,task       ] GC(57) Using 13 workers of 13 for evacuation
[2023-02-23T10:33:50.718+0700][gc,phases     ] GC(57)   Pre Evacuate Collection Set: 0.0ms
[2023-02-23T10:33:50.718+0700][gc,phases     ] GC(57)   Evacuate Collection Set: 2.5ms
[2023-02-23T10:33:50.718+0700][gc,phases     ] GC(57)   Post Evacuate Collection Set: 0.5ms
[2023-02-23T10:33:50.718+0700][gc,phases     ] GC(57)   Other: 0.2ms
[2023-02-23T10:33:50.719+0700][gc,heap       ] GC(57) Eden regions: 608->0(608)
[2023-02-23T10:33:50.719+0700][gc,heap       ] GC(57) Survivor regions: 6->6(77)
[2023-02-23T10:33:50.719+0700][gc,heap       ] GC(57) Old regions: 24->24
[2023-02-23T10:33:50.719+0700][gc,heap       ] GC(57) Humongous regions: 129->129
[2023-02-23T10:33:50.719+0700][gc,metaspace  ] GC(57) Metaspace: 44256K(47104K)->44256K(47104K) NonClass: 38691K(40192K)->38691K(40192K) Class: 5565K(6912K)->5565K(6912K)
[2023-02-23T10:33:50.719+0700][gc            ] GC(57) Pause Young (Normal) (G1 Evacuation Pause) 764M->156M(1024M) 3.288ms
[2023-02-23T10:33:50.719+0700][gc,cpu        ] GC(57) User=0.02s Sys=0.02s Real=0.00s
[2023-02-23T10:33:57.292+0700][gc,start      ] GC(58) Pause Young (Normal) (G1 Evacuation Pause)
[2023-02-23T10:33:57.292+0700][gc,task       ] GC(58) Using 13 workers of 13 for evacuation
[2023-02-23T10:33:57.295+0700][gc,phases     ] GC(58)   Pre Evacuate Collection Set: 0.0ms
[2023-02-23T10:33:57.295+0700][gc,phases     ] GC(58)   Evacuate Collection Set: 2.3ms
[2023-02-23T10:33:57.295+0700][gc,phases     ] GC(58)   Post Evacuate Collection Set: 0.6ms
[2023-02-23T10:33:57.295+0700][gc,phases     ] GC(58)   Other: 0.2ms
[2023-02-23T10:33:57.295+0700][gc,heap       ] GC(58) Eden regions: 608->0(608)
[2023-02-23T10:33:57.295+0700][gc,heap       ] GC(58) Survivor regions: 6->6(77)
[2023-02-23T10:33:57.295+0700][gc,heap       ] GC(58) Old regions: 24->25
[2023-02-23T10:33:57.295+0700][gc,heap       ] GC(58) Humongous regions: 129->129
[2023-02-23T10:33:57.295+0700][gc,metaspace  ] GC(58) Metaspace: 44259K(47104K)->44259K(47104K) NonClass: 38694K(40192K)->38694K(40192K) Class: 5565K(6912K)->5565K(6912K)
[2023-02-23T10:33:57.295+0700][gc            ] GC(58) Pause Young (Normal) (G1 Evacuation Pause) 764M->157M(1024M) 3.167ms
[2023-02-23T10:33:57.295+0700][gc,cpu        ] GC(58) User=0.00s Sys=0.03s Real=0.00s
[2023-02-23T10:34:03.890+0700][gc,start      ] GC(59) Pause Young (Normal) (G1 Evacuation Pause)
[2023-02-23T10:34:03.890+0700][gc,task       ] GC(59) Using 13 workers of 13 for evacuation
[2023-02-23T10:34:03.894+0700][gc,phases     ] GC(59)   Pre Evacuate Collection Set: 0.0ms
[2023-02-23T10:34:03.894+0700][gc,phases     ] GC(59)   Evacuate Collection Set: 3.2ms
[2023-02-23T10:34:03.894+0700][gc,phases     ] GC(59)   Post Evacuate Collection Set: 0.5ms
[2023-02-23T10:34:03.894+0700][gc,phases     ] GC(59)   Other: 0.2ms
[2023-02-23T10:34:03.894+0700][gc,heap       ] GC(59) Eden regions: 608->0(608)
[2023-02-23T10:34:03.894+0700][gc,heap       ] GC(59) Survivor regions: 6->6(77)
[2023-02-23T10:34:03.894+0700][gc,heap       ] GC(59) Old regions: 25->25
[2023-02-23T10:34:03.894+0700][gc,heap       ] GC(59) Humongous regions: 129->129
[2023-02-23T10:34:03.894+0700][gc,metaspace  ] GC(59) Metaspace: 44269K(47104K)->44269K(47104K) NonClass: 38704K(40192K)->38704K(40192K) Class: 5565K(6912K)->5565K(6912K)
[2023-02-23T10:34:03.894+0700][gc            ] GC(59) Pause Young (Normal) (G1 Evacuation Pause) 765M->157M(1024M) 3.957ms
[2023-02-23T10:34:03.894+0700][gc,cpu        ] GC(59) User=0.03s Sys=0.00s Real=0.01s
[2023-02-23T10:34:10.475+0700][gc,start      ] GC(60) Pause Young (Normal) (G1 Evacuation Pause)
[2023-02-23T10:34:10.475+0700][gc,task       ] GC(60) Using 13 workers of 13 for evacuation
[2023-02-23T10:34:10.479+0700][gc,phases     ] GC(60)   Pre Evacuate Collection Set: 0.0ms
[2023-02-23T10:34:10.479+0700][gc,phases     ] GC(60)   Evacuate Collection Set: 2.7ms
[2023-02-23T10:34:10.479+0700][gc,phases     ] GC(60)   Post Evacuate Collection Set: 0.6ms
[2023-02-23T10:34:10.479+0700][gc,phases     ] GC(60)   Other: 0.3ms
[2023-02-23T10:34:10.479+0700][gc,heap       ] GC(60) Eden regions: 608->0(608)
[2023-02-23T10:34:10.479+0700][gc,heap       ] GC(60) Survivor regions: 6->6(77)
[2023-02-23T10:34:10.479+0700][gc,heap       ] GC(60) Old regions: 25->25
[2023-02-23T10:34:10.479+0700][gc,heap       ] GC(60) Humongous regions: 129->129
[2023-02-23T10:34:10.479+0700][gc,metaspace  ] GC(60) Metaspace: 44271K(47104K)->44271K(47104K) NonClass: 38705K(40192K)->38705K(40192K) Class: 5565K(6912K)->5565K(6912K)
[2023-02-23T10:34:10.479+0700][gc            ] GC(60) Pause Young (Normal) (G1 Evacuation Pause) 765M->158M(1024M) 3.726ms
[2023-02-23T10:34:10.479+0700][gc,cpu        ] GC(60) User=0.01s Sys=0.03s Real=0.01s
[2023-02-23T10:34:17.008+0700][gc,start      ] GC(61) Pause Young (Normal) (G1 Evacuation Pause)
[2023-02-23T10:34:17.008+0700][gc,task       ] GC(61) Using 13 workers of 13 for evacuation
[2023-02-23T10:34:17.012+0700][gc,phases     ] GC(61)   Pre Evacuate Collection Set: 0.0ms
[2023-02-23T10:34:17.012+0700][gc,phases     ] GC(61)   Evacuate Collection Set: 3.2ms
[2023-02-23T10:34:17.012+0700][gc,phases     ] GC(61)   Post Evacuate Collection Set: 0.6ms
[2023-02-23T10:34:17.012+0700][gc,phases     ] GC(61)   Other: 0.2ms
[2023-02-23T10:34:17.012+0700][gc,heap       ] GC(61) Eden regions: 608->0(608)
[2023-02-23T10:34:17.012+0700][gc,heap       ] GC(61) Survivor regions: 6->6(77)
[2023-02-23T10:34:17.012+0700][gc,heap       ] GC(61) Old regions: 25->25
[2023-02-23T10:34:17.012+0700][gc,heap       ] GC(61) Humongous regions: 129->129
[2023-02-23T10:34:17.012+0700][gc,metaspace  ] GC(61) Metaspace: 44271K(47104K)->44271K(47104K) NonClass: 38706K(40192K)->38706K(40192K) Class: 5565K(6912K)->5565K(6912K)
[2023-02-23T10:34:17.012+0700][gc            ] GC(61) Pause Young (Normal) (G1 Evacuation Pause) 766M->158M(1024M) 4.160ms
[2023-02-23T10:34:17.012+0700][gc,cpu        ] GC(61) User=0.03s Sys=0.00s Real=0.01s
[2023-02-23T10:34:23.470+0700][gc,start      ] GC(62) Pause Young (Normal) (G1 Evacuation Pause)
[2023-02-23T10:34:23.470+0700][gc,task       ] GC(62) Using 13 workers of 13 for evacuation
[2023-02-23T10:34:23.474+0700][gc,phases     ] GC(62)   Pre Evacuate Collection Set: 0.0ms
[2023-02-23T10:34:23.474+0700][gc,phases     ] GC(62)   Evacuate Collection Set: 2.8ms
[2023-02-23T10:34:23.474+0700][gc,phases     ] GC(62)   Post Evacuate Collection Set: 0.5ms
[2023-02-23T10:34:23.474+0700][gc,phases     ] GC(62)   Other: 0.2ms
[2023-02-23T10:34:23.474+0700][gc,heap       ] GC(62) Eden regions: 608->0(608)
[2023-02-23T10:34:23.474+0700][gc,heap       ] GC(62) Survivor regions: 6->6(77)
[2023-02-23T10:34:23.474+0700][gc,heap       ] GC(62) Old regions: 25->26
[2023-02-23T10:34:23.474+0700][gc,heap       ] GC(62) Humongous regions: 129->129
[2023-02-23T10:34:23.474+0700][gc,metaspace  ] GC(62) Metaspace: 44273K(47104K)->44273K(47104K) NonClass: 38707K(40192K)->38707K(40192K) Class: 5565K(6912K)->5565K(6912K)
[2023-02-23T10:34:23.474+0700][gc            ] GC(62) Pause Young (Normal) (G1 Evacuation Pause) 766M->158M(1024M) 3.678ms
[2023-02-23T10:34:23.474+0700][gc,cpu        ] GC(62) User=0.03s Sys=0.00s Real=0.01s
[2023-02-23T10:34:30.172+0700][gc,start      ] GC(63) Pause Young (Normal) (G1 Evacuation Pause)
[2023-02-23T10:34:30.172+0700][gc,task       ] GC(63) Using 13 workers of 13 for evacuation
[2023-02-23T10:34:30.176+0700][gc,phases     ] GC(63)   Pre Evacuate Collection Set: 0.0ms
[2023-02-23T10:34:30.176+0700][gc,phases     ] GC(63)   Evacuate Collection Set: 2.8ms
[2023-02-23T10:34:30.176+0700][gc,phases     ] GC(63)   Post Evacuate Collection Set: 0.5ms
[2023-02-23T10:34:30.176+0700][gc,phases     ] GC(63)   Other: 0.2ms
[2023-02-23T10:34:30.176+0700][gc,heap       ] GC(63) Eden regions: 608->0(608)
[2023-02-23T10:34:30.176+0700][gc,heap       ] GC(63) Survivor regions: 6->6(77)
[2023-02-23T10:34:30.176+0700][gc,heap       ] GC(63) Old regions: 26->26
[2023-02-23T10:34:30.176+0700][gc,heap       ] GC(63) Humongous regions: 129->129
[2023-02-23T10:34:30.176+0700][gc,metaspace  ] GC(63) Metaspace: 44282K(47104K)->44282K(47104K) NonClass: 38716K(40192K)->38716K(40192K) Class: 5565K(6912K)->5565K(6912K)
[2023-02-23T10:34:30.176+0700][gc            ] GC(63) Pause Young (Normal) (G1 Evacuation Pause) 766M->158M(1024M) 3.631ms
[2023-02-23T10:34:30.176+0700][gc,cpu        ] GC(63) User=0.01s Sys=0.02s Real=0.00s
[2023-02-23T10:34:36.563+0700][gc,start      ] GC(64) Pause Young (Normal) (G1 Evacuation Pause)
[2023-02-23T10:34:36.563+0700][gc,task       ] GC(64) Using 13 workers of 13 for evacuation
[2023-02-23T10:34:36.567+0700][gc,phases     ] GC(64)   Pre Evacuate Collection Set: 0.0ms
[2023-02-23T10:34:36.567+0700][gc,phases     ] GC(64)   Evacuate Collection Set: 3.1ms
[2023-02-23T10:34:36.567+0700][gc,phases     ] GC(64)   Post Evacuate Collection Set: 0.6ms
[2023-02-23T10:34:36.567+0700][gc,phases     ] GC(64)   Other: 0.3ms
[2023-02-23T10:34:36.567+0700][gc,heap       ] GC(64) Eden regions: 608->0(608)
[2023-02-23T10:34:36.567+0700][gc,heap       ] GC(64) Survivor regions: 6->6(77)
[2023-02-23T10:34:36.567+0700][gc,heap       ] GC(64) Old regions: 26->26
[2023-02-23T10:34:36.567+0700][gc,heap       ] GC(64) Humongous regions: 129->129
[2023-02-23T10:34:36.567+0700][gc,metaspace  ] GC(64) Metaspace: 44287K(47104K)->44287K(47104K) NonClass: 38721K(40192K)->38721K(40192K) Class: 5565K(6912K)->5565K(6912K)
[2023-02-23T10:34:36.567+0700][gc            ] GC(64) Pause Young (Normal) (G1 Evacuation Pause) 766M->159M(1024M) 4.174ms
[2023-02-23T10:34:36.567+0700][gc,cpu        ] GC(64) User=0.02s Sys=0.02s Real=0.00s
[2023-02-23T10:34:42.834+0700][gc,start      ] GC(65) Pause Young (Normal) (G1 Evacuation Pause)
[2023-02-23T10:34:42.834+0700][gc,task       ] GC(65) Using 13 workers of 13 for evacuation
[2023-02-23T10:34:42.838+0700][gc,phases     ] GC(65)   Pre Evacuate Collection Set: 0.0ms
[2023-02-23T10:34:42.838+0700][gc,phases     ] GC(65)   Evacuate Collection Set: 2.7ms
[2023-02-23T10:34:42.838+0700][gc,phases     ] GC(65)   Post Evacuate Collection Set: 0.5ms
[2023-02-23T10:34:42.838+0700][gc,phases     ] GC(65)   Other: 0.2ms
[2023-02-23T10:34:42.838+0700][gc,heap       ] GC(65) Eden regions: 608->0(608)
[2023-02-23T10:34:42.838+0700][gc,heap       ] GC(65) Survivor regions: 6->6(77)
[2023-02-23T10:34:42.838+0700][gc,heap       ] GC(65) Old regions: 26->27
[2023-02-23T10:34:42.838+0700][gc,heap       ] GC(65) Humongous regions: 129->129
[2023-02-23T10:34:42.838+0700][gc,metaspace  ] GC(65) Metaspace: 44287K(47104K)->44287K(47104K) NonClass: 38721K(40192K)->38721K(40192K) Class: 5565K(6912K)->5565K(6912K)
[2023-02-23T10:34:42.838+0700][gc            ] GC(65) Pause Young (Normal) (G1 Evacuation Pause) 767M->159M(1024M) 3.541ms
[2023-02-23T10:34:42.838+0700][gc,cpu        ] GC(65) User=0.03s Sys=0.00s Real=0.00s
[2023-02-23T10:34:49.199+0700][gc,start      ] GC(66) Pause Young (Normal) (G1 Evacuation Pause)
[2023-02-23T10:34:49.199+0700][gc,task       ] GC(66) Using 13 workers of 13 for evacuation
[2023-02-23T10:34:49.202+0700][gc,phases     ] GC(66)   Pre Evacuate Collection Set: 0.0ms
[2023-02-23T10:34:49.202+0700][gc,phases     ] GC(66)   Evacuate Collection Set: 2.6ms
[2023-02-23T10:34:49.202+0700][gc,phases     ] GC(66)   Post Evacuate Collection Set: 0.6ms
[2023-02-23T10:34:49.202+0700][gc,phases     ] GC(66)   Other: 0.3ms
[2023-02-23T10:34:49.202+0700][gc,heap       ] GC(66) Eden regions: 608->0(608)
[2023-02-23T10:34:49.202+0700][gc,heap       ] GC(66) Survivor regions: 6->6(77)
[2023-02-23T10:34:49.202+0700][gc,heap       ] GC(66) Old regions: 27->27
[2023-02-23T10:34:49.202+0700][gc,heap       ] GC(66) Humongous regions: 129->129
[2023-02-23T10:34:49.202+0700][gc,metaspace  ] GC(66) Metaspace: 44287K(47104K)->44287K(47104K) NonClass: 38721K(40192K)->38721K(40192K) Class: 5565K(6912K)->5565K(6912K)
[2023-02-23T10:34:49.202+0700][gc            ] GC(66) Pause Young (Normal) (G1 Evacuation Pause) 767M->159M(1024M) 3.552ms
[2023-02-23T10:34:49.202+0700][gc,cpu        ] GC(66) User=0.02s Sys=0.02s Real=0.01s
[2023-02-23T10:34:55.560+0700][gc,start      ] GC(67) Pause Young (Normal) (G1 Evacuation Pause)
[2023-02-23T10:34:55.560+0700][gc,task       ] GC(67) Using 13 workers of 13 for evacuation
[2023-02-23T10:34:55.564+0700][gc,phases     ] GC(67)   Pre Evacuate Collection Set: 0.0ms
[2023-02-23T10:34:55.564+0700][gc,phases     ] GC(67)   Evacuate Collection Set: 2.6ms
[2023-02-23T10:34:55.564+0700][gc,phases     ] GC(67)   Post Evacuate Collection Set: 0.5ms
[2023-02-23T10:34:55.564+0700][gc,phases     ] GC(67)   Other: 0.2ms
[2023-02-23T10:34:55.564+0700][gc,heap       ] GC(67) Eden regions: 608->0(608)
[2023-02-23T10:34:55.564+0700][gc,heap       ] GC(67) Survivor regions: 6->6(77)
[2023-02-23T10:34:55.564+0700][gc,heap       ] GC(67) Old regions: 27->28
[2023-02-23T10:34:55.564+0700][gc,heap       ] GC(67) Humongous regions: 129->129
[2023-02-23T10:34:55.564+0700][gc,metaspace  ] GC(67) Metaspace: 44287K(47104K)->44287K(47104K) NonClass: 38721K(40192K)->38721K(40192K) Class: 5565K(6912K)->5565K(6912K)
[2023-02-23T10:34:55.564+0700][gc            ] GC(67) Pause Young (Normal) (G1 Evacuation Pause) 767M->159M(1024M) 3.404ms
[2023-02-23T10:34:55.564+0700][gc,cpu        ] GC(67) User=0.00s Sys=0.04s Real=0.00s
[2023-02-23T10:35:01.861+0700][gc,start      ] GC(68) Pause Young (Normal) (G1 Evacuation Pause)
[2023-02-23T10:35:01.861+0700][gc,task       ] GC(68) Using 13 workers of 13 for evacuation
[2023-02-23T10:35:01.864+0700][gc,phases     ] GC(68)   Pre Evacuate Collection Set: 0.0ms
[2023-02-23T10:35:01.864+0700][gc,phases     ] GC(68)   Evacuate Collection Set: 2.2ms
[2023-02-23T10:35:01.864+0700][gc,phases     ] GC(68)   Post Evacuate Collection Set: 0.5ms
[2023-02-23T10:35:01.864+0700][gc,phases     ] GC(68)   Other: 0.2ms
[2023-02-23T10:35:01.864+0700][gc,heap       ] GC(68) Eden regions: 608->0(608)
[2023-02-23T10:35:01.864+0700][gc,heap       ] GC(68) Survivor regions: 6->6(77)
[2023-02-23T10:35:01.864+0700][gc,heap       ] GC(68) Old regions: 28->28
[2023-02-23T10:35:01.864+0700][gc,heap       ] GC(68) Humongous regions: 129->129
[2023-02-23T10:35:01.864+0700][gc,metaspace  ] GC(68) Metaspace: 44287K(47104K)->44287K(47104K) NonClass: 38721K(40192K)->38721K(40192K) Class: 5565K(6912K)->5565K(6912K)
[2023-02-23T10:35:01.864+0700][gc            ] GC(68) Pause Young (Normal) (G1 Evacuation Pause) 767M->160M(1024M) 2.993ms
[2023-02-23T10:35:01.864+0700][gc,cpu        ] GC(68) User=0.00s Sys=0.03s Real=0.00s
[2023-02-23T10:35:08.623+0700][gc,start      ] GC(69) Pause Young (Normal) (G1 Evacuation Pause)
[2023-02-23T10:35:08.623+0700][gc,task       ] GC(69) Using 13 workers of 13 for evacuation
[2023-02-23T10:35:08.627+0700][gc,phases     ] GC(69)   Pre Evacuate Collection Set: 0.0ms
[2023-02-23T10:35:08.627+0700][gc,phases     ] GC(69)   Evacuate Collection Set: 3.1ms
[2023-02-23T10:35:08.627+0700][gc,phases     ] GC(69)   Post Evacuate Collection Set: 0.6ms
[2023-02-23T10:35:08.627+0700][gc,phases     ] GC(69)   Other: 0.2ms
[2023-02-23T10:35:08.627+0700][gc,heap       ] GC(69) Eden regions: 608->0(608)
[2023-02-23T10:35:08.627+0700][gc,heap       ] GC(69) Survivor regions: 6->6(77)
[2023-02-23T10:35:08.627+0700][gc,heap       ] GC(69) Old regions: 28->29
[2023-02-23T10:35:08.627+0700][gc,heap       ] GC(69) Humongous regions: 129->129
[2023-02-23T10:35:08.627+0700][gc,metaspace  ] GC(69) Metaspace: 44288K(47104K)->44288K(47104K) NonClass: 38722K(40192K)->38722K(40192K) Class: 5565K(6912K)->5565K(6912K)
[2023-02-23T10:35:08.627+0700][gc            ] GC(69) Pause Young (Normal) (G1 Evacuation Pause) 768M->160M(1024M) 4.008ms
[2023-02-23T10:35:08.627+0700][gc,cpu        ] GC(69) User=0.01s Sys=0.02s Real=0.00s
[2023-02-23T10:35:14.751+0700][gc,start      ] GC(70) Pause Young (Normal) (G1 Evacuation Pause)
[2023-02-23T10:35:14.751+0700][gc,task       ] GC(70) Using 13 workers of 13 for evacuation
[2023-02-23T10:35:14.754+0700][gc,phases     ] GC(70)   Pre Evacuate Collection Set: 0.0ms
[2023-02-23T10:35:14.754+0700][gc,phases     ] GC(70)   Evacuate Collection Set: 2.4ms
[2023-02-23T10:35:14.754+0700][gc,phases     ] GC(70)   Post Evacuate Collection Set: 0.5ms
[2023-02-23T10:35:14.754+0700][gc,phases     ] GC(70)   Other: 0.2ms
[2023-02-23T10:35:14.754+0700][gc,heap       ] GC(70) Eden regions: 608->0(609)
[2023-02-23T10:35:14.754+0700][gc,heap       ] GC(70) Survivor regions: 6->5(77)
[2023-02-23T10:35:14.754+0700][gc,heap       ] GC(70) Old regions: 29->29
[2023-02-23T10:35:14.754+0700][gc,heap       ] GC(70) Humongous regions: 129->129
[2023-02-23T10:35:14.754+0700][gc,metaspace  ] GC(70) Metaspace: 44288K(47104K)->44288K(47104K) NonClass: 38722K(40192K)->38722K(40192K) Class: 5565K(6912K)->5565K(6912K)
[2023-02-23T10:35:14.754+0700][gc            ] GC(70) Pause Young (Normal) (G1 Evacuation Pause) 768M->160M(1024M) 3.227ms
[2023-02-23T10:35:14.754+0700][gc,cpu        ] GC(70) User=0.04s Sys=0.00s Real=0.01s
[2023-02-23T10:35:21.051+0700][gc,start      ] GC(71) Pause Young (Normal) (G1 Evacuation Pause)
[2023-02-23T10:35:21.051+0700][gc,task       ] GC(71) Using 13 workers of 13 for evacuation
[2023-02-23T10:35:21.054+0700][gc,phases     ] GC(71)   Pre Evacuate Collection Set: 0.0ms
[2023-02-23T10:35:21.054+0700][gc,phases     ] GC(71)   Evacuate Collection Set: 2.3ms
[2023-02-23T10:35:21.054+0700][gc,phases     ] GC(71)   Post Evacuate Collection Set: 0.5ms
[2023-02-23T10:35:21.054+0700][gc,phases     ] GC(71)   Other: 0.2ms
[2023-02-23T10:35:21.054+0700][gc,heap       ] GC(71) Eden regions: 609->0(609)
[2023-02-23T10:35:21.054+0700][gc,heap       ] GC(71) Survivor regions: 5->5(77)
[2023-02-23T10:35:21.054+0700][gc,heap       ] GC(71) Old regions: 29->29
[2023-02-23T10:35:21.054+0700][gc,heap       ] GC(71) Humongous regions: 129->129
[2023-02-23T10:35:21.054+0700][gc,metaspace  ] GC(71) Metaspace: 44291K(47104K)->44291K(47104K) NonClass: 38725K(40192K)->38725K(40192K) Class: 5565K(6912K)->5565K(6912K)
[2023-02-23T10:35:21.054+0700][gc            ] GC(71) Pause Young (Normal) (G1 Evacuation Pause) 769M->161M(1024M) 3.081ms
[2023-02-23T10:35:21.054+0700][gc,cpu        ] GC(71) User=0.02s Sys=0.02s Real=0.00s
[2023-02-23T10:35:27.409+0700][gc,start      ] GC(72) Pause Young (Normal) (G1 Evacuation Pause)
[2023-02-23T10:35:27.409+0700][gc,task       ] GC(72) Using 13 workers of 13 for evacuation
[2023-02-23T10:35:27.411+0700][gc,phases     ] GC(72)   Pre Evacuate Collection Set: 0.0ms
[2023-02-23T10:35:27.411+0700][gc,phases     ] GC(72)   Evacuate Collection Set: 2.0ms
[2023-02-23T10:35:27.411+0700][gc,phases     ] GC(72)   Post Evacuate Collection Set: 0.6ms
[2023-02-23T10:35:27.411+0700][gc,phases     ] GC(72)   Other: 0.2ms
[2023-02-23T10:35:27.412+0700][gc,heap       ] GC(72) Eden regions: 609->0(609)
[2023-02-23T10:35:27.412+0700][gc,heap       ] GC(72) Survivor regions: 5->5(77)
[2023-02-23T10:35:27.412+0700][gc,heap       ] GC(72) Old regions: 29->30
[2023-02-23T10:35:27.412+0700][gc,heap       ] GC(72) Humongous regions: 129->129
[2023-02-23T10:35:27.412+0700][gc,metaspace  ] GC(72) Metaspace: 44291K(47104K)->44291K(47104K) NonClass: 38725K(40192K)->38725K(40192K) Class: 5565K(6912K)->5565K(6912K)
[2023-02-23T10:35:27.412+0700][gc            ] GC(72) Pause Young (Normal) (G1 Evacuation Pause) 770M->161M(1024M) 2.986ms
[2023-02-23T10:35:27.412+0700][gc,cpu        ] GC(72) User=0.01s Sys=0.02s Real=0.01s
[2023-02-23T10:35:34.024+0700][gc,start      ] GC(73) Pause Young (Normal) (G1 Evacuation Pause)
[2023-02-23T10:35:34.024+0700][gc,task       ] GC(73) Using 13 workers of 13 for evacuation
[2023-02-23T10:35:34.027+0700][gc,phases     ] GC(73)   Pre Evacuate Collection Set: 0.0ms
[2023-02-23T10:35:34.027+0700][gc,phases     ] GC(73)   Evacuate Collection Set: 2.3ms
[2023-02-23T10:35:34.027+0700][gc,phases     ] GC(73)   Post Evacuate Collection Set: 0.6ms
[2023-02-23T10:35:34.027+0700][gc,phases     ] GC(73)   Other: 0.2ms
[2023-02-23T10:35:34.027+0700][gc,heap       ] GC(73) Eden regions: 609->0(609)
[2023-02-23T10:35:34.027+0700][gc,heap       ] GC(73) Survivor regions: 5->5(77)
[2023-02-23T10:35:34.027+0700][gc,heap       ] GC(73) Old regions: 30->30
[2023-02-23T10:35:34.027+0700][gc,heap       ] GC(73) Humongous regions: 129->129
[2023-02-23T10:35:34.027+0700][gc,metaspace  ] GC(73) Metaspace: 44295K(47104K)->44295K(47104K) NonClass: 38730K(40192K)->38730K(40192K) Class: 5565K(6912K)->5565K(6912K)
[2023-02-23T10:35:34.027+0700][gc            ] GC(73) Pause Young (Normal) (G1 Evacuation Pause) 770M->161M(1024M) 3.158ms
[2023-02-23T10:35:34.027+0700][gc,cpu        ] GC(73) User=0.02s Sys=0.02s Real=0.00s
[2023-02-23T10:35:40.666+0700][gc,start      ] GC(74) Pause Young (Normal) (G1 Evacuation Pause)
[2023-02-23T10:35:40.666+0700][gc,task       ] GC(74) Using 13 workers of 13 for evacuation
[2023-02-23T10:35:40.669+0700][gc,phases     ] GC(74)   Pre Evacuate Collection Set: 0.0ms
[2023-02-23T10:35:40.669+0700][gc,phases     ] GC(74)   Evacuate Collection Set: 2.2ms
[2023-02-23T10:35:40.669+0700][gc,phases     ] GC(74)   Post Evacuate Collection Set: 0.5ms
[2023-02-23T10:35:40.669+0700][gc,phases     ] GC(74)   Other: 0.2ms
[2023-02-23T10:35:40.669+0700][gc,heap       ] GC(74) Eden regions: 609->0(609)
[2023-02-23T10:35:40.669+0700][gc,heap       ] GC(74) Survivor regions: 5->5(77)
[2023-02-23T10:35:40.669+0700][gc,heap       ] GC(74) Old regions: 30->30
[2023-02-23T10:35:40.669+0700][gc,heap       ] GC(74) Humongous regions: 129->129
[2023-02-23T10:35:40.669+0700][gc,metaspace  ] GC(74) Metaspace: 44295K(47104K)->44295K(47104K) NonClass: 38730K(40192K)->38730K(40192K) Class: 5565K(6912K)->5565K(6912K)
[2023-02-23T10:35:40.669+0700][gc            ] GC(74) Pause Young (Normal) (G1 Evacuation Pause) 770M->161M(1024M) 2.975ms
[2023-02-23T10:35:40.669+0700][gc,cpu        ] GC(74) User=0.03s Sys=0.00s Real=0.00s
[2023-02-23T10:35:46.775+0700][gc,start      ] GC(75) Pause Young (Normal) (G1 Evacuation Pause)
[2023-02-23T10:35:46.775+0700][gc,task       ] GC(75) Using 13 workers of 13 for evacuation
[2023-02-23T10:35:46.777+0700][gc,phases     ] GC(75)   Pre Evacuate Collection Set: 0.0ms
[2023-02-23T10:35:46.777+0700][gc,phases     ] GC(75)   Evacuate Collection Set: 2.0ms
[2023-02-23T10:35:46.777+0700][gc,phases     ] GC(75)   Post Evacuate Collection Set: 0.5ms
[2023-02-23T10:35:46.777+0700][gc,phases     ] GC(75)   Other: 0.2ms
[2023-02-23T10:35:46.777+0700][gc,heap       ] GC(75) Eden regions: 609->0(610)
[2023-02-23T10:35:46.777+0700][gc,heap       ] GC(75) Survivor regions: 5->4(77)
[2023-02-23T10:35:46.777+0700][gc,heap       ] GC(75) Old regions: 30->31
[2023-02-23T10:35:46.777+0700][gc,heap       ] GC(75) Humongous regions: 129->129
[2023-02-23T10:35:46.777+0700][gc,metaspace  ] GC(75) Metaspace: 44296K(47104K)->44296K(47104K) NonClass: 38731K(40192K)->38731K(40192K) Class: 5565K(6912K)->5565K(6912K)
[2023-02-23T10:35:46.777+0700][gc            ] GC(75) Pause Young (Normal) (G1 Evacuation Pause) 770M->161M(1024M) 2.815ms
[2023-02-23T10:35:46.777+0700][gc,cpu        ] GC(75) User=0.03s Sys=0.00s Real=0.00s
[2023-02-23T10:35:53.236+0700][gc,start      ] GC(76) Pause Young (Normal) (G1 Evacuation Pause)
[2023-02-23T10:35:53.236+0700][gc,task       ] GC(76) Using 13 workers of 13 for evacuation
[2023-02-23T10:35:53.239+0700][gc,phases     ] GC(76)   Pre Evacuate Collection Set: 0.0ms
[2023-02-23T10:35:53.239+0700][gc,phases     ] GC(76)   Evacuate Collection Set: 2.1ms
[2023-02-23T10:35:53.239+0700][gc,phases     ] GC(76)   Post Evacuate Collection Set: 0.5ms
[2023-02-23T10:35:53.239+0700][gc,phases     ] GC(76)   Other: 0.2ms
[2023-02-23T10:35:53.239+0700][gc,heap       ] GC(76) Eden regions: 610->0(610)
[2023-02-23T10:35:53.239+0700][gc,heap       ] GC(76) Survivor regions: 4->4(77)
[2023-02-23T10:35:53.239+0700][gc,heap       ] GC(76) Old regions: 31->31
[2023-02-23T10:35:53.239+0700][gc,heap       ] GC(76) Humongous regions: 129->129
[2023-02-23T10:35:53.239+0700][gc,metaspace  ] GC(76) Metaspace: 44296K(47104K)->44296K(47104K) NonClass: 38731K(40192K)->38731K(40192K) Class: 5565K(6912K)->5565K(6912K)
[2023-02-23T10:35:53.239+0700][gc            ] GC(76) Pause Young (Normal) (G1 Evacuation Pause) 771M->162M(1024M) 2.941ms
[2023-02-23T10:35:53.239+0700][gc,cpu        ] GC(76) User=0.01s Sys=0.02s Real=0.01s
[2023-02-23T10:35:59.374+0700][gc,start      ] GC(77) Pause Young (Normal) (G1 Evacuation Pause)
[2023-02-23T10:35:59.374+0700][gc,task       ] GC(77) Using 13 workers of 13 for evacuation
[2023-02-23T10:35:59.377+0700][gc,phases     ] GC(77)   Pre Evacuate Collection Set: 0.0ms
[2023-02-23T10:35:59.377+0700][gc,phases     ] GC(77)   Evacuate Collection Set: 2.3ms
[2023-02-23T10:35:59.377+0700][gc,phases     ] GC(77)   Post Evacuate Collection Set: 0.6ms
[2023-02-23T10:35:59.377+0700][gc,phases     ] GC(77)   Other: 0.3ms
[2023-02-23T10:35:59.377+0700][gc,heap       ] GC(77) Eden regions: 610->0(610)
[2023-02-23T10:35:59.377+0700][gc,heap       ] GC(77) Survivor regions: 4->4(77)
[2023-02-23T10:35:59.377+0700][gc,heap       ] GC(77) Old regions: 31->31
[2023-02-23T10:35:59.377+0700][gc,heap       ] GC(77) Humongous regions: 129->129
[2023-02-23T10:35:59.377+0700][gc,metaspace  ] GC(77) Metaspace: 44296K(47104K)->44296K(47104K) NonClass: 38731K(40192K)->38731K(40192K) Class: 5565K(6912K)->5565K(6912K)
[2023-02-23T10:35:59.377+0700][gc            ] GC(77) Pause Young (Normal) (G1 Evacuation Pause) 772M->162M(1024M) 3.275ms
[2023-02-23T10:35:59.377+0700][gc,cpu        ] GC(77) User=0.04s Sys=0.00s Real=0.00s
[2023-02-23T10:36:05.829+0700][gc,start      ] GC(78) Pause Young (Normal) (G1 Evacuation Pause)
[2023-02-23T10:36:05.829+0700][gc,task       ] GC(78) Using 13 workers of 13 for evacuation
[2023-02-23T10:36:05.832+0700][gc,phases     ] GC(78)   Pre Evacuate Collection Set: 0.0ms
[2023-02-23T10:36:05.832+0700][gc,phases     ] GC(78)   Evacuate Collection Set: 2.1ms
[2023-02-23T10:36:05.832+0700][gc,phases     ] GC(78)   Post Evacuate Collection Set: 0.5ms
[2023-02-23T10:36:05.832+0700][gc,phases     ] GC(78)   Other: 0.2ms
[2023-02-23T10:36:05.832+0700][gc,heap       ] GC(78) Eden regions: 610->0(610)
[2023-02-23T10:36:05.832+0700][gc,heap       ] GC(78) Survivor regions: 4->4(77)
[2023-02-23T10:36:05.832+0700][gc,heap       ] GC(78) Old regions: 31->32
[2023-02-23T10:36:05.832+0700][gc,heap       ] GC(78) Humongous regions: 129->129
[2023-02-23T10:36:05.832+0700][gc,metaspace  ] GC(78) Metaspace: 44296K(47104K)->44296K(47104K) NonClass: 38731K(40192K)->38731K(40192K) Class: 5565K(6912K)->5565K(6912K)
[2023-02-23T10:36:05.832+0700][gc            ] GC(78) Pause Young (Normal) (G1 Evacuation Pause) 772M->162M(1024M) 2.863ms
[2023-02-23T10:36:05.832+0700][gc,cpu        ] GC(78) User=0.01s Sys=0.01s Real=0.01s
[2023-02-23T10:36:13.200+0700][gc,start      ] GC(79) Pause Young (Normal) (G1 Evacuation Pause)
[2023-02-23T10:36:13.200+0700][gc,task       ] GC(79) Using 13 workers of 13 for evacuation
[2023-02-23T10:36:13.203+0700][gc,phases     ] GC(79)   Pre Evacuate Collection Set: 0.0ms
[2023-02-23T10:36:13.203+0700][gc,phases     ] GC(79)   Evacuate Collection Set: 2.0ms
[2023-02-23T10:36:13.203+0700][gc,phases     ] GC(79)   Post Evacuate Collection Set: 0.5ms
[2023-02-23T10:36:13.203+0700][gc,phases     ] GC(79)   Other: 0.2ms
[2023-02-23T10:36:13.203+0700][gc,heap       ] GC(79) Eden regions: 610->0(610)
[2023-02-23T10:36:13.203+0700][gc,heap       ] GC(79) Survivor regions: 4->4(77)
[2023-02-23T10:36:13.203+0700][gc,heap       ] GC(79) Old regions: 32->32
[2023-02-23T10:36:13.203+0700][gc,heap       ] GC(79) Humongous regions: 129->129
[2023-02-23T10:36:13.203+0700][gc,metaspace  ] GC(79) Metaspace: 44299K(47104K)->44299K(47104K) NonClass: 38733K(40192K)->38733K(40192K) Class: 5565K(6912K)->5565K(6912K)
[2023-02-23T10:36:13.203+0700][gc            ] GC(79) Pause Young (Normal) (G1 Evacuation Pause) 772M->162M(1024M) 2.809ms
[2023-02-23T10:36:13.203+0700][gc,cpu        ] GC(79) User=0.01s Sys=0.02s Real=0.00s
[2023-02-23T10:36:19.460+0700][gc,start      ] GC(80) Pause Young (Normal) (G1 Evacuation Pause)
[2023-02-23T10:36:19.460+0700][gc,task       ] GC(80) Using 13 workers of 13 for evacuation
[2023-02-23T10:36:19.462+0700][gc,phases     ] GC(80)   Pre Evacuate Collection Set: 0.0ms
[2023-02-23T10:36:19.462+0700][gc,phases     ] GC(80)   Evacuate Collection Set: 2.0ms
[2023-02-23T10:36:19.462+0700][gc,phases     ] GC(80)   Post Evacuate Collection Set: 0.5ms
[2023-02-23T10:36:19.462+0700][gc,phases     ] GC(80)   Other: 0.2ms
[2023-02-23T10:36:19.462+0700][gc,heap       ] GC(80) Eden regions: 610->0(610)
[2023-02-23T10:36:19.462+0700][gc,heap       ] GC(80) Survivor regions: 4->4(77)
[2023-02-23T10:36:19.462+0700][gc,heap       ] GC(80) Old regions: 32->32
[2023-02-23T10:36:19.462+0700][gc,heap       ] GC(80) Humongous regions: 129->129
[2023-02-23T10:36:19.462+0700][gc,metaspace  ] GC(80) Metaspace: 44299K(47104K)->44299K(47104K) NonClass: 38733K(40192K)->38733K(40192K) Class: 5565K(6912K)->5565K(6912K)
[2023-02-23T10:36:19.462+0700][gc            ] GC(80) Pause Young (Normal) (G1 Evacuation Pause) 772M->163M(1024M) 2.854ms
[2023-02-23T10:36:19.462+0700][gc,cpu        ] GC(80) User=0.02s Sys=0.01s Real=0.00s
[2023-02-23T10:36:25.810+0700][gc,start      ] GC(81) Pause Young (Normal) (G1 Evacuation Pause)
[2023-02-23T10:36:25.810+0700][gc,task       ] GC(81) Using 13 workers of 13 for evacuation
[2023-02-23T10:36:25.813+0700][gc,phases     ] GC(81)   Pre Evacuate Collection Set: 0.0ms
[2023-02-23T10:36:25.813+0700][gc,phases     ] GC(81)   Evacuate Collection Set: 2.1ms
[2023-02-23T10:36:25.813+0700][gc,phases     ] GC(81)   Post Evacuate Collection Set: 0.5ms
[2023-02-23T10:36:25.813+0700][gc,phases     ] GC(81)   Other: 0.2ms
[2023-02-23T10:36:25.813+0700][gc,heap       ] GC(81) Eden regions: 610->0(610)
[2023-02-23T10:36:25.813+0700][gc,heap       ] GC(81) Survivor regions: 4->4(77)
[2023-02-23T10:36:25.813+0700][gc,heap       ] GC(81) Old regions: 32->33
[2023-02-23T10:36:25.813+0700][gc,heap       ] GC(81) Humongous regions: 129->129
[2023-02-23T10:36:25.813+0700][gc,metaspace  ] GC(81) Metaspace: 44299K(47104K)->44299K(47104K) NonClass: 38733K(40192K)->38733K(40192K) Class: 5565K(6912K)->5565K(6912K)
[2023-02-23T10:36:25.813+0700][gc            ] GC(81) Pause Young (Normal) (G1 Evacuation Pause) 773M->163M(1024M) 2.956ms
[2023-02-23T10:36:25.813+0700][gc,cpu        ] GC(81) User=0.03s Sys=0.00s Real=0.01s
[2023-02-23T10:36:32.750+0700][gc,start      ] GC(82) Pause Young (Normal) (G1 Evacuation Pause)
[2023-02-23T10:36:32.750+0700][gc,task       ] GC(82) Using 13 workers of 13 for evacuation
[2023-02-23T10:36:32.753+0700][gc,phases     ] GC(82)   Pre Evacuate Collection Set: 0.0ms
[2023-02-23T10:36:32.753+0700][gc,phases     ] GC(82)   Evacuate Collection Set: 2.7ms
[2023-02-23T10:36:32.753+0700][gc,phases     ] GC(82)   Post Evacuate Collection Set: 0.6ms
[2023-02-23T10:36:32.753+0700][gc,phases     ] GC(82)   Other: 0.3ms
[2023-02-23T10:36:32.753+0700][gc,heap       ] GC(82) Eden regions: 610->0(610)
[2023-02-23T10:36:32.753+0700][gc,heap       ] GC(82) Survivor regions: 4->4(77)
[2023-02-23T10:36:32.754+0700][gc,heap       ] GC(82) Old regions: 33->33
[2023-02-23T10:36:32.754+0700][gc,heap       ] GC(82) Humongous regions: 129->129
[2023-02-23T10:36:32.754+0700][gc,metaspace  ] GC(82) Metaspace: 44299K(47104K)->44299K(47104K) NonClass: 38733K(40192K)->38733K(40192K) Class: 5565K(6912K)->5565K(6912K)
[2023-02-23T10:36:32.754+0700][gc            ] GC(82) Pause Young (Normal) (G1 Evacuation Pause) 773M->163M(1024M) 3.628ms
[2023-02-23T10:36:32.754+0700][gc,cpu        ] GC(82) User=0.04s Sys=0.00s Real=0.01s
[2023-02-23T10:36:39.386+0700][gc,start      ] GC(83) Pause Young (Normal) (G1 Evacuation Pause)
[2023-02-23T10:36:39.386+0700][gc,task       ] GC(83) Using 13 workers of 13 for evacuation
[2023-02-23T10:36:39.389+0700][gc,phases     ] GC(83)   Pre Evacuate Collection Set: 0.0ms
[2023-02-23T10:36:39.389+0700][gc,phases     ] GC(83)   Evacuate Collection Set: 2.1ms
[2023-02-23T10:36:39.389+0700][gc,phases     ] GC(83)   Post Evacuate Collection Set: 0.5ms
[2023-02-23T10:36:39.389+0700][gc,phases     ] GC(83)   Other: 0.2ms
[2023-02-23T10:36:39.389+0700][gc,heap       ] GC(83) Eden regions: 610->0(610)
[2023-02-23T10:36:39.389+0700][gc,heap       ] GC(83) Survivor regions: 4->4(77)
[2023-02-23T10:36:39.389+0700][gc,heap       ] GC(83) Old regions: 33->33
[2023-02-23T10:36:39.389+0700][gc,heap       ] GC(83) Humongous regions: 129->129
[2023-02-23T10:36:39.389+0700][gc,metaspace  ] GC(83) Metaspace: 44299K(47104K)->44299K(47104K) NonClass: 38733K(40192K)->38733K(40192K) Class: 5565K(6912K)->5565K(6912K)
[2023-02-23T10:36:39.389+0700][gc            ] GC(83) Pause Young (Normal) (G1 Evacuation Pause) 773M->164M(1024M) 2.840ms
[2023-02-23T10:36:39.389+0700][gc,cpu        ] GC(83) User=0.02s Sys=0.00s Real=0.00s
[2023-02-23T10:36:45.575+0700][gc,start      ] GC(84) Pause Young (Normal) (G1 Evacuation Pause)
[2023-02-23T10:36:45.575+0700][gc,task       ] GC(84) Using 13 workers of 13 for evacuation
[2023-02-23T10:36:45.578+0700][gc,phases     ] GC(84)   Pre Evacuate Collection Set: 0.0ms
[2023-02-23T10:36:45.578+0700][gc,phases     ] GC(84)   Evacuate Collection Set: 2.2ms
[2023-02-23T10:36:45.578+0700][gc,phases     ] GC(84)   Post Evacuate Collection Set: 0.6ms
[2023-02-23T10:36:45.578+0700][gc,phases     ] GC(84)   Other: 0.2ms
[2023-02-23T10:36:45.578+0700][gc,heap       ] GC(84) Eden regions: 610->0(610)
[2023-02-23T10:36:45.578+0700][gc,heap       ] GC(84) Survivor regions: 4->4(77)
[2023-02-23T10:36:45.578+0700][gc,heap       ] GC(84) Old regions: 33->33
[2023-02-23T10:36:45.578+0700][gc,heap       ] GC(84) Humongous regions: 129->129
[2023-02-23T10:36:45.578+0700][gc,metaspace  ] GC(84) Metaspace: 44299K(47104K)->44299K(47104K) NonClass: 38733K(40192K)->38733K(40192K) Class: 5565K(6912K)->5565K(6912K)
[2023-02-23T10:36:45.578+0700][gc            ] GC(84) Pause Young (Normal) (G1 Evacuation Pause) 774M->164M(1024M) 3.108ms
[2023-02-23T10:36:45.578+0700][gc,cpu        ] GC(84) User=0.01s Sys=0.02s Real=0.00s
[2023-02-23T10:36:51.656+0700][gc,start      ] GC(85) Pause Young (Normal) (G1 Evacuation Pause)
[2023-02-23T10:36:51.656+0700][gc,task       ] GC(85) Using 13 workers of 13 for evacuation
[2023-02-23T10:36:51.660+0700][gc,phases     ] GC(85)   Pre Evacuate Collection Set: 0.0ms
[2023-02-23T10:36:51.660+0700][gc,phases     ] GC(85)   Evacuate Collection Set: 2.8ms
[2023-02-23T10:36:51.660+0700][gc,phases     ] GC(85)   Post Evacuate Collection Set: 0.5ms
[2023-02-23T10:36:51.660+0700][gc,phases     ] GC(85)   Other: 0.2ms
[2023-02-23T10:36:51.660+0700][gc,heap       ] GC(85) Eden regions: 610->0(610)
[2023-02-23T10:36:51.660+0700][gc,heap       ] GC(85) Survivor regions: 4->4(77)
[2023-02-23T10:36:51.660+0700][gc,heap       ] GC(85) Old regions: 33->34
[2023-02-23T10:36:51.660+0700][gc,heap       ] GC(85) Humongous regions: 129->129
[2023-02-23T10:36:51.660+0700][gc,metaspace  ] GC(85) Metaspace: 44299K(47104K)->44299K(47104K) NonClass: 38733K(40192K)->38733K(40192K) Class: 5565K(6912K)->5565K(6912K)
[2023-02-23T10:36:51.660+0700][gc            ] GC(85) Pause Young (Normal) (G1 Evacuation Pause) 774M->164M(1024M) 3.586ms
[2023-02-23T10:36:51.660+0700][gc,cpu        ] GC(85) User=0.00s Sys=0.03s Real=0.01s
[2023-02-23T10:36:58.327+0700][gc,start      ] GC(86) Pause Young (Normal) (G1 Evacuation Pause)
[2023-02-23T10:36:58.327+0700][gc,task       ] GC(86) Using 13 workers of 13 for evacuation
[2023-02-23T10:36:58.330+0700][gc,phases     ] GC(86)   Pre Evacuate Collection Set: 0.0ms
[2023-02-23T10:36:58.330+0700][gc,phases     ] GC(86)   Evacuate Collection Set: 2.9ms
[2023-02-23T10:36:58.330+0700][gc,phases     ] GC(86)   Post Evacuate Collection Set: 0.5ms
[2023-02-23T10:36:58.330+0700][gc,phases     ] GC(86)   Other: 0.2ms
[2023-02-23T10:36:58.330+0700][gc,heap       ] GC(86) Eden regions: 610->0(610)
[2023-02-23T10:36:58.330+0700][gc,heap       ] GC(86) Survivor regions: 4->4(77)
[2023-02-23T10:36:58.330+0700][gc,heap       ] GC(86) Old regions: 34->34
[2023-02-23T10:36:58.330+0700][gc,heap       ] GC(86) Humongous regions: 129->129
[2023-02-23T10:36:58.330+0700][gc,metaspace  ] GC(86) Metaspace: 44299K(47104K)->44299K(47104K) NonClass: 38733K(40192K)->38733K(40192K) Class: 5565K(6912K)->5565K(6912K)
[2023-02-23T10:36:58.330+0700][gc            ] GC(86) Pause Young (Normal) (G1 Evacuation Pause) 774M->164M(1024M) 3.756ms
[2023-02-23T10:36:58.330+0700][gc,cpu        ] GC(86) User=0.03s Sys=0.00s Real=0.00s
[2023-02-23T10:37:04.603+0700][gc,start      ] GC(87) Pause Young (Normal) (G1 Evacuation Pause)
[2023-02-23T10:37:04.603+0700][gc,task       ] GC(87) Using 13 workers of 13 for evacuation
[2023-02-23T10:37:04.607+0700][gc,phases     ] GC(87)   Pre Evacuate Collection Set: 0.0ms
[2023-02-23T10:37:04.607+0700][gc,phases     ] GC(87)   Evacuate Collection Set: 2.4ms
[2023-02-23T10:37:04.607+0700][gc,phases     ] GC(87)   Post Evacuate Collection Set: 0.6ms
[2023-02-23T10:37:04.607+0700][gc,phases     ] GC(87)   Other: 0.3ms
[2023-02-23T10:37:04.607+0700][gc,heap       ] GC(87) Eden regions: 610->0(610)
[2023-02-23T10:37:04.607+0700][gc,heap       ] GC(87) Survivor regions: 4->4(77)
[2023-02-23T10:37:04.607+0700][gc,heap       ] GC(87) Old regions: 34->34
[2023-02-23T10:37:04.607+0700][gc,heap       ] GC(87) Humongous regions: 129->129
[2023-02-23T10:37:04.607+0700][gc,metaspace  ] GC(87) Metaspace: 44299K(47104K)->44299K(47104K) NonClass: 38733K(40192K)->38733K(40192K) Class: 5565K(6912K)->5565K(6912K)
[2023-02-23T10:37:04.607+0700][gc            ] GC(87) Pause Young (Normal) (G1 Evacuation Pause) 774M->165M(1024M) 3.390ms
[2023-02-23T10:37:04.607+0700][gc,cpu        ] GC(87) User=0.01s Sys=0.02s Real=0.00s
[2023-02-23T10:37:11.274+0700][gc,start      ] GC(88) Pause Young (Normal) (G1 Evacuation Pause)
[2023-02-23T10:37:11.274+0700][gc,task       ] GC(88) Using 13 workers of 13 for evacuation
[2023-02-23T10:37:11.277+0700][gc,phases     ] GC(88)   Pre Evacuate Collection Set: 0.0ms
[2023-02-23T10:37:11.277+0700][gc,phases     ] GC(88)   Evacuate Collection Set: 2.2ms
[2023-02-23T10:37:11.277+0700][gc,phases     ] GC(88)   Post Evacuate Collection Set: 0.5ms
[2023-02-23T10:37:11.277+0700][gc,phases     ] GC(88)   Other: 0.2ms
[2023-02-23T10:37:11.277+0700][gc,heap       ] GC(88) Eden regions: 610->0(610)
[2023-02-23T10:37:11.277+0700][gc,heap       ] GC(88) Survivor regions: 4->4(77)
[2023-02-23T10:37:11.277+0700][gc,heap       ] GC(88) Old regions: 34->34
[2023-02-23T10:37:11.277+0700][gc,heap       ] GC(88) Humongous regions: 129->129
[2023-02-23T10:37:11.277+0700][gc,metaspace  ] GC(88) Metaspace: 44299K(47104K)->44299K(47104K) NonClass: 38733K(40192K)->38733K(40192K) Class: 5565K(6912K)->5565K(6912K)
[2023-02-23T10:37:11.277+0700][gc            ] GC(88) Pause Young (Normal) (G1 Evacuation Pause) 775M->165M(1024M) 2.982ms
[2023-02-23T10:37:11.277+0700][gc,cpu        ] GC(88) User=0.03s Sys=0.00s Real=0.00s
[2023-02-23T10:37:17.389+0700][gc,start      ] GC(89) Pause Young (Normal) (G1 Evacuation Pause)
[2023-02-23T10:37:17.389+0700][gc,task       ] GC(89) Using 13 workers of 13 for evacuation
[2023-02-23T10:37:17.391+0700][gc,phases     ] GC(89)   Pre Evacuate Collection Set: 0.0ms
[2023-02-23T10:37:17.391+0700][gc,phases     ] GC(89)   Evacuate Collection Set: 1.9ms
[2023-02-23T10:37:17.391+0700][gc,phases     ] GC(89)   Post Evacuate Collection Set: 0.5ms
[2023-02-23T10:37:17.391+0700][gc,phases     ] GC(89)   Other: 0.2ms
[2023-02-23T10:37:17.391+0700][gc,heap       ] GC(89) Eden regions: 610->0(610)
[2023-02-23T10:37:17.391+0700][gc,heap       ] GC(89) Survivor regions: 4->4(77)
[2023-02-23T10:37:17.391+0700][gc,heap       ] GC(89) Old regions: 34->35
[2023-02-23T10:37:17.391+0700][gc,heap       ] GC(89) Humongous regions: 129->129
[2023-02-23T10:37:17.391+0700][gc,metaspace  ] GC(89) Metaspace: 44299K(47104K)->44299K(47104K) NonClass: 38733K(40192K)->38733K(40192K) Class: 5565K(6912K)->5565K(6912K)
[2023-02-23T10:37:17.391+0700][gc            ] GC(89) Pause Young (Normal) (G1 Evacuation Pause) 775M->165M(1024M) 2.761ms
[2023-02-23T10:37:17.391+0700][gc,cpu        ] GC(89) User=0.02s Sys=0.02s Real=0.01s
[2023-02-23T10:37:23.917+0700][gc,start      ] GC(90) Pause Young (Normal) (G1 Evacuation Pause)
[2023-02-23T10:37:23.917+0700][gc,task       ] GC(90) Using 13 workers of 13 for evacuation
[2023-02-23T10:37:23.920+0700][gc,phases     ] GC(90)   Pre Evacuate Collection Set: 0.0ms
[2023-02-23T10:37:23.920+0700][gc,phases     ] GC(90)   Evacuate Collection Set: 2.3ms
[2023-02-23T10:37:23.920+0700][gc,phases     ] GC(90)   Post Evacuate Collection Set: 0.5ms
[2023-02-23T10:37:23.920+0700][gc,phases     ] GC(90)   Other: 0.2ms
[2023-02-23T10:37:23.920+0700][gc,heap       ] GC(90) Eden regions: 610->0(610)
[2023-02-23T10:37:23.920+0700][gc,heap       ] GC(90) Survivor regions: 4->4(77)
[2023-02-23T10:37:23.920+0700][gc,heap       ] GC(90) Old regions: 35->35
[2023-02-23T10:37:23.920+0700][gc,heap       ] GC(90) Humongous regions: 129->129
[2023-02-23T10:37:23.920+0700][gc,metaspace  ] GC(90) Metaspace: 44299K(47104K)->44299K(47104K) NonClass: 38733K(40192K)->38733K(40192K) Class: 5565K(6912K)->5565K(6912K)
[2023-02-23T10:37:23.920+0700][gc            ] GC(90) Pause Young (Normal) (G1 Evacuation Pause) 775M->165M(1024M) 3.058ms
[2023-02-23T10:37:23.920+0700][gc,cpu        ] GC(90) User=0.02s Sys=0.01s Real=0.01s
[2023-02-23T10:37:30.667+0700][gc,start      ] GC(91) Pause Young (Normal) (G1 Evacuation Pause)
[2023-02-23T10:37:30.667+0700][gc,task       ] GC(91) Using 13 workers of 13 for evacuation
[2023-02-23T10:37:30.669+0700][gc,phases     ] GC(91)   Pre Evacuate Collection Set: 0.0ms
[2023-02-23T10:37:30.670+0700][gc,phases     ] GC(91)   Evacuate Collection Set: 2.1ms
[2023-02-23T10:37:30.670+0700][gc,phases     ] GC(91)   Post Evacuate Collection Set: 0.6ms
[2023-02-23T10:37:30.670+0700][gc,phases     ] GC(91)   Other: 0.2ms
[2023-02-23T10:37:30.670+0700][gc,heap       ] GC(91) Eden regions: 610->0(610)
[2023-02-23T10:37:30.670+0700][gc,heap       ] GC(91) Survivor regions: 4->4(77)
[2023-02-23T10:37:30.670+0700][gc,heap       ] GC(91) Old regions: 35->35
[2023-02-23T10:37:30.670+0700][gc,heap       ] GC(91) Humongous regions: 129->129
[2023-02-23T10:37:30.670+0700][gc,metaspace  ] GC(91) Metaspace: 44299K(47104K)->44299K(47104K) NonClass: 38733K(40192K)->38733K(40192K) Class: 5565K(6912K)->5565K(6912K)
[2023-02-23T10:37:30.670+0700][gc            ] GC(91) Pause Young (Normal) (G1 Evacuation Pause) 775M->165M(1024M) 3.028ms
[2023-02-23T10:37:30.670+0700][gc,cpu        ] GC(91) User=0.03s Sys=0.00s Real=0.00s
[2023-02-23T10:37:37.080+0700][gc,start      ] GC(92) Pause Young (Normal) (G1 Evacuation Pause)
[2023-02-23T10:37:37.080+0700][gc,task       ] GC(92) Using 13 workers of 13 for evacuation
[2023-02-23T10:37:37.083+0700][gc,phases     ] GC(92)   Pre Evacuate Collection Set: 0.0ms
[2023-02-23T10:37:37.083+0700][gc,phases     ] GC(92)   Evacuate Collection Set: 2.2ms
[2023-02-23T10:37:37.083+0700][gc,phases     ] GC(92)   Post Evacuate Collection Set: 0.5ms
[2023-02-23T10:37:37.083+0700][gc,phases     ] GC(92)   Other: 0.2ms
[2023-02-23T10:37:37.083+0700][gc,heap       ] GC(92) Eden regions: 610->0(610)
[2023-02-23T10:37:37.083+0700][gc,heap       ] GC(92) Survivor regions: 4->4(77)
[2023-02-23T10:37:37.083+0700][gc,heap       ] GC(92) Old regions: 35->35
[2023-02-23T10:37:37.083+0700][gc,heap       ] GC(92) Humongous regions: 129->129
[2023-02-23T10:37:37.083+0700][gc,metaspace  ] GC(92) Metaspace: 44299K(47104K)->44299K(47104K) NonClass: 38733K(40192K)->38733K(40192K) Class: 5565K(6912K)->5565K(6912K)
[2023-02-23T10:37:37.083+0700][gc            ] GC(92) Pause Young (Normal) (G1 Evacuation Pause) 775M->166M(1024M) 3.001ms
[2023-02-23T10:37:37.083+0700][gc,cpu        ] GC(92) User=0.01s Sys=0.02s Real=0.00s
[2023-02-23T10:37:43.631+0700][gc,start      ] GC(93) Pause Young (Normal) (G1 Evacuation Pause)
[2023-02-23T10:37:43.631+0700][gc,task       ] GC(93) Using 13 workers of 13 for evacuation
[2023-02-23T10:37:43.634+0700][gc,phases     ] GC(93)   Pre Evacuate Collection Set: 0.0ms
[2023-02-23T10:37:43.634+0700][gc,phases     ] GC(93)   Evacuate Collection Set: 2.3ms
[2023-02-23T10:37:43.634+0700][gc,phases     ] GC(93)   Post Evacuate Collection Set: 0.5ms
[2023-02-23T10:37:43.634+0700][gc,phases     ] GC(93)   Other: 0.2ms
[2023-02-23T10:37:43.634+0700][gc,heap       ] GC(93) Eden regions: 610->0(610)
[2023-02-23T10:37:43.634+0700][gc,heap       ] GC(93) Survivor regions: 4->4(77)
[2023-02-23T10:37:43.634+0700][gc,heap       ] GC(93) Old regions: 35->36
[2023-02-23T10:37:43.634+0700][gc,heap       ] GC(93) Humongous regions: 129->129
[2023-02-23T10:37:43.634+0700][gc,metaspace  ] GC(93) Metaspace: 44299K(47104K)->44299K(47104K) NonClass: 38733K(40192K)->38733K(40192K) Class: 5565K(6912K)->5565K(6912K)
[2023-02-23T10:37:43.634+0700][gc            ] GC(93) Pause Young (Normal) (G1 Evacuation Pause) 776M->166M(1024M) 3.112ms
[2023-02-23T10:37:43.634+0700][gc,cpu        ] GC(93) User=0.03s Sys=0.00s Real=0.01s
[2023-02-23T10:37:49.967+0700][gc,start      ] GC(94) Pause Young (Normal) (G1 Evacuation Pause)
[2023-02-23T10:37:49.967+0700][gc,task       ] GC(94) Using 13 workers of 13 for evacuation
[2023-02-23T10:37:49.970+0700][gc,phases     ] GC(94)   Pre Evacuate Collection Set: 0.0ms
[2023-02-23T10:37:49.970+0700][gc,phases     ] GC(94)   Evacuate Collection Set: 2.2ms
[2023-02-23T10:37:49.970+0700][gc,phases     ] GC(94)   Post Evacuate Collection Set: 0.5ms
[2023-02-23T10:37:49.970+0700][gc,phases     ] GC(94)   Other: 0.2ms
[2023-02-23T10:37:49.970+0700][gc,heap       ] GC(94) Eden regions: 610->0(610)
[2023-02-23T10:37:49.970+0700][gc,heap       ] GC(94) Survivor regions: 4->4(77)
[2023-02-23T10:37:49.970+0700][gc,heap       ] GC(94) Old regions: 36->36
[2023-02-23T10:37:49.970+0700][gc,heap       ] GC(94) Humongous regions: 129->129
[2023-02-23T10:37:49.970+0700][gc,metaspace  ] GC(94) Metaspace: 44299K(47104K)->44299K(47104K) NonClass: 38733K(40192K)->38733K(40192K) Class: 5565K(6912K)->5565K(6912K)
[2023-02-23T10:37:49.970+0700][gc            ] GC(94) Pause Young (Normal) (G1 Evacuation Pause) 776M->166M(1024M) 3.053ms
[2023-02-23T10:37:49.970+0700][gc,cpu        ] GC(94) User=0.01s Sys=0.02s Real=0.00s
[2023-02-23T10:37:56.615+0700][gc,start      ] GC(95) Pause Young (Normal) (G1 Evacuation Pause)
[2023-02-23T10:37:56.615+0700][gc,task       ] GC(95) Using 13 workers of 13 for evacuation
[2023-02-23T10:37:56.618+0700][gc,phases     ] GC(95)   Pre Evacuate Collection Set: 0.0ms
[2023-02-23T10:37:56.618+0700][gc,phases     ] GC(95)   Evacuate Collection Set: 2.7ms
[2023-02-23T10:37:56.618+0700][gc,phases     ] GC(95)   Post Evacuate Collection Set: 0.7ms
[2023-02-23T10:37:56.618+0700][gc,phases     ] GC(95)   Other: 0.2ms
[2023-02-23T10:37:56.618+0700][gc,heap       ] GC(95) Eden regions: 610->0(610)
[2023-02-23T10:37:56.618+0700][gc,heap       ] GC(95) Survivor regions: 4->4(77)
[2023-02-23T10:37:56.618+0700][gc,heap       ] GC(95) Old regions: 36->36
[2023-02-23T10:37:56.618+0700][gc,heap       ] GC(95) Humongous regions: 129->129
[2023-02-23T10:37:56.618+0700][gc,metaspace  ] GC(95) Metaspace: 44299K(47104K)->44299K(47104K) NonClass: 38733K(40192K)->38733K(40192K) Class: 5565K(6912K)->5565K(6912K)
[2023-02-23T10:37:56.619+0700][gc            ] GC(95) Pause Young (Normal) (G1 Evacuation Pause) 776M->166M(1024M) 3.945ms
[2023-02-23T10:37:56.619+0700][gc,cpu        ] GC(95) User=0.04s Sys=0.00s Real=0.00s
[2023-02-23T10:38:02.759+0700][gc,start      ] GC(96) Pause Young (Normal) (G1 Evacuation Pause)
[2023-02-23T10:38:02.759+0700][gc,task       ] GC(96) Using 13 workers of 13 for evacuation
[2023-02-23T10:38:02.761+0700][gc,phases     ] GC(96)   Pre Evacuate Collection Set: 0.0ms
[2023-02-23T10:38:02.761+0700][gc,phases     ] GC(96)   Evacuate Collection Set: 2.0ms
[2023-02-23T10:38:02.761+0700][gc,phases     ] GC(96)   Post Evacuate Collection Set: 0.5ms
[2023-02-23T10:38:02.761+0700][gc,phases     ] GC(96)   Other: 0.2ms
[2023-02-23T10:38:02.761+0700][gc,heap       ] GC(96) Eden regions: 610->0(610)
[2023-02-23T10:38:02.761+0700][gc,heap       ] GC(96) Survivor regions: 4->4(77)
[2023-02-23T10:38:02.761+0700][gc,heap       ] GC(96) Old regions: 36->36
[2023-02-23T10:38:02.761+0700][gc,heap       ] GC(96) Humongous regions: 129->129
[2023-02-23T10:38:02.761+0700][gc,metaspace  ] GC(96) Metaspace: 44303K(47104K)->44303K(47104K) NonClass: 38737K(40192K)->38737K(40192K) Class: 5565K(6912K)->5565K(6912K)
[2023-02-23T10:38:02.761+0700][gc            ] GC(96) Pause Young (Normal) (G1 Evacuation Pause) 776M->167M(1024M) 2.718ms
[2023-02-23T10:38:02.761+0700][gc,cpu        ] GC(96) User=0.02s Sys=0.01s Real=0.01s
[2023-02-23T10:38:09.248+0700][gc,start      ] GC(97) Pause Young (Normal) (G1 Evacuation Pause)
[2023-02-23T10:38:09.248+0700][gc,task       ] GC(97) Using 13 workers of 13 for evacuation
[2023-02-23T10:38:09.252+0700][gc,phases     ] GC(97)   Pre Evacuate Collection Set: 0.0ms
[2023-02-23T10:38:09.252+0700][gc,phases     ] GC(97)   Evacuate Collection Set: 3.1ms
[2023-02-23T10:38:09.252+0700][gc,phases     ] GC(97)   Post Evacuate Collection Set: 0.5ms
[2023-02-23T10:38:09.252+0700][gc,phases     ] GC(97)   Other: 0.3ms
[2023-02-23T10:38:09.252+0700][gc,heap       ] GC(97) Eden regions: 610->0(610)
[2023-02-23T10:38:09.252+0700][gc,heap       ] GC(97) Survivor regions: 4->4(77)
[2023-02-23T10:38:09.252+0700][gc,heap       ] GC(97) Old regions: 36->37
[2023-02-23T10:38:09.252+0700][gc,heap       ] GC(97) Humongous regions: 129->129
[2023-02-23T10:38:09.252+0700][gc,metaspace  ] GC(97) Metaspace: 44303K(47104K)->44303K(47104K) NonClass: 38737K(40192K)->38737K(40192K) Class: 5565K(6912K)->5565K(6912K)
[2023-02-23T10:38:09.252+0700][gc            ] GC(97) Pause Young (Normal) (G1 Evacuation Pause) 777M->167M(1024M) 3.992ms
[2023-02-23T10:38:09.252+0700][gc,cpu        ] GC(97) User=0.03s Sys=0.00s Real=0.01s
[2023-02-23T10:38:16.053+0700][gc,start      ] GC(98) Pause Young (Normal) (G1 Evacuation Pause)
[2023-02-23T10:38:16.053+0700][gc,task       ] GC(98) Using 13 workers of 13 for evacuation
[2023-02-23T10:38:16.056+0700][gc,phases     ] GC(98)   Pre Evacuate Collection Set: 0.0ms
[2023-02-23T10:38:16.056+0700][gc,phases     ] GC(98)   Evacuate Collection Set: 2.4ms
[2023-02-23T10:38:16.056+0700][gc,phases     ] GC(98)   Post Evacuate Collection Set: 0.6ms
[2023-02-23T10:38:16.056+0700][gc,phases     ] GC(98)   Other: 0.2ms
[2023-02-23T10:38:16.056+0700][gc,heap       ] GC(98) Eden regions: 610->0(610)
[2023-02-23T10:38:16.056+0700][gc,heap       ] GC(98) Survivor regions: 4->4(77)
[2023-02-23T10:38:16.056+0700][gc,heap       ] GC(98) Old regions: 37->37
[2023-02-23T10:38:16.056+0700][gc,heap       ] GC(98) Humongous regions: 129->129
[2023-02-23T10:38:16.056+0700][gc,metaspace  ] GC(98) Metaspace: 44303K(47104K)->44303K(47104K) NonClass: 38737K(40192K)->38737K(40192K) Class: 5565K(6912K)->5565K(6912K)
[2023-02-23T10:38:16.056+0700][gc            ] GC(98) Pause Young (Normal) (G1 Evacuation Pause) 777M->167M(1024M) 3.302ms
[2023-02-23T10:38:16.056+0700][gc,cpu        ] GC(98) User=0.00s Sys=0.02s Real=0.00s
[2023-02-23T10:39:23.628+0700][gc,start      ] GC(99) Pause Young (Normal) (G1 Evacuation Pause)
[2023-02-23T10:39:23.629+0700][gc,task       ] GC(99) Using 13 workers of 13 for evacuation
[2023-02-23T10:39:23.631+0700][gc,phases     ] GC(99)   Pre Evacuate Collection Set: 0.0ms
[2023-02-23T10:39:23.631+0700][gc,phases     ] GC(99)   Evacuate Collection Set: 2.2ms
[2023-02-23T10:39:23.631+0700][gc,phases     ] GC(99)   Post Evacuate Collection Set: 0.5ms
[2023-02-23T10:39:23.631+0700][gc,phases     ] GC(99)   Other: 0.2ms
[2023-02-23T10:39:23.631+0700][gc,heap       ] GC(99) Eden regions: 610->0(610)
[2023-02-23T10:39:23.631+0700][gc,heap       ] GC(99) Survivor regions: 4->4(77)
[2023-02-23T10:39:23.631+0700][gc,heap       ] GC(99) Old regions: 37->37
[2023-02-23T10:39:23.631+0700][gc,heap       ] GC(99) Humongous regions: 129->129
[2023-02-23T10:39:23.632+0700][gc,metaspace  ] GC(99) Metaspace: 44320K(47104K)->44320K(47104K) NonClass: 38754K(40192K)->38754K(40192K) Class: 5565K(6912K)->5565K(6912K)
[2023-02-23T10:39:23.632+0700][gc            ] GC(99) Pause Young (Normal) (G1 Evacuation Pause) 777M->168M(1024M) 3.033ms
[2023-02-23T10:39:23.632+0700][gc,cpu        ] GC(99) User=0.01s Sys=0.02s Real=0.01s
[2023-02-23T10:39:39.768+0700][gc,start      ] GC(100) Pause Young (Normal) (G1 Evacuation Pause)
[2023-02-23T10:39:39.768+0700][gc,task       ] GC(100) Using 13 workers of 13 for evacuation
[2023-02-23T10:39:39.772+0700][gc,phases     ] GC(100)   Pre Evacuate Collection Set: 0.0ms
[2023-02-23T10:39:39.772+0700][gc,phases     ] GC(100)   Evacuate Collection Set: 3.2ms
[2023-02-23T10:39:39.772+0700][gc,phases     ] GC(100)   Post Evacuate Collection Set: 0.9ms
[2023-02-23T10:39:39.772+0700][gc,phases     ] GC(100)   Other: 0.3ms
[2023-02-23T10:39:39.772+0700][gc,heap       ] GC(100) Eden regions: 610->0(610)
[2023-02-23T10:39:39.772+0700][gc,heap       ] GC(100) Survivor regions: 4->4(77)
[2023-02-23T10:39:39.772+0700][gc,heap       ] GC(100) Old regions: 37->37
[2023-02-23T10:39:39.772+0700][gc,heap       ] GC(100) Humongous regions: 129->129
[2023-02-23T10:39:39.772+0700][gc,metaspace  ] GC(100) Metaspace: 44320K(47104K)->44320K(47104K) NonClass: 38754K(40192K)->38754K(40192K) Class: 5565K(6912K)->5565K(6912K)
[2023-02-23T10:39:39.772+0700][gc            ] GC(100) Pause Young (Normal) (G1 Evacuation Pause) 778M->168M(1024M) 4.628ms
[2023-02-23T10:39:39.772+0700][gc,cpu        ] GC(100) User=0.02s Sys=0.03s Real=0.01s
[2023-02-23T10:39:56.162+0700][gc,start      ] GC(101) Pause Young (Normal) (G1 Evacuation Pause)
[2023-02-23T10:39:56.162+0700][gc,task       ] GC(101) Using 13 workers of 13 for evacuation
[2023-02-23T10:39:56.167+0700][gc,phases     ] GC(101)   Pre Evacuate Collection Set: 0.0ms
[2023-02-23T10:39:56.167+0700][gc,phases     ] GC(101)   Evacuate Collection Set: 3.5ms
[2023-02-23T10:39:56.167+0700][gc,phases     ] GC(101)   Post Evacuate Collection Set: 0.7ms
[2023-02-23T10:39:56.167+0700][gc,phases     ] GC(101)   Other: 0.3ms
[2023-02-23T10:39:56.167+0700][gc,heap       ] GC(101) Eden regions: 610->0(609)
[2023-02-23T10:39:56.167+0700][gc,heap       ] GC(101) Survivor regions: 4->5(77)
[2023-02-23T10:39:56.167+0700][gc,heap       ] GC(101) Old regions: 37->38
[2023-02-23T10:39:56.167+0700][gc,heap       ] GC(101) Humongous regions: 129->129
[2023-02-23T10:39:56.167+0700][gc,metaspace  ] GC(101) Metaspace: 44320K(47104K)->44320K(47104K) NonClass: 38754K(40192K)->38754K(40192K) Class: 5565K(6912K)->5565K(6912K)
[2023-02-23T10:39:56.167+0700][gc            ] GC(101) Pause Young (Normal) (G1 Evacuation Pause) 778M->169M(1024M) 4.709ms
[2023-02-23T10:39:56.167+0700][gc,cpu        ] GC(101) User=0.04s Sys=0.00s Real=0.00s
[2023-02-23T10:40:12.304+0700][gc,start      ] GC(102) Pause Young (Normal) (G1 Evacuation Pause)
[2023-02-23T10:40:12.304+0700][gc,task       ] GC(102) Using 13 workers of 13 for evacuation
[2023-02-23T10:40:12.308+0700][gc,phases     ] GC(102)   Pre Evacuate Collection Set: 0.0ms
[2023-02-23T10:40:12.308+0700][gc,phases     ] GC(102)   Evacuate Collection Set: 2.9ms
[2023-02-23T10:40:12.308+0700][gc,phases     ] GC(102)   Post Evacuate Collection Set: 0.5ms
[2023-02-23T10:40:12.308+0700][gc,phases     ] GC(102)   Other: 0.2ms
[2023-02-23T10:40:12.308+0700][gc,heap       ] GC(102) Eden regions: 609->0(609)
[2023-02-23T10:40:12.308+0700][gc,heap       ] GC(102) Survivor regions: 5->5(77)
[2023-02-23T10:40:12.308+0700][gc,heap       ] GC(102) Old regions: 38->38
[2023-02-23T10:40:12.308+0700][gc,heap       ] GC(102) Humongous regions: 129->129
[2023-02-23T10:40:12.308+0700][gc,metaspace  ] GC(102) Metaspace: 44320K(47104K)->44320K(47104K) NonClass: 38754K(40192K)->38754K(40192K) Class: 5565K(6912K)->5565K(6912K)
[2023-02-23T10:40:12.308+0700][gc            ] GC(102) Pause Young (Normal) (G1 Evacuation Pause) 778M->169M(1024M) 3.708ms
[2023-02-23T10:40:12.308+0700][gc,cpu        ] GC(102) User=0.02s Sys=0.02s Real=0.00s
[2023-02-23T10:40:28.339+0700][gc,start      ] GC(103) Pause Young (Normal) (G1 Evacuation Pause)
[2023-02-23T10:40:28.339+0700][gc,task       ] GC(103) Using 13 workers of 13 for evacuation
[2023-02-23T10:40:28.343+0700][gc,phases     ] GC(103)   Pre Evacuate Collection Set: 0.0ms
[2023-02-23T10:40:28.343+0700][gc,phases     ] GC(103)   Evacuate Collection Set: 3.1ms
[2023-02-23T10:40:28.343+0700][gc,phases     ] GC(103)   Post Evacuate Collection Set: 0.6ms
[2023-02-23T10:40:28.343+0700][gc,phases     ] GC(103)   Other: 0.2ms
[2023-02-23T10:40:28.343+0700][gc,heap       ] GC(103) Eden regions: 609->0(609)
[2023-02-23T10:40:28.343+0700][gc,heap       ] GC(103) Survivor regions: 5->5(77)
[2023-02-23T10:40:28.343+0700][gc,heap       ] GC(103) Old regions: 38->38
[2023-02-23T10:40:28.343+0700][gc,heap       ] GC(103) Humongous regions: 129->129
[2023-02-23T10:40:28.343+0700][gc,metaspace  ] GC(103) Metaspace: 44320K(47104K)->44320K(47104K) NonClass: 38754K(40192K)->38754K(40192K) Class: 5565K(6912K)->5565K(6912K)
[2023-02-23T10:40:28.343+0700][gc            ] GC(103) Pause Young (Normal) (G1 Evacuation Pause) 778M->170M(1024M) 4.006ms
[2023-02-23T10:40:28.343+0700][gc,cpu        ] GC(103) User=0.02s Sys=0.03s Real=0.01s
[2023-02-23T10:40:42.724+0700][gc,start      ] GC(104) Pause Young (Normal) (G1 Evacuation Pause)
[2023-02-23T10:40:42.724+0700][gc,task       ] GC(104) Using 13 workers of 13 for evacuation
[2023-02-23T10:40:42.729+0700][gc,phases     ] GC(104)   Pre Evacuate Collection Set: 0.0ms
[2023-02-23T10:40:42.729+0700][gc,phases     ] GC(104)   Evacuate Collection Set: 3.9ms
[2023-02-23T10:40:42.729+0700][gc,phases     ] GC(104)   Post Evacuate Collection Set: 0.6ms
[2023-02-23T10:40:42.729+0700][gc,phases     ] GC(104)   Other: 0.3ms
[2023-02-23T10:40:42.729+0700][gc,heap       ] GC(104) Eden regions: 609->0(608)
[2023-02-23T10:40:42.729+0700][gc,heap       ] GC(104) Survivor regions: 5->6(77)
[2023-02-23T10:40:42.729+0700][gc,heap       ] GC(104) Old regions: 38->38
[2023-02-23T10:40:42.729+0700][gc,heap       ] GC(104) Humongous regions: 129->129
[2023-02-23T10:40:42.729+0700][gc,metaspace  ] GC(104) Metaspace: 44320K(47104K)->44320K(47104K) NonClass: 38754K(40192K)->38754K(40192K) Class: 5565K(6912K)->5565K(6912K)
[2023-02-23T10:40:42.729+0700][gc            ] GC(104) Pause Young (Normal) (G1 Evacuation Pause) 779M->170M(1024M) 5.017ms
[2023-02-23T10:40:42.729+0700][gc,cpu        ] GC(104) User=0.05s Sys=0.00s Real=0.00s
[2023-02-23T10:40:58.652+0700][gc,start      ] GC(105) Pause Young (Normal) (G1 Evacuation Pause)
[2023-02-23T10:40:58.652+0700][gc,task       ] GC(105) Using 13 workers of 13 for evacuation
[2023-02-23T10:40:58.656+0700][gc,phases     ] GC(105)   Pre Evacuate Collection Set: 0.0ms
[2023-02-23T10:40:58.656+0700][gc,phases     ] GC(105)   Evacuate Collection Set: 3.1ms
[2023-02-23T10:40:58.656+0700][gc,phases     ] GC(105)   Post Evacuate Collection Set: 0.6ms
[2023-02-23T10:40:58.656+0700][gc,phases     ] GC(105)   Other: 0.3ms
[2023-02-23T10:40:58.656+0700][gc,heap       ] GC(105) Eden regions: 608->0(608)
[2023-02-23T10:40:58.656+0700][gc,heap       ] GC(105) Survivor regions: 6->6(77)
[2023-02-23T10:40:58.656+0700][gc,heap       ] GC(105) Old regions: 38->39
[2023-02-23T10:40:58.656+0700][gc,heap       ] GC(105) Humongous regions: 129->129
[2023-02-23T10:40:58.656+0700][gc,metaspace  ] GC(105) Metaspace: 44320K(47104K)->44320K(47104K) NonClass: 38754K(40192K)->38754K(40192K) Class: 5565K(6912K)->5565K(6912K)
[2023-02-23T10:40:58.656+0700][gc            ] GC(105) Pause Young (Normal) (G1 Evacuation Pause) 778M->171M(1024M) 4.221ms
[2023-02-23T10:40:58.656+0700][gc,cpu        ] GC(105) User=0.02s Sys=0.02s Real=0.00s
[2023-02-23T10:41:14.777+0700][gc,start      ] GC(106) Pause Young (Normal) (G1 Evacuation Pause)
[2023-02-23T10:41:14.777+0700][gc,task       ] GC(106) Using 13 workers of 13 for evacuation
[2023-02-23T10:41:14.781+0700][gc,phases     ] GC(106)   Pre Evacuate Collection Set: 0.0ms
[2023-02-23T10:41:14.781+0700][gc,phases     ] GC(106)   Evacuate Collection Set: 3.4ms
[2023-02-23T10:41:14.781+0700][gc,phases     ] GC(106)   Post Evacuate Collection Set: 0.7ms
[2023-02-23T10:41:14.781+0700][gc,phases     ] GC(106)   Other: 0.2ms
[2023-02-23T10:41:14.781+0700][gc,heap       ] GC(106) Eden regions: 608->0(608)
[2023-02-23T10:41:14.781+0700][gc,heap       ] GC(106) Survivor regions: 6->6(77)
[2023-02-23T10:41:14.781+0700][gc,heap       ] GC(106) Old regions: 39->39
[2023-02-23T10:41:14.781+0700][gc,heap       ] GC(106) Humongous regions: 129->129
[2023-02-23T10:41:14.781+0700][gc,metaspace  ] GC(106) Metaspace: 44320K(47104K)->44320K(47104K) NonClass: 38754K(40192K)->38754K(40192K) Class: 5565K(6912K)->5565K(6912K)
[2023-02-23T10:41:14.781+0700][gc            ] GC(106) Pause Young (Normal) (G1 Evacuation Pause) 779M->171M(1024M) 4.523ms
[2023-02-23T10:41:14.781+0700][gc,cpu        ] GC(106) User=0.05s Sys=0.00s Real=0.01s
[2023-02-23T10:41:30.276+0700][gc,start      ] GC(107) Pause Young (Normal) (G1 Evacuation Pause)
[2023-02-23T10:41:30.276+0700][gc,task       ] GC(107) Using 13 workers of 13 for evacuation
[2023-02-23T10:41:30.281+0700][gc,phases     ] GC(107)   Pre Evacuate Collection Set: 0.0ms
[2023-02-23T10:41:30.281+0700][gc,phases     ] GC(107)   Evacuate Collection Set: 4.2ms
[2023-02-23T10:41:30.281+0700][gc,phases     ] GC(107)   Post Evacuate Collection Set: 0.7ms
[2023-02-23T10:41:30.281+0700][gc,phases     ] GC(107)   Other: 0.3ms
[2023-02-23T10:41:30.281+0700][gc,heap       ] GC(107) Eden regions: 608->0(607)
[2023-02-23T10:41:30.281+0700][gc,heap       ] GC(107) Survivor regions: 6->7(77)
[2023-02-23T10:41:30.281+0700][gc,heap       ] GC(107) Old regions: 39->39
[2023-02-23T10:41:30.281+0700][gc,heap       ] GC(107) Humongous regions: 129->129
[2023-02-23T10:41:30.281+0700][gc,metaspace  ] GC(107) Metaspace: 44320K(47104K)->44320K(47104K) NonClass: 38754K(40192K)->38754K(40192K) Class: 5565K(6912K)->5565K(6912K)
[2023-02-23T10:41:30.281+0700][gc            ] GC(107) Pause Young (Normal) (G1 Evacuation Pause) 779M->172M(1024M) 5.441ms
[2023-02-23T10:41:30.282+0700][gc,cpu        ] GC(107) User=0.04s Sys=0.00s Real=0.01s
[2023-02-23T10:41:46.359+0700][gc,start      ] GC(108) Pause Young (Normal) (G1 Evacuation Pause)
[2023-02-23T10:41:46.359+0700][gc,task       ] GC(108) Using 13 workers of 13 for evacuation
[2023-02-23T10:41:46.363+0700][gc,phases     ] GC(108)   Pre Evacuate Collection Set: 0.0ms
[2023-02-23T10:41:46.363+0700][gc,phases     ] GC(108)   Evacuate Collection Set: 3.1ms
[2023-02-23T10:41:46.363+0700][gc,phases     ] GC(108)   Post Evacuate Collection Set: 0.5ms
[2023-02-23T10:41:46.363+0700][gc,phases     ] GC(108)   Other: 0.3ms
[2023-02-23T10:41:46.363+0700][gc,heap       ] GC(108) Eden regions: 607->0(607)
[2023-02-23T10:41:46.363+0700][gc,heap       ] GC(108) Survivor regions: 7->7(77)
[2023-02-23T10:41:46.363+0700][gc,heap       ] GC(108) Old regions: 39->39
[2023-02-23T10:41:46.363+0700][gc,heap       ] GC(108) Humongous regions: 129->129
[2023-02-23T10:41:46.363+0700][gc,metaspace  ] GC(108) Metaspace: 44320K(47104K)->44320K(47104K) NonClass: 38754K(40192K)->38754K(40192K) Class: 5565K(6912K)->5565K(6912K)
[2023-02-23T10:41:46.363+0700][gc            ] GC(108) Pause Young (Normal) (G1 Evacuation Pause) 779M->172M(1024M) 4.050ms
[2023-02-23T10:41:46.363+0700][gc,cpu        ] GC(108) User=0.04s Sys=0.01s Real=0.01s
[2023-02-23T10:42:02.244+0700][gc,start      ] GC(109) Pause Young (Normal) (G1 Evacuation Pause)
[2023-02-23T10:42:02.244+0700][gc,task       ] GC(109) Using 13 workers of 13 for evacuation
[2023-02-23T10:42:02.249+0700][gc,phases     ] GC(109)   Pre Evacuate Collection Set: 0.0ms
[2023-02-23T10:42:02.249+0700][gc,phases     ] GC(109)   Evacuate Collection Set: 4.0ms
[2023-02-23T10:42:02.249+0700][gc,phases     ] GC(109)   Post Evacuate Collection Set: 0.6ms
[2023-02-23T10:42:02.249+0700][gc,phases     ] GC(109)   Other: 0.3ms
[2023-02-23T10:42:02.249+0700][gc,heap       ] GC(109) Eden regions: 607->0(607)
[2023-02-23T10:42:02.249+0700][gc,heap       ] GC(109) Survivor regions: 7->7(77)
[2023-02-23T10:42:02.249+0700][gc,heap       ] GC(109) Old regions: 39->39
[2023-02-23T10:42:02.249+0700][gc,heap       ] GC(109) Humongous regions: 129->129
[2023-02-23T10:42:02.249+0700][gc,metaspace  ] GC(109) Metaspace: 44320K(47104K)->44320K(47104K) NonClass: 38754K(40192K)->38754K(40192K) Class: 5565K(6912K)->5565K(6912K)
[2023-02-23T10:42:02.249+0700][gc            ] GC(109) Pause Young (Normal) (G1 Evacuation Pause) 779M->173M(1024M) 5.026ms
[2023-02-23T10:42:02.249+0700][gc,cpu        ] GC(109) User=0.05s Sys=0.00s Real=0.00s
[2023-02-23T10:42:17.368+0700][gc,start      ] GC(110) Pause Young (Normal) (G1 Evacuation Pause)
[2023-02-23T10:42:17.368+0700][gc,task       ] GC(110) Using 13 workers of 13 for evacuation
[2023-02-23T10:42:17.372+0700][gc,phases     ] GC(110)   Pre Evacuate Collection Set: 0.0ms
[2023-02-23T10:42:17.372+0700][gc,phases     ] GC(110)   Evacuate Collection Set: 3.6ms
[2023-02-23T10:42:17.372+0700][gc,phases     ] GC(110)   Post Evacuate Collection Set: 0.5ms
[2023-02-23T10:42:17.372+0700][gc,phases     ] GC(110)   Other: 0.2ms
[2023-02-23T10:42:17.372+0700][gc,heap       ] GC(110) Eden regions: 607->0(606)
[2023-02-23T10:42:17.372+0700][gc,heap       ] GC(110) Survivor regions: 7->8(77)
[2023-02-23T10:42:17.372+0700][gc,heap       ] GC(110) Old regions: 39->40
[2023-02-23T10:42:17.372+0700][gc,heap       ] GC(110) Humongous regions: 129->129
[2023-02-23T10:42:17.372+0700][gc,metaspace  ] GC(110) Metaspace: 44320K(47104K)->44320K(47104K) NonClass: 38754K(40192K)->38754K(40192K) Class: 5565K(6912K)->5565K(6912K)
[2023-02-23T10:42:17.372+0700][gc            ] GC(110) Pause Young (Normal) (G1 Evacuation Pause) 780M->174M(1024M) 4.451ms
[2023-02-23T10:42:17.373+0700][gc,cpu        ] GC(110) User=0.04s Sys=0.01s Real=0.01s
[2023-02-23T10:42:32.879+0700][gc,start      ] GC(111) Pause Young (Normal) (G1 Evacuation Pause)
[2023-02-23T10:42:32.879+0700][gc,task       ] GC(111) Using 13 workers of 13 for evacuation
[2023-02-23T10:42:32.884+0700][gc,phases     ] GC(111)   Pre Evacuate Collection Set: 0.0ms
[2023-02-23T10:42:32.884+0700][gc,phases     ] GC(111)   Evacuate Collection Set: 4.2ms
[2023-02-23T10:42:32.884+0700][gc,phases     ] GC(111)   Post Evacuate Collection Set: 0.6ms
[2023-02-23T10:42:32.884+0700][gc,phases     ] GC(111)   Other: 0.3ms
[2023-02-23T10:42:32.884+0700][gc,heap       ] GC(111) Eden regions: 606->0(606)
[2023-02-23T10:42:32.884+0700][gc,heap       ] GC(111) Survivor regions: 8->8(77)
[2023-02-23T10:42:32.884+0700][gc,heap       ] GC(111) Old regions: 40->40
[2023-02-23T10:42:32.884+0700][gc,heap       ] GC(111) Humongous regions: 129->129
[2023-02-23T10:42:32.884+0700][gc,metaspace  ] GC(111) Metaspace: 44320K(47104K)->44320K(47104K) NonClass: 38754K(40192K)->38754K(40192K) Class: 5565K(6912K)->5565K(6912K)
[2023-02-23T10:42:32.884+0700][gc            ] GC(111) Pause Young (Normal) (G1 Evacuation Pause) 780M->174M(1024M) 5.222ms
[2023-02-23T10:42:32.884+0700][gc,cpu        ] GC(111) User=0.04s Sys=0.01s Real=0.01s
[2023-02-23T10:42:48.740+0700][gc,start      ] GC(112) Pause Young (Normal) (G1 Evacuation Pause)
[2023-02-23T10:42:48.740+0700][gc,task       ] GC(112) Using 13 workers of 13 for evacuation
[2023-02-23T10:42:48.744+0700][gc,phases     ] GC(112)   Pre Evacuate Collection Set: 0.0ms
[2023-02-23T10:42:48.744+0700][gc,phases     ] GC(112)   Evacuate Collection Set: 3.3ms
[2023-02-23T10:42:48.744+0700][gc,phases     ] GC(112)   Post Evacuate Collection Set: 0.6ms
[2023-02-23T10:42:48.744+0700][gc,phases     ] GC(112)   Other: 0.2ms
[2023-02-23T10:42:48.744+0700][gc,heap       ] GC(112) Eden regions: 606->0(606)
[2023-02-23T10:42:48.744+0700][gc,heap       ] GC(112) Survivor regions: 8->8(77)
[2023-02-23T10:42:48.744+0700][gc,heap       ] GC(112) Old regions: 40->40
[2023-02-23T10:42:48.744+0700][gc,heap       ] GC(112) Humongous regions: 129->129
[2023-02-23T10:42:48.744+0700][gc,metaspace  ] GC(112) Metaspace: 44320K(47104K)->44320K(47104K) NonClass: 38754K(40192K)->38754K(40192K) Class: 5565K(6912K)->5565K(6912K)
[2023-02-23T10:42:48.744+0700][gc            ] GC(112) Pause Young (Normal) (G1 Evacuation Pause) 780M->175M(1024M) 4.277ms
[2023-02-23T10:42:48.744+0700][gc,cpu        ] GC(112) User=0.00s Sys=0.04s Real=0.00s
[2023-02-23T10:43:03.578+0700][gc,start      ] GC(113) Pause Young (Normal) (G1 Evacuation Pause)
[2023-02-23T10:43:03.578+0700][gc,task       ] GC(113) Using 13 workers of 13 for evacuation
[2023-02-23T10:43:03.582+0700][gc,phases     ] GC(113)   Pre Evacuate Collection Set: 0.0ms
[2023-02-23T10:43:03.582+0700][gc,phases     ] GC(113)   Evacuate Collection Set: 3.2ms
[2023-02-23T10:43:03.582+0700][gc,phases     ] GC(113)   Post Evacuate Collection Set: 0.6ms
[2023-02-23T10:43:03.582+0700][gc,phases     ] GC(113)   Other: 0.2ms
[2023-02-23T10:43:03.582+0700][gc,heap       ] GC(113) Eden regions: 606->0(605)
[2023-02-23T10:43:03.582+0700][gc,heap       ] GC(113) Survivor regions: 8->9(77)
[2023-02-23T10:43:03.582+0700][gc,heap       ] GC(113) Old regions: 40->40
[2023-02-23T10:43:03.582+0700][gc,heap       ] GC(113) Humongous regions: 129->129
[2023-02-23T10:43:03.582+0700][gc,metaspace  ] GC(113) Metaspace: 44320K(47104K)->44320K(47104K) NonClass: 38754K(40192K)->38754K(40192K) Class: 5565K(6912K)->5565K(6912K)
[2023-02-23T10:43:03.582+0700][gc            ] GC(113) Pause Young (Normal) (G1 Evacuation Pause) 781M->175M(1024M) 4.129ms
[2023-02-23T10:43:03.582+0700][gc,cpu        ] GC(113) User=0.04s Sys=0.00s Real=0.01s
[2023-02-23T10:43:18.434+0700][gc,start      ] GC(114) Pause Young (Normal) (G1 Evacuation Pause)
[2023-02-23T10:43:18.434+0700][gc,task       ] GC(114) Using 13 workers of 13 for evacuation
[2023-02-23T10:43:18.438+0700][gc,phases     ] GC(114)   Pre Evacuate Collection Set: 0.0ms
[2023-02-23T10:43:18.439+0700][gc,phases     ] GC(114)   Evacuate Collection Set: 4.0ms
[2023-02-23T10:43:18.439+0700][gc,phases     ] GC(114)   Post Evacuate Collection Set: 0.7ms
[2023-02-23T10:43:18.439+0700][gc,phases     ] GC(114)   Other: 0.3ms
[2023-02-23T10:43:18.439+0700][gc,heap       ] GC(114) Eden regions: 605->0(605)
[2023-02-23T10:43:18.439+0700][gc,heap       ] GC(114) Survivor regions: 9->9(77)
[2023-02-23T10:43:18.439+0700][gc,heap       ] GC(114) Old regions: 40->41
[2023-02-23T10:43:18.439+0700][gc,heap       ] GC(114) Humongous regions: 129->129
[2023-02-23T10:43:18.439+0700][gc,metaspace  ] GC(114) Metaspace: 44320K(47104K)->44320K(47104K) NonClass: 38754K(40192K)->38754K(40192K) Class: 5565K(6912K)->5565K(6912K)
[2023-02-23T10:43:18.439+0700][gc            ] GC(114) Pause Young (Normal) (G1 Evacuation Pause) 780M->176M(1024M) 5.165ms
[2023-02-23T10:43:18.439+0700][gc,cpu        ] GC(114) User=0.05s Sys=0.01s Real=0.00s
[2023-02-23T10:43:35.233+0700][gc,start      ] GC(115) Pause Young (Normal) (G1 Evacuation Pause)
[2023-02-23T10:43:35.233+0700][gc,task       ] GC(115) Using 13 workers of 13 for evacuation
[2023-02-23T10:43:35.239+0700][gc,phases     ] GC(115)   Pre Evacuate Collection Set: 0.0ms
[2023-02-23T10:43:35.239+0700][gc,phases     ] GC(115)   Evacuate Collection Set: 5.2ms
[2023-02-23T10:43:35.239+0700][gc,phases     ] GC(115)   Post Evacuate Collection Set: 0.7ms
[2023-02-23T10:43:35.239+0700][gc,phases     ] GC(115)   Other: 0.3ms
[2023-02-23T10:43:35.239+0700][gc,heap       ] GC(115) Eden regions: 605->0(605)
[2023-02-23T10:43:35.239+0700][gc,heap       ] GC(115) Survivor regions: 9->9(77)
[2023-02-23T10:43:35.239+0700][gc,heap       ] GC(115) Old regions: 41->41
[2023-02-23T10:43:35.239+0700][gc,heap       ] GC(115) Humongous regions: 129->129
[2023-02-23T10:43:35.239+0700][gc,metaspace  ] GC(115) Metaspace: 44320K(47104K)->44320K(47104K) NonClass: 38754K(40192K)->38754K(40192K) Class: 5565K(6912K)->5565K(6912K)
[2023-02-23T10:43:35.239+0700][gc            ] GC(115) Pause Young (Normal) (G1 Evacuation Pause) 781M->176M(1024M) 6.505ms
[2023-02-23T10:43:35.239+0700][gc,cpu        ] GC(115) User=0.06s Sys=0.01s Real=0.01s
[2023-02-23T10:43:53.815+0700][gc,start      ] GC(116) Pause Young (Normal) (G1 Evacuation Pause)
[2023-02-23T10:43:53.815+0700][gc,task       ] GC(116) Using 13 workers of 13 for evacuation
[2023-02-23T10:43:53.819+0700][gc,phases     ] GC(116)   Pre Evacuate Collection Set: 0.0ms
[2023-02-23T10:43:53.819+0700][gc,phases     ] GC(116)   Evacuate Collection Set: 3.0ms
[2023-02-23T10:43:53.819+0700][gc,phases     ] GC(116)   Post Evacuate Collection Set: 0.5ms
[2023-02-23T10:43:53.819+0700][gc,phases     ] GC(116)   Other: 0.2ms
[2023-02-23T10:43:53.819+0700][gc,heap       ] GC(116) Eden regions: 605->0(605)
[2023-02-23T10:43:53.819+0700][gc,heap       ] GC(116) Survivor regions: 9->9(77)
[2023-02-23T10:43:53.819+0700][gc,heap       ] GC(116) Old regions: 41->42
[2023-02-23T10:43:53.819+0700][gc,heap       ] GC(116) Humongous regions: 129->129
[2023-02-23T10:43:53.819+0700][gc,metaspace  ] GC(116) Metaspace: 44321K(47104K)->44321K(47104K) NonClass: 38755K(40192K)->38755K(40192K) Class: 5565K(6912K)->5565K(6912K)
[2023-02-23T10:43:53.819+0700][gc            ] GC(116) Pause Young (Normal) (G1 Evacuation Pause) 781M->177M(1024M) 3.845ms
[2023-02-23T10:43:53.819+0700][gc,cpu        ] GC(116) User=0.03s Sys=0.02s Real=0.00s
[2023-02-23T10:44:09.018+0700][gc,start      ] GC(117) Pause Young (Normal) (G1 Evacuation Pause)
[2023-02-23T10:44:09.018+0700][gc,task       ] GC(117) Using 13 workers of 13 for evacuation
[2023-02-23T10:44:09.023+0700][gc,phases     ] GC(117)   Pre Evacuate Collection Set: 0.0ms
[2023-02-23T10:44:09.023+0700][gc,phases     ] GC(117)   Evacuate Collection Set: 3.9ms
[2023-02-23T10:44:09.023+0700][gc,phases     ] GC(117)   Post Evacuate Collection Set: 0.7ms
[2023-02-23T10:44:09.023+0700][gc,phases     ] GC(117)   Other: 0.2ms
[2023-02-23T10:44:09.023+0700][gc,heap       ] GC(117) Eden regions: 605->0(605)
[2023-02-23T10:44:09.023+0700][gc,heap       ] GC(117) Survivor regions: 9->9(77)
[2023-02-23T10:44:09.023+0700][gc,heap       ] GC(117) Old regions: 42->43
[2023-02-23T10:44:09.023+0700][gc,heap       ] GC(117) Humongous regions: 129->129
[2023-02-23T10:44:09.023+0700][gc,metaspace  ] GC(117) Metaspace: 44321K(47104K)->44321K(47104K) NonClass: 38755K(40192K)->38755K(40192K) Class: 5565K(6912K)->5565K(6912K)
[2023-02-23T10:44:09.023+0700][gc            ] GC(117) Pause Young (Normal) (G1 Evacuation Pause) 782M->177M(1024M) 5.065ms
[2023-02-23T10:44:09.023+0700][gc,cpu        ] GC(117) User=0.03s Sys=0.02s Real=0.01s
[2023-02-23T10:44:24.898+0700][gc,start      ] GC(118) Pause Young (Normal) (G1 Evacuation Pause)
[2023-02-23T10:44:24.898+0700][gc,task       ] GC(118) Using 13 workers of 13 for evacuation
[2023-02-23T10:44:24.904+0700][gc,phases     ] GC(118)   Pre Evacuate Collection Set: 0.0ms
[2023-02-23T10:44:24.904+0700][gc,phases     ] GC(118)   Evacuate Collection Set: 5.7ms
[2023-02-23T10:44:24.904+0700][gc,phases     ] GC(118)   Post Evacuate Collection Set: 0.7ms
[2023-02-23T10:44:24.904+0700][gc,phases     ] GC(118)   Other: 0.3ms
[2023-02-23T10:44:24.904+0700][gc,heap       ] GC(118) Eden regions: 605->0(605)
[2023-02-23T10:44:24.905+0700][gc,heap       ] GC(118) Survivor regions: 9->9(77)
[2023-02-23T10:44:24.905+0700][gc,heap       ] GC(118) Old regions: 43->43
[2023-02-23T10:44:24.905+0700][gc,heap       ] GC(118) Humongous regions: 129->129
[2023-02-23T10:44:24.905+0700][gc,metaspace  ] GC(118) Metaspace: 44321K(47104K)->44321K(47104K) NonClass: 38755K(40192K)->38755K(40192K) Class: 5565K(6912K)->5565K(6912K)
[2023-02-23T10:44:24.905+0700][gc            ] GC(118) Pause Young (Normal) (G1 Evacuation Pause) 782M->178M(1024M) 6.987ms
[2023-02-23T10:44:24.905+0700][gc,cpu        ] GC(118) User=0.08s Sys=0.00s Real=0.01s
[2023-02-23T10:44:40.397+0700][gc,start      ] GC(119) Pause Young (Normal) (G1 Evacuation Pause)
[2023-02-23T10:44:40.397+0700][gc,task       ] GC(119) Using 13 workers of 13 for evacuation
[2023-02-23T10:44:40.403+0700][gc,phases     ] GC(119)   Pre Evacuate Collection Set: 0.0ms
[2023-02-23T10:44:40.403+0700][gc,phases     ] GC(119)   Evacuate Collection Set: 4.7ms
[2023-02-23T10:44:40.403+0700][gc,phases     ] GC(119)   Post Evacuate Collection Set: 0.6ms
[2023-02-23T10:44:40.403+0700][gc,phases     ] GC(119)   Other: 0.2ms
[2023-02-23T10:44:40.403+0700][gc,heap       ] GC(119) Eden regions: 605->0(605)
[2023-02-23T10:44:40.403+0700][gc,heap       ] GC(119) Survivor regions: 9->9(77)
[2023-02-23T10:44:40.403+0700][gc,heap       ] GC(119) Old regions: 43->44
[2023-02-23T10:44:40.403+0700][gc,heap       ] GC(119) Humongous regions: 129->129
[2023-02-23T10:44:40.403+0700][gc,metaspace  ] GC(119) Metaspace: 44321K(47104K)->44321K(47104K) NonClass: 38755K(40192K)->38755K(40192K) Class: 5565K(6912K)->5565K(6912K)
[2023-02-23T10:44:40.403+0700][gc            ] GC(119) Pause Young (Normal) (G1 Evacuation Pause) 783M->179M(1024M) 5.578ms
[2023-02-23T10:44:40.403+0700][gc,cpu        ] GC(119) User=0.06s Sys=0.00s Real=0.01s
[2023-02-23T10:44:57.353+0700][gc,start      ] GC(120) Pause Young (Normal) (G1 Evacuation Pause)
[2023-02-23T10:44:57.353+0700][gc,task       ] GC(120) Using 13 workers of 13 for evacuation
[2023-02-23T10:44:57.358+0700][gc,phases     ] GC(120)   Pre Evacuate Collection Set: 0.0ms
[2023-02-23T10:44:57.359+0700][gc,phases     ] GC(120)   Evacuate Collection Set: 4.2ms
[2023-02-23T10:44:57.359+0700][gc,phases     ] GC(120)   Post Evacuate Collection Set: 0.7ms
[2023-02-23T10:44:57.359+0700][gc,phases     ] GC(120)   Other: 0.3ms
[2023-02-23T10:44:57.359+0700][gc,heap       ] GC(120) Eden regions: 605->0(605)
[2023-02-23T10:44:57.359+0700][gc,heap       ] GC(120) Survivor regions: 9->9(77)
[2023-02-23T10:44:57.359+0700][gc,heap       ] GC(120) Old regions: 44->44
[2023-02-23T10:44:57.359+0700][gc,heap       ] GC(120) Humongous regions: 129->129
[2023-02-23T10:44:57.359+0700][gc,metaspace  ] GC(120) Metaspace: 44321K(47104K)->44321K(47104K) NonClass: 38755K(40192K)->38755K(40192K) Class: 5565K(6912K)->5565K(6912K)
[2023-02-23T10:44:57.359+0700][gc            ] GC(120) Pause Young (Normal) (G1 Evacuation Pause) 784M->179M(1024M) 5.402ms
[2023-02-23T10:44:57.359+0700][gc,cpu        ] GC(120) User=0.06s Sys=0.00s Real=0.00s
[2023-02-23T13:34:12.862+0700][gc,start      ] GC(121) Pause Young (Normal) (G1 Evacuation Pause)
[2023-02-23T13:34:12.863+0700][gc,task       ] GC(121) Using 13 workers of 13 for evacuation
[2023-02-23T13:34:12.872+0700][gc,phases     ] GC(121)   Pre Evacuate Collection Set: 0.1ms
[2023-02-23T13:34:12.872+0700][gc,phases     ] GC(121)   Evacuate Collection Set: 6.4ms
[2023-02-23T13:34:12.872+0700][gc,phases     ] GC(121)   Post Evacuate Collection Set: 0.8ms
[2023-02-23T13:34:12.872+0700][gc,phases     ] GC(121)   Other: 4.6ms
[2023-02-23T13:34:12.872+0700][gc,heap       ] GC(121) Eden regions: 605->0(601)
[2023-02-23T13:34:12.872+0700][gc,heap       ] GC(121) Survivor regions: 9->13(77)
[2023-02-23T13:34:12.872+0700][gc,heap       ] GC(121) Old regions: 44->45
[2023-02-23T13:34:12.872+0700][gc,heap       ] GC(121) Humongous regions: 129->129
[2023-02-23T13:34:12.873+0700][gc,metaspace  ] GC(121) Metaspace: 44661K(47616K)->44661K(47616K) NonClass: 39062K(40704K)->39062K(40704K) Class: 5598K(6912K)->5598K(6912K)
[2023-02-23T13:34:12.873+0700][gc            ] GC(121) Pause Young (Normal) (G1 Evacuation Pause) 784M->184M(1024M) 10.929ms
[2023-02-23T13:34:12.873+0700][gc,cpu        ] GC(121) User=0.06s Sys=0.01s Real=0.01s
[2023-02-23T18:01:57.442+0700][gc,heap,exit  ] Heap
[2023-02-23T18:01:57.443+0700][gc,heap,exit  ]  garbage-first heap   total 1048576K, used 564977K [0x00000000c0000000, 0x0000000100000000)
[2023-02-23T18:01:57.443+0700][gc,heap,exit  ]   region size 1024K, 382 young (391168K), 13 survivors (13312K)
[2023-02-23T18:01:57.443+0700][gc,heap,exit  ]  Metaspace       used 45679K, capacity 48698K, committed 49024K, reserved 1091584K
[2023-02-23T18:01:57.443+0700][gc,heap,exit  ]   class space    used 5815K, capacity 7209K, committed 7296K, reserved 1048576K
