[2023-03-04T09:06:36.378+0700][gc,heap] Heap region size: 1M
[2023-03-04T09:06:36.384+0700][gc     ] Using G1
[2023-03-04T09:06:36.384+0700][gc,heap,coops] Heap address: 0x00000000c0000000, size: 1024 MB, Compressed Oops mode: 32-bit
[2023-03-04T09:06:36.384+0700][gc,cds       ] Mark closed archive regions in map: [0x00000000fff00000, 0x00000000fff6aff8]
[2023-03-04T09:06:36.384+0700][gc,cds       ] Mark open archive regions in map: [0x00000000ffe00000, 0x00000000ffe47ff8]
[2023-03-04T09:06:37.075+0700][gc,start     ] GC(0) Pause Young (Normal) (GCLocker Initiated GC)
[2023-03-04T09:06:37.075+0700][gc,task      ] GC(0) Using 13 workers of 13 for evacuation
[2023-03-04T09:06:37.085+0700][gc,phases    ] GC(0)   Pre Evacuate Collection Set: 0.0ms
[2023-03-04T09:06:37.085+0700][gc,phases    ] GC(0)   Evacuate Collection Set: 8.5ms
[2023-03-04T09:06:37.085+0700][gc,phases    ] GC(0)   Post Evacuate Collection Set: 0.6ms
[2023-03-04T09:06:37.085+0700][gc,phases    ] GC(0)   Other: 1.2ms
[2023-03-04T09:06:37.085+0700][gc,heap      ] GC(0) Eden regions: 51->0(44)
[2023-03-04T09:06:37.085+0700][gc,heap      ] GC(0) Survivor regions: 0->7(7)
[2023-03-04T09:06:37.085+0700][gc,heap      ] GC(0) Old regions: 2->2
[2023-03-04T09:06:37.085+0700][gc,heap      ] GC(0) Humongous regions: 0->0
[2023-03-04T09:06:37.085+0700][gc,metaspace ] GC(0) Metaspace: 14301K(15104K)->14301K(15104K) NonClass: 12557K(13056K)->12557K(13056K) Class: 1743K(2048K)->1743K(2048K)
[2023-03-04T09:06:37.085+0700][gc           ] GC(0) Pause Young (Normal) (GCLocker Initiated GC) 51M->7M(1024M) 10.353ms
[2023-03-04T09:06:37.085+0700][gc,cpu       ] GC(0) User=0.09s Sys=0.02s Real=0.01s
[2023-03-04T09:06:55.968+0700][gc,heap,exit ] Heap
[2023-03-04T09:06:55.968+0700][gc,heap,exit ]  garbage-first heap   total 1048576K, used 12574K [0x00000000c0000000, 0x0000000100000000)
[2023-03-04T09:06:55.968+0700][gc,heap,exit ]   region size 1024K, 13 young (13312K), 7 survivors (7168K)
[2023-03-04T09:06:55.968+0700][gc,heap,exit ]  Metaspace       used 15242K, capacity 15747K, committed 16000K, reserved 1062912K
[2023-03-04T09:06:55.968+0700][gc,heap,exit ]   class space    used 1859K, capacity 2058K, committed 2176K, reserved 1048576K
