[2023-02-20T15:01:41.965+0700][gc,heap] Heap region size: 1M
[2023-02-20T15:01:41.971+0700][gc     ] Using G1
[2023-02-20T15:01:41.971+0700][gc,heap,coops] Heap address: 0x00000000c0000000, size: 1024 MB, Compressed Oops mode: 32-bit
[2023-02-20T15:01:41.971+0700][gc,cds       ] Mark closed archive regions in map: [0x00000000fff00000, 0x00000000fff6aff8]
[2023-02-20T15:01:41.971+0700][gc,cds       ] Mark open archive regions in map: [0x00000000ffe00000, 0x00000000ffe47ff8]
[2023-02-20T15:01:42.600+0700][gc,heap,exit ] Heap
[2023-02-20T15:01:42.600+0700][gc,heap,exit ]  garbage-first heap   total 1048576K, used 50892K [0x00000000c0000000, 0x0000000100000000)
[2023-02-20T15:01:42.601+0700][gc,heap,exit ]   region size 1024K, 50 young (51200K), 0 survivors (0K)
[2023-02-20T15:01:42.601+0700][gc,heap,exit ]  Metaspace       used 13912K, capacity 14357K, committed 14464K, reserved 1062912K
[2023-02-20T15:01:42.601+0700][gc,heap,exit ]   class space    used 1709K, capacity 1912K, committed 1920K, reserved 1048576K
