[2023-03-04T09:13:40.470+0700][gc,heap] Heap region size: 1M
[2023-03-04T09:13:40.476+0700][gc     ] Using G1
[2023-03-04T09:13:40.476+0700][gc,heap,coops] Heap address: 0x00000000c0000000, size: 1024 MB, Compressed Oops mode: 32-bit
[2023-03-04T09:13:40.476+0700][gc,cds       ] Mark closed archive regions in map: [0x00000000fff00000, 0x00000000fff6aff8]
[2023-03-04T09:13:40.476+0700][gc,cds       ] Mark open archive regions in map: [0x00000000ffe00000, 0x00000000ffe47ff8]
[2023-03-04T09:13:41.103+0700][gc,start     ] GC(0) Pause Young (Normal) (G1 Evacuation Pause)
[2023-03-04T09:13:41.105+0700][gc,task      ] GC(0) Using 13 workers of 13 for evacuation
[2023-03-04T09:13:41.113+0700][gc,phases    ] GC(0)   Pre Evacuate Collection Set: 0.0ms
[2023-03-04T09:13:41.113+0700][gc,phases    ] GC(0)   Evacuate Collection Set: 7.3ms
[2023-03-04T09:13:41.113+0700][gc,phases    ] GC(0)   Post Evacuate Collection Set: 0.6ms
[2023-03-04T09:13:41.113+0700][gc,phases    ] GC(0)   Other: 1.4ms
[2023-03-04T09:13:41.113+0700][gc,heap      ] GC(0) Eden regions: 51->0(44)
[2023-03-04T09:13:41.113+0700][gc,heap      ] GC(0) Survivor regions: 0->7(7)
[2023-03-04T09:13:41.113+0700][gc,heap      ] GC(0) Old regions: 2->2
[2023-03-04T09:13:41.113+0700][gc,heap      ] GC(0) Humongous regions: 0->0
[2023-03-04T09:13:41.113+0700][gc,metaspace ] GC(0) Metaspace: 14284K(15104K)->14284K(15104K) NonClass: 12540K(13056K)->12540K(13056K) Class: 1743K(2048K)->1743K(2048K)
[2023-03-04T09:13:41.113+0700][gc           ] GC(0) Pause Young (Normal) (G1 Evacuation Pause) 51M->7M(1024M) 9.480ms
[2023-03-04T09:13:41.113+0700][gc,cpu       ] GC(0) User=0.06s Sys=0.04s Real=0.01s
[2023-03-04T09:13:41.515+0700][gc,start     ] GC(1) Pause Young (Concurrent Start) (Metadata GC Threshold)
[2023-03-04T09:13:41.515+0700][gc,task      ] GC(1) Using 13 workers of 13 for evacuation
[2023-03-04T09:13:41.522+0700][gc,phases    ] GC(1)   Pre Evacuate Collection Set: 0.1ms
[2023-03-04T09:13:41.522+0700][gc,phases    ] GC(1)   Evacuate Collection Set: 6.2ms
[2023-03-04T09:13:41.522+0700][gc,phases    ] GC(1)   Post Evacuate Collection Set: 0.4ms
[2023-03-04T09:13:41.522+0700][gc,phases    ] GC(1)   Other: 0.2ms
[2023-03-04T09:13:41.522+0700][gc,heap      ] GC(1) Eden regions: 28->0(49)
[2023-03-04T09:13:41.522+0700][gc,heap      ] GC(1) Survivor regions: 7->2(7)
[2023-03-04T09:13:41.522+0700][gc,heap      ] GC(1) Old regions: 2->9
[2023-03-04T09:13:41.522+0700][gc,heap      ] GC(1) Humongous regions: 0->0
[2023-03-04T09:13:41.522+0700][gc,metaspace ] GC(1) Metaspace: 20492K(21248K)->20492K(21248K) NonClass: 18017K(18432K)->18017K(18432K) Class: 2474K(2816K)->2474K(2816K)
[2023-03-04T09:13:41.522+0700][gc           ] GC(1) Pause Young (Concurrent Start) (Metadata GC Threshold) 35M->8M(1024M) 6.993ms
[2023-03-04T09:13:41.522+0700][gc,cpu       ] GC(1) User=0.04s Sys=0.01s Real=0.00s
[2023-03-04T09:13:41.522+0700][gc           ] GC(2) Concurrent Cycle
[2023-03-04T09:13:41.522+0700][gc,marking   ] GC(2) Concurrent Clear Claimed Marks
[2023-03-04T09:13:41.522+0700][gc,marking   ] GC(2) Concurrent Clear Claimed Marks 0.061ms
[2023-03-04T09:13:41.522+0700][gc,marking   ] GC(2) Concurrent Scan Root Regions
[2023-03-04T09:13:41.523+0700][gc,marking   ] GC(2) Concurrent Scan Root Regions 0.912ms
[2023-03-04T09:13:41.523+0700][gc,marking   ] GC(2) Concurrent Mark (1.056s)
[2023-03-04T09:13:41.523+0700][gc,marking   ] GC(2) Concurrent Mark From Roots
[2023-03-04T09:13:41.524+0700][gc,task      ] GC(2) Using 3 workers of 3 for marking
[2023-03-04T09:13:41.526+0700][gc,marking   ] GC(2) Concurrent Mark From Roots 3.015ms
[2023-03-04T09:13:41.527+0700][gc,marking   ] GC(2) Concurrent Preclean
[2023-03-04T09:13:41.527+0700][gc,marking   ] GC(2) Concurrent Preclean 0.162ms
[2023-03-04T09:13:41.527+0700][gc,marking   ] GC(2) Concurrent Mark (1.056s, 1.059s) 3.261ms
[2023-03-04T09:13:41.527+0700][gc,start     ] GC(2) Pause Remark
[2023-03-04T09:13:41.528+0700][gc,stringtable] GC(2) Cleaned string and symbol table, strings: 5183 processed, 0 removed, symbols: 52009 processed, 47 removed
[2023-03-04T09:13:41.528+0700][gc            ] GC(2) Pause Remark 8M->8M(1024M) 1.399ms
[2023-03-04T09:13:41.528+0700][gc,cpu        ] GC(2) User=0.01s Sys=0.00s Real=0.01s
[2023-03-04T09:13:41.528+0700][gc,marking    ] GC(2) Concurrent Rebuild Remembered Sets
[2023-03-04T09:13:41.531+0700][gc,marking    ] GC(2) Concurrent Rebuild Remembered Sets 2.504ms
[2023-03-04T09:13:41.531+0700][gc,start      ] GC(2) Pause Cleanup
[2023-03-04T09:13:41.531+0700][gc            ] GC(2) Pause Cleanup 9M->9M(1024M) 0.222ms
[2023-03-04T09:13:41.531+0700][gc,cpu        ] GC(2) User=0.00s Sys=0.00s Real=0.00s
[2023-03-04T09:13:41.531+0700][gc,marking    ] GC(2) Concurrent Cleanup for Next Mark
[2023-03-04T09:13:41.534+0700][gc,marking    ] GC(2) Concurrent Cleanup for Next Mark 2.325ms
[2023-03-04T09:13:41.534+0700][gc            ] GC(2) Concurrent Cycle 11.295ms
[2023-03-04T09:13:41.996+0700][gc,start      ] GC(3) Pause Young (Normal) (G1 Evacuation Pause)
[2023-03-04T09:13:41.996+0700][gc,task       ] GC(3) Using 13 workers of 13 for evacuation
[2023-03-04T09:13:41.999+0700][gc,phases     ] GC(3)   Pre Evacuate Collection Set: 0.0ms
[2023-03-04T09:13:41.999+0700][gc,phases     ] GC(3)   Evacuate Collection Set: 1.8ms
[2023-03-04T09:13:41.999+0700][gc,phases     ] GC(3)   Post Evacuate Collection Set: 0.4ms
[2023-03-04T09:13:41.999+0700][gc,phases     ] GC(3)   Other: 0.2ms
[2023-03-04T09:13:41.999+0700][gc,heap       ] GC(3) Eden regions: 49->0(46)
[2023-03-04T09:13:41.999+0700][gc,heap       ] GC(3) Survivor regions: 2->5(7)
[2023-03-04T09:13:41.999+0700][gc,heap       ] GC(3) Old regions: 9->9
[2023-03-04T09:13:41.999+0700][gc,heap       ] GC(3) Humongous regions: 129->129
[2023-03-04T09:13:41.999+0700][gc,metaspace  ] GC(3) Metaspace: 28714K(29952K)->28714K(29952K) NonClass: 25390K(26112K)->25390K(26112K) Class: 3323K(3840K)->3323K(3840K)
[2023-03-04T09:13:41.999+0700][gc            ] GC(3) Pause Young (Normal) (G1 Evacuation Pause) 186M->140M(1024M) 2.517ms
[2023-03-04T09:13:41.999+0700][gc,cpu        ] GC(3) User=0.02s Sys=0.00s Real=0.00s
[2023-03-04T09:13:42.270+0700][gc,start      ] GC(4) Pause Young (Concurrent Start) (Metadata GC Threshold)
[2023-03-04T09:13:42.271+0700][gc,task       ] GC(4) Using 13 workers of 13 for evacuation
[2023-03-04T09:13:42.274+0700][gc,phases     ] GC(4)   Pre Evacuate Collection Set: 0.1ms
[2023-03-04T09:13:42.274+0700][gc,phases     ] GC(4)   Evacuate Collection Set: 2.6ms
[2023-03-04T09:13:42.274+0700][gc,phases     ] GC(4)   Post Evacuate Collection Set: 0.5ms
[2023-03-04T09:13:42.274+0700][gc,phases     ] GC(4)   Other: 0.3ms
[2023-03-04T09:13:42.274+0700][gc,heap       ] GC(4) Eden regions: 30->0(49)
[2023-03-04T09:13:42.274+0700][gc,heap       ] GC(4) Survivor regions: 5->2(7)
[2023-03-04T09:13:42.274+0700][gc,heap       ] GC(4) Old regions: 9->13
[2023-03-04T09:13:42.274+0700][gc,heap       ] GC(4) Humongous regions: 129->129
[2023-03-04T09:13:42.274+0700][gc,metaspace  ] GC(4) Metaspace: 34490K(35840K)->34490K(35840K) NonClass: 30449K(31104K)->30449K(31104K) Class: 4040K(4736K)->4040K(4736K)
[2023-03-04T09:13:42.274+0700][gc            ] GC(4) Pause Young (Concurrent Start) (Metadata GC Threshold) 170M->142M(1024M) 3.643ms
[2023-03-04T09:13:42.274+0700][gc,cpu        ] GC(4) User=0.01s Sys=0.02s Real=0.00s
[2023-03-04T09:13:42.274+0700][gc            ] GC(5) Concurrent Cycle
[2023-03-04T09:13:42.274+0700][gc,marking    ] GC(5) Concurrent Clear Claimed Marks
[2023-03-04T09:13:42.274+0700][gc,marking    ] GC(5) Concurrent Clear Claimed Marks 0.129ms
[2023-03-04T09:13:42.274+0700][gc,marking    ] GC(5) Concurrent Scan Root Regions
[2023-03-04T09:13:42.275+0700][gc,marking    ] GC(5) Concurrent Scan Root Regions 1.084ms
[2023-03-04T09:13:42.275+0700][gc,marking    ] GC(5) Concurrent Mark (1.808s)
[2023-03-04T09:13:42.275+0700][gc,marking    ] GC(5) Concurrent Mark From Roots
[2023-03-04T09:13:42.275+0700][gc,task       ] GC(5) Using 3 workers of 3 for marking
[2023-03-04T09:13:42.281+0700][gc,marking    ] GC(5) Concurrent Mark From Roots 5.799ms
[2023-03-04T09:13:42.281+0700][gc,marking    ] GC(5) Concurrent Preclean
[2023-03-04T09:13:42.281+0700][gc,marking    ] GC(5) Concurrent Preclean 0.167ms
[2023-03-04T09:13:42.282+0700][gc,marking    ] GC(5) Concurrent Mark (1.808s, 1.814s) 6.037ms
[2023-03-04T09:13:42.282+0700][gc,start      ] GC(5) Pause Remark
[2023-03-04T09:13:42.283+0700][gc,stringtable] GC(5) Cleaned string and symbol table, strings: 10872 processed, 12 removed, symbols: 84876 processed, 12 removed
[2023-03-04T09:13:42.284+0700][gc            ] GC(5) Pause Remark 144M->144M(1024M) 1.851ms
[2023-03-04T09:13:42.284+0700][gc,cpu        ] GC(5) User=0.02s Sys=0.00s Real=0.00s
[2023-03-04T09:13:42.284+0700][gc,marking    ] GC(5) Concurrent Rebuild Remembered Sets
[2023-03-04T09:13:42.287+0700][gc,marking    ] GC(5) Concurrent Rebuild Remembered Sets 3.652ms
[2023-03-04T09:13:42.287+0700][gc,start      ] GC(5) Pause Cleanup
[2023-03-04T09:13:42.288+0700][gc            ] GC(5) Pause Cleanup 145M->145M(1024M) 0.233ms
[2023-03-04T09:13:42.288+0700][gc,cpu        ] GC(5) User=0.00s Sys=0.00s Real=0.00s
[2023-03-04T09:13:42.288+0700][gc,marking    ] GC(5) Concurrent Cleanup for Next Mark
[2023-03-04T09:13:42.290+0700][gc,marking    ] GC(5) Concurrent Cleanup for Next Mark 2.127ms
[2023-03-04T09:13:42.290+0700][gc            ] GC(5) Concurrent Cycle 15.697ms
[2023-03-04T09:28:13.098+0700][gc,start      ] GC(6) Pause Young (Normal) (G1 Evacuation Pause)
[2023-03-04T09:28:13.098+0700][gc,task       ] GC(6) Using 13 workers of 13 for evacuation
[2023-03-04T09:28:13.102+0700][gc,phases     ] GC(6)   Pre Evacuate Collection Set: 0.1ms
[2023-03-04T09:28:13.102+0700][gc,phases     ] GC(6)   Evacuate Collection Set: 3.0ms
[2023-03-04T09:28:13.102+0700][gc,phases     ] GC(6)   Post Evacuate Collection Set: 0.9ms
[2023-03-04T09:28:13.102+0700][gc,phases     ] GC(6)   Other: 0.3ms
[2023-03-04T09:28:13.102+0700][gc,heap       ] GC(6) Eden regions: 49->0(47)
[2023-03-04T09:28:13.102+0700][gc,heap       ] GC(6) Survivor regions: 2->4(7)
[2023-03-04T09:28:13.102+0700][gc,heap       ] GC(6) Old regions: 13->13
[2023-03-04T09:28:13.102+0700][gc,heap       ] GC(6) Humongous regions: 129->129
[2023-03-04T09:28:13.103+0700][gc,metaspace  ] GC(6) Metaspace: 41480K(43904K)->41480K(43904K) NonClass: 36194K(37376K)->36194K(37376K) Class: 5285K(6528K)->5285K(6528K)
[2023-03-04T09:28:13.103+0700][gc            ] GC(6) Pause Young (Normal) (G1 Evacuation Pause) 191M->144M(1024M) 4.616ms
[2023-03-04T09:28:13.103+0700][gc,cpu        ] GC(6) User=0.03s Sys=0.00s Real=0.00s
