[2023-02-20T15:03:19.674+0700][gc,heap] Heap region size: 1M
[2023-02-20T15:03:19.680+0700][gc     ] Using G1
[2023-02-20T15:03:19.680+0700][gc,heap,coops] Heap address: 0x00000000c0000000, size: 1024 MB, Compressed Oops mode: 32-bit
[2023-02-20T15:03:19.681+0700][gc,cds       ] Mark closed archive regions in map: [0x00000000fff00000, 0x00000000fff6aff8]
[2023-02-20T15:03:19.681+0700][gc,cds       ] Mark open archive regions in map: [0x00000000ffe00000, 0x00000000ffe47ff8]
[2023-02-20T15:03:20.313+0700][gc,start     ] GC(0) Pause Young (Normal) (G1 Evacuation Pause)
[2023-02-20T15:03:20.314+0700][gc,task      ] GC(0) Using 13 workers of 13 for evacuation
[2023-02-20T15:03:20.324+0700][gc,phases    ] GC(0)   Pre Evacuate Collection Set: 0.0ms
[2023-02-20T15:03:20.324+0700][gc,phases    ] GC(0)   Evacuate Collection Set: 9.0ms
[2023-02-20T15:03:20.324+0700][gc,phases    ] GC(0)   Post Evacuate Collection Set: 0.5ms
[2023-02-20T15:03:20.324+0700][gc,phases    ] GC(0)   Other: 1.3ms
[2023-02-20T15:03:20.324+0700][gc,heap      ] GC(0) Eden regions: 51->0(44)
[2023-02-20T15:03:20.324+0700][gc,heap      ] GC(0) Survivor regions: 0->7(7)
[2023-02-20T15:03:20.324+0700][gc,heap      ] GC(0) Old regions: 2->2
[2023-02-20T15:03:20.324+0700][gc,heap      ] GC(0) Humongous regions: 0->0
[2023-02-20T15:03:20.324+0700][gc,metaspace ] GC(0) Metaspace: 14299K(15104K)->14299K(15104K) NonClass: 12554K(13056K)->12554K(13056K) Class: 1745K(2048K)->1745K(2048K)
[2023-02-20T15:03:20.324+0700][gc           ] GC(0) Pause Young (Normal) (G1 Evacuation Pause) 51M->7M(1024M) 10.899ms
[2023-02-20T15:03:20.324+0700][gc,cpu       ] GC(0) User=0.09s Sys=0.01s Real=0.01s
[2023-02-20T15:03:20.733+0700][gc,start     ] GC(1) Pause Young (Concurrent Start) (Metadata GC Threshold)
[2023-02-20T15:03:20.733+0700][gc,task      ] GC(1) Using 13 workers of 13 for evacuation
[2023-02-20T15:03:20.743+0700][gc,phases    ] GC(1)   Pre Evacuate Collection Set: 0.1ms
[2023-02-20T15:03:20.743+0700][gc,phases    ] GC(1)   Evacuate Collection Set: 8.4ms
[2023-02-20T15:03:20.743+0700][gc,phases    ] GC(1)   Post Evacuate Collection Set: 0.5ms
[2023-02-20T15:03:20.743+0700][gc,phases    ] GC(1)   Other: 0.4ms
[2023-02-20T15:03:20.743+0700][gc,heap      ] GC(1) Eden regions: 28->0(49)
[2023-02-20T15:03:20.743+0700][gc,heap      ] GC(1) Survivor regions: 7->2(7)
[2023-02-20T15:03:20.743+0700][gc,heap      ] GC(1) Old regions: 2->9
[2023-02-20T15:03:20.743+0700][gc,heap      ] GC(1) Humongous regions: 0->0
[2023-02-20T15:03:20.743+0700][gc,metaspace ] GC(1) Metaspace: 20587K(21248K)->20587K(21248K) NonClass: 18109K(18432K)->18109K(18432K) Class: 2477K(2816K)->2477K(2816K)
[2023-02-20T15:03:20.743+0700][gc           ] GC(1) Pause Young (Concurrent Start) (Metadata GC Threshold) 34M->8M(1024M) 9.445ms
[2023-02-20T15:03:20.743+0700][gc,cpu       ] GC(1) User=0.03s Sys=0.02s Real=0.01s
[2023-02-20T15:03:20.743+0700][gc           ] GC(2) Concurrent Cycle
[2023-02-20T15:03:20.743+0700][gc,marking   ] GC(2) Concurrent Clear Claimed Marks
[2023-02-20T15:03:20.743+0700][gc,marking   ] GC(2) Concurrent Clear Claimed Marks 0.060ms
[2023-02-20T15:03:20.743+0700][gc,marking   ] GC(2) Concurrent Scan Root Regions
[2023-02-20T15:03:20.744+0700][gc,marking   ] GC(2) Concurrent Scan Root Regions 0.702ms
[2023-02-20T15:03:20.744+0700][gc,marking   ] GC(2) Concurrent Mark (1.072s)
[2023-02-20T15:03:20.744+0700][gc,marking   ] GC(2) Concurrent Mark From Roots
[2023-02-20T15:03:20.744+0700][gc,task      ] GC(2) Using 3 workers of 3 for marking
[2023-02-20T15:03:20.748+0700][gc,marking   ] GC(2) Concurrent Mark From Roots 4.452ms
[2023-02-20T15:03:20.748+0700][gc,marking   ] GC(2) Concurrent Preclean
[2023-02-20T15:03:20.748+0700][gc,marking   ] GC(2) Concurrent Preclean 0.080ms
[2023-02-20T15:03:20.748+0700][gc,marking   ] GC(2) Concurrent Mark (1.072s, 1.077s) 4.588ms
[2023-02-20T15:03:20.749+0700][gc,start     ] GC(2) Pause Remark
[2023-02-20T15:03:20.750+0700][gc,stringtable] GC(2) Cleaned string and symbol table, strings: 5133 processed, 0 removed, symbols: 52674 processed, 44 removed
[2023-02-20T15:03:20.750+0700][gc            ] GC(2) Pause Remark 8M->8M(1024M) 1.547ms
[2023-02-20T15:03:20.750+0700][gc,cpu        ] GC(2) User=0.01s Sys=0.00s Real=0.00s
[2023-02-20T15:03:20.750+0700][gc,marking    ] GC(2) Concurrent Rebuild Remembered Sets
[2023-02-20T15:03:20.752+0700][gc,marking    ] GC(2) Concurrent Rebuild Remembered Sets 1.930ms
[2023-02-20T15:03:20.752+0700][gc,start      ] GC(2) Pause Cleanup
[2023-02-20T15:03:20.753+0700][gc            ] GC(2) Pause Cleanup 8M->8M(1024M) 0.247ms
[2023-02-20T15:03:20.753+0700][gc,cpu        ] GC(2) User=0.01s Sys=0.00s Real=0.00s
[2023-02-20T15:03:20.753+0700][gc,marking    ] GC(2) Concurrent Cleanup for Next Mark
[2023-02-20T15:03:20.755+0700][gc,marking    ] GC(2) Concurrent Cleanup for Next Mark 2.001ms
[2023-02-20T15:03:20.755+0700][gc            ] GC(2) Concurrent Cycle 11.746ms
[2023-02-20T15:03:21.833+0700][gc,start      ] GC(3) Pause Young (Normal) (G1 Evacuation Pause)
[2023-02-20T15:03:21.833+0700][gc,task       ] GC(3) Using 13 workers of 13 for evacuation
[2023-02-20T15:03:21.837+0700][gc,phases     ] GC(3)   Pre Evacuate Collection Set: 0.0ms
[2023-02-20T15:03:21.837+0700][gc,phases     ] GC(3)   Evacuate Collection Set: 3.5ms
[2023-02-20T15:03:21.837+0700][gc,phases     ] GC(3)   Post Evacuate Collection Set: 0.5ms
[2023-02-20T15:03:21.837+0700][gc,phases     ] GC(3)   Other: 8.9ms
[2023-02-20T15:03:21.837+0700][gc,heap       ] GC(3) Eden regions: 49->0(47)
[2023-02-20T15:03:21.837+0700][gc,heap       ] GC(3) Survivor regions: 2->4(7)
[2023-02-20T15:03:21.837+0700][gc,heap       ] GC(3) Old regions: 9->9
[2023-02-20T15:03:21.837+0700][gc,heap       ] GC(3) Humongous regions: 129->129
[2023-02-20T15:03:21.837+0700][gc,metaspace  ] GC(3) Metaspace: 29010K(30208K)->29010K(30208K) NonClass: 25659K(26368K)->25659K(26368K) Class: 3350K(3840K)->3350K(3840K)
[2023-02-20T15:03:21.837+0700][gc            ] GC(3) Pause Young (Normal) (G1 Evacuation Pause) 186M->139M(1024M) 13.127ms
[2023-02-20T15:03:21.837+0700][gc,cpu        ] GC(3) User=0.04s Sys=0.00s Real=0.01s
[2023-02-20T15:03:22.118+0700][gc,start      ] GC(4) Pause Young (Concurrent Start) (Metadata GC Threshold)
[2023-02-20T15:03:22.118+0700][gc,task       ] GC(4) Using 13 workers of 13 for evacuation
[2023-02-20T15:03:22.121+0700][gc,phases     ] GC(4)   Pre Evacuate Collection Set: 0.1ms
[2023-02-20T15:03:22.121+0700][gc,phases     ] GC(4)   Evacuate Collection Set: 2.5ms
[2023-02-20T15:03:22.121+0700][gc,phases     ] GC(4)   Post Evacuate Collection Set: 0.5ms
[2023-02-20T15:03:22.121+0700][gc,phases     ] GC(4)   Other: 0.3ms
[2023-02-20T15:03:22.121+0700][gc,heap       ] GC(4) Eden regions: 34->0(44)
[2023-02-20T15:03:22.121+0700][gc,heap       ] GC(4) Survivor regions: 4->7(7)
[2023-02-20T15:03:22.121+0700][gc,heap       ] GC(4) Old regions: 9->9
[2023-02-20T15:03:22.121+0700][gc,heap       ] GC(4) Humongous regions: 129->129
[2023-02-20T15:03:22.121+0700][gc,metaspace  ] GC(4) Metaspace: 34529K(35840K)->34529K(35840K) NonClass: 30530K(31232K)->30530K(31232K) Class: 3999K(4608K)->3999K(4608K)
[2023-02-20T15:03:22.121+0700][gc            ] GC(4) Pause Young (Concurrent Start) (Metadata GC Threshold) 173M->142M(1024M) 3.513ms
[2023-02-20T15:03:22.121+0700][gc,cpu        ] GC(4) User=0.04s Sys=0.00s Real=0.01s
[2023-02-20T15:03:22.121+0700][gc            ] GC(5) Concurrent Cycle
[2023-02-20T15:03:22.121+0700][gc,marking    ] GC(5) Concurrent Clear Claimed Marks
[2023-02-20T15:03:22.121+0700][gc,marking    ] GC(5) Concurrent Clear Claimed Marks 0.112ms
[2023-02-20T15:03:22.121+0700][gc,marking    ] GC(5) Concurrent Scan Root Regions
[2023-02-20T15:03:22.123+0700][gc,marking    ] GC(5) Concurrent Scan Root Regions 2.132ms
[2023-02-20T15:03:22.123+0700][gc,marking    ] GC(5) Concurrent Mark (2.451s)
[2023-02-20T15:03:22.123+0700][gc,marking    ] GC(5) Concurrent Mark From Roots
[2023-02-20T15:03:22.123+0700][gc,task       ] GC(5) Using 3 workers of 3 for marking
[2023-02-20T15:03:22.128+0700][gc,marking    ] GC(5) Concurrent Mark From Roots 5.091ms
[2023-02-20T15:03:22.128+0700][gc,marking    ] GC(5) Concurrent Preclean
[2023-02-20T15:03:22.129+0700][gc,marking    ] GC(5) Concurrent Preclean 0.104ms
[2023-02-20T15:03:22.129+0700][gc,marking    ] GC(5) Concurrent Mark (2.451s, 2.457s) 5.241ms
[2023-02-20T15:03:22.129+0700][gc,start      ] GC(5) Pause Remark
[2023-02-20T15:03:22.130+0700][gc,stringtable] GC(5) Cleaned string and symbol table, strings: 11012 processed, 10 removed, symbols: 83528 processed, 13 removed
[2023-02-20T15:03:22.130+0700][gc            ] GC(5) Pause Remark 143M->143M(1024M) 1.640ms
[2023-02-20T15:03:22.130+0700][gc,cpu        ] GC(5) User=0.02s Sys=0.00s Real=0.00s
[2023-02-20T15:03:22.130+0700][gc,marking    ] GC(5) Concurrent Rebuild Remembered Sets
[2023-02-20T15:03:22.134+0700][gc,marking    ] GC(5) Concurrent Rebuild Remembered Sets 3.799ms
[2023-02-20T15:03:22.134+0700][gc,start      ] GC(5) Pause Cleanup
[2023-02-20T15:03:22.135+0700][gc            ] GC(5) Pause Cleanup 144M->144M(1024M) 0.160ms
[2023-02-20T15:03:22.135+0700][gc,cpu        ] GC(5) User=0.00s Sys=0.00s Real=0.00s
[2023-02-20T15:03:22.135+0700][gc,marking    ] GC(5) Concurrent Cleanup for Next Mark
[2023-02-20T15:03:22.138+0700][gc,marking    ] GC(5) Concurrent Cleanup for Next Mark 3.148ms
[2023-02-20T15:03:22.138+0700][gc            ] GC(5) Concurrent Cycle 16.804ms
[2023-02-20T15:04:19.077+0700][gc,start      ] GC(6) Pause Young (Normal) (G1 Evacuation Pause)
[2023-02-20T15:04:19.077+0700][gc,task       ] GC(6) Using 13 workers of 13 for evacuation
[2023-02-20T15:04:19.085+0700][gc,phases     ] GC(6)   Pre Evacuate Collection Set: 0.0ms
[2023-02-20T15:04:19.085+0700][gc,phases     ] GC(6)   Evacuate Collection Set: 6.8ms
[2023-02-20T15:04:19.085+0700][gc,phases     ] GC(6)   Post Evacuate Collection Set: 1.2ms
[2023-02-20T15:04:19.085+0700][gc,phases     ] GC(6)   Other: 0.3ms
[2023-02-20T15:04:19.085+0700][gc,heap       ] GC(6) Eden regions: 44->0(45)
[2023-02-20T15:04:19.085+0700][gc,heap       ] GC(6) Survivor regions: 7->6(7)
[2023-02-20T15:04:19.085+0700][gc,heap       ] GC(6) Old regions: 9->12
[2023-02-20T15:04:19.085+0700][gc,heap       ] GC(6) Humongous regions: 135->129
[2023-02-20T15:04:19.085+0700][gc,metaspace  ] GC(6) Metaspace: 41415K(43852K)->41415K(43852K) NonClass: 36107K(37324K)->36107K(37324K) Class: 5308K(6528K)->5308K(6528K)
[2023-02-20T15:04:19.085+0700][gc            ] GC(6) Pause Young (Normal) (G1 Evacuation Pause) 192M->144M(1024M) 8.515ms
[2023-02-20T15:04:19.085+0700][gc,cpu        ] GC(6) User=0.07s Sys=0.01s Real=0.01s
[2023-02-20T15:28:21.814+0700][gc,start      ] GC(7) Pause Young (Normal) (G1 Evacuation Pause)
[2023-02-20T15:28:21.825+0700][gc,task       ] GC(7) Using 13 workers of 13 for evacuation
[2023-02-20T15:28:21.831+0700][gc,phases     ] GC(7)   Pre Evacuate Collection Set: 0.0ms
[2023-02-20T15:28:21.831+0700][gc,phases     ] GC(7)   Evacuate Collection Set: 4.3ms
[2023-02-20T15:28:21.831+0700][gc,phases     ] GC(7)   Post Evacuate Collection Set: 0.9ms
[2023-02-20T15:28:21.831+0700][gc,phases     ] GC(7)   Other: 11.7ms
[2023-02-20T15:28:21.831+0700][gc,heap       ] GC(7) Eden regions: 45->0(47)
[2023-02-20T15:28:21.831+0700][gc,heap       ] GC(7) Survivor regions: 6->4(7)
[2023-02-20T15:28:21.831+0700][gc,heap       ] GC(7) Old regions: 12->15
[2023-02-20T15:28:21.831+0700][gc,heap       ] GC(7) Humongous regions: 129->129
[2023-02-20T15:28:21.831+0700][gc,metaspace  ] GC(7) Metaspace: 43801K(46668K)->43801K(46668K) NonClass: 37987K(39372K)->37987K(39372K) Class: 5814K(7296K)->5814K(7296K)
[2023-02-20T15:28:21.831+0700][gc            ] GC(7) Pause Young (Normal) (G1 Evacuation Pause) 189M->145M(1024M) 16.961ms
[2023-02-20T15:28:21.831+0700][gc,cpu        ] GC(7) User=0.05s Sys=0.00s Real=0.02s
[2023-02-20T16:03:57.319+0700][gc,start      ] GC(8) Pause Young (Normal) (G1 Evacuation Pause)
[2023-02-20T16:03:57.319+0700][gc,task       ] GC(8) Using 13 workers of 13 for evacuation
[2023-02-20T16:03:57.323+0700][gc,phases     ] GC(8)   Pre Evacuate Collection Set: 0.0ms
[2023-02-20T16:03:57.323+0700][gc,phases     ] GC(8)   Evacuate Collection Set: 2.5ms
[2023-02-20T16:03:57.323+0700][gc,phases     ] GC(8)   Post Evacuate Collection Set: 1.5ms
[2023-02-20T16:03:57.324+0700][gc,phases     ] GC(8)   Other: 0.3ms
[2023-02-20T16:03:57.324+0700][gc,heap       ] GC(8) Eden regions: 47->0(48)
[2023-02-20T16:03:57.324+0700][gc,heap       ] GC(8) Survivor regions: 4->3(7)
[2023-02-20T16:03:57.324+0700][gc,heap       ] GC(8) Old regions: 15->15
[2023-02-20T16:03:57.324+0700][gc,heap       ] GC(8) Humongous regions: 129->129
[2023-02-20T16:03:57.324+0700][gc,metaspace  ] GC(8) Metaspace: 44030K(46924K)->44030K(46924K) NonClass: 38211K(39628K)->38211K(39628K) Class: 5819K(7296K)->5819K(7296K)
[2023-02-20T16:03:57.324+0700][gc            ] GC(8) Pause Young (Normal) (G1 Evacuation Pause) 192M->145M(1024M) 4.524ms
[2023-02-20T16:03:57.324+0700][gc,cpu        ] GC(8) User=0.04s Sys=0.00s Real=0.00s
[2023-02-20T16:38:42.319+0700][gc,start      ] GC(9) Pause Young (Normal) (G1 Evacuation Pause)
[2023-02-20T16:38:42.319+0700][gc,task       ] GC(9) Using 13 workers of 13 for evacuation
[2023-02-20T16:38:42.322+0700][gc,phases     ] GC(9)   Pre Evacuate Collection Set: 0.1ms
[2023-02-20T16:38:42.322+0700][gc,phases     ] GC(9)   Evacuate Collection Set: 2.3ms
[2023-02-20T16:38:42.322+0700][gc,phases     ] GC(9)   Post Evacuate Collection Set: 0.9ms
[2023-02-20T16:38:42.322+0700][gc,phases     ] GC(9)   Other: 0.3ms
[2023-02-20T16:38:42.322+0700][gc,heap       ] GC(9) Eden regions: 48->0(51)
[2023-02-20T16:38:42.322+0700][gc,heap       ] GC(9) Survivor regions: 3->4(7)
[2023-02-20T16:38:42.322+0700][gc,heap       ] GC(9) Old regions: 15->15
[2023-02-20T16:38:42.322+0700][gc,heap       ] GC(9) Humongous regions: 129->129
[2023-02-20T16:38:42.322+0700][gc,metaspace  ] GC(9) Metaspace: 44503K(47564K)->44503K(47564K) NonClass: 38555K(40140K)->38555K(40140K) Class: 5948K(7424K)->5948K(7424K)
[2023-02-20T16:38:42.322+0700][gc            ] GC(9) Pause Young (Normal) (G1 Evacuation Pause) 193M->145M(1024M) 3.718ms
[2023-02-20T16:38:42.322+0700][gc,cpu        ] GC(9) User=0.02s Sys=0.01s Real=0.00s
[2023-02-20T16:52:27.319+0700][gc,start      ] GC(10) Pause Young (Normal) (G1 Evacuation Pause)
[2023-02-20T16:52:27.320+0700][gc,task       ] GC(10) Using 13 workers of 13 for evacuation
[2023-02-20T16:52:27.325+0700][gc,phases     ] GC(10)   Pre Evacuate Collection Set: 0.1ms
[2023-02-20T16:52:27.325+0700][gc,phases     ] GC(10)   Evacuate Collection Set: 3.6ms
[2023-02-20T16:52:27.325+0700][gc,phases     ] GC(10)   Post Evacuate Collection Set: 1.4ms
[2023-02-20T16:52:27.325+0700][gc,phases     ] GC(10)   Other: 0.4ms
[2023-02-20T16:52:27.325+0700][gc,heap       ] GC(10) Eden regions: 51->0(57)
[2023-02-20T16:52:27.325+0700][gc,heap       ] GC(10) Survivor regions: 4->5(7)
[2023-02-20T16:52:27.325+0700][gc,heap       ] GC(10) Old regions: 15->15
[2023-02-20T16:52:27.325+0700][gc,heap       ] GC(10) Humongous regions: 129->129
[2023-02-20T16:52:27.325+0700][gc,metaspace  ] GC(10) Metaspace: 46267K(49612K)->46267K(49612K) NonClass: 40042K(41676K)->40042K(41676K) Class: 6224K(7936K)->6224K(7936K)
[2023-02-20T16:52:27.325+0700][gc            ] GC(10) Pause Young (Normal) (G1 Evacuation Pause) 196M->146M(1024M) 5.580ms
[2023-02-20T16:52:27.325+0700][gc,cpu        ] GC(10) User=0.04s Sys=0.00s Real=0.00s
[2023-02-20T17:21:07.269+0700][gc,start      ] GC(11) Pause Young (Normal) (G1 Evacuation Pause)
[2023-02-20T17:21:07.269+0700][gc,task       ] GC(11) Using 13 workers of 13 for evacuation
[2023-02-20T17:21:07.277+0700][gc,phases     ] GC(11)   Pre Evacuate Collection Set: 0.0ms
[2023-02-20T17:21:07.277+0700][gc,phases     ] GC(11)   Evacuate Collection Set: 5.3ms
[2023-02-20T17:21:07.277+0700][gc,phases     ] GC(11)   Post Evacuate Collection Set: 1.7ms
[2023-02-20T17:21:07.277+0700][gc,phases     ] GC(11)   Other: 0.3ms
[2023-02-20T17:21:07.277+0700][gc,heap       ] GC(11) Eden regions: 57->0(73)
[2023-02-20T17:21:07.277+0700][gc,heap       ] GC(11) Survivor regions: 5->4(8)
[2023-02-20T17:21:07.277+0700][gc,heap       ] GC(11) Old regions: 15->17
[2023-02-20T17:21:07.277+0700][gc,heap       ] GC(11) Humongous regions: 129->129
[2023-02-20T17:21:07.277+0700][gc,metaspace  ] GC(11) Metaspace: 46555K(49868K)->46555K(49868K) NonClass: 40331K(41932K)->40331K(41932K) Class: 6224K(7936K)->6224K(7936K)
[2023-02-20T17:21:07.277+0700][gc            ] GC(11) Pause Young (Normal) (G1 Evacuation Pause) 203M->147M(1024M) 7.597ms
[2023-02-20T17:21:07.277+0700][gc,cpu        ] GC(11) User=0.06s Sys=0.00s Real=0.00s
[2023-02-20T17:46:11.541+0700][gc,heap,exit  ] Heap
[2023-02-20T17:46:11.541+0700][gc,heap,exit  ]  garbage-first heap   total 1048576K, used 193262K [0x00000000c0000000, 0x0000000100000000)
[2023-02-20T17:46:11.541+0700][gc,heap,exit  ]   region size 1024K, 47 young (48128K), 4 survivors (4096K)
[2023-02-20T17:46:11.541+0700][gc,heap,exit  ]  Metaspace       used 47265K, capacity 50698K, committed 50892K, reserved 1091584K
[2023-02-20T17:46:11.541+0700][gc,heap,exit  ]   class space    used 6428K, capacity 8151K, committed 8192K, reserved 1048576K
