[2023-02-28T09:38:57.412+0700][gc,heap] Heap region size: 1M
[2023-02-28T09:38:57.426+0700][gc     ] Using G1
[2023-02-28T09:38:57.426+0700][gc,heap,coops] Heap address: 0x00000000c0000000, size: 1024 MB, Compressed Oops mode: 32-bit
[2023-02-28T09:38:57.426+0700][gc,cds       ] Mark closed archive regions in map: [0x00000000fff00000, 0x00000000fff6aff8]
[2023-02-28T09:38:57.426+0700][gc,cds       ] Mark open archive regions in map: [0x00000000ffe00000, 0x00000000ffe47ff8]
[2023-02-28T09:38:58.166+0700][gc,start     ] GC(0) Pause Young (Normal) (G1 Evacuation Pause)
[2023-02-28T09:38:58.167+0700][gc,task      ] GC(0) Using 13 workers of 13 for evacuation
[2023-02-28T09:38:58.176+0700][gc,phases    ] GC(0)   Pre Evacuate Collection Set: 0.0ms
[2023-02-28T09:38:58.176+0700][gc,phases    ] GC(0)   Evacuate Collection Set: 8.9ms
[2023-02-28T09:38:58.176+0700][gc,phases    ] GC(0)   Post Evacuate Collection Set: 0.6ms
[2023-02-28T09:38:58.176+0700][gc,phases    ] GC(0)   Other: 1.0ms
[2023-02-28T09:38:58.176+0700][gc,heap      ] GC(0) Eden regions: 51->0(44)
[2023-02-28T09:38:58.176+0700][gc,heap      ] GC(0) Survivor regions: 0->7(7)
[2023-02-28T09:38:58.176+0700][gc,heap      ] GC(0) Old regions: 2->2
[2023-02-28T09:38:58.176+0700][gc,heap      ] GC(0) Humongous regions: 0->0
[2023-02-28T09:38:58.176+0700][gc,metaspace ] GC(0) Metaspace: 14305K(15104K)->14305K(15104K) NonClass: 12560K(13056K)->12560K(13056K) Class: 1745K(2048K)->1745K(2048K)
[2023-02-28T09:38:58.177+0700][gc           ] GC(0) Pause Young (Normal) (G1 Evacuation Pause) 51M->7M(1024M) 10.648ms
[2023-02-28T09:38:58.177+0700][gc,cpu       ] GC(0) User=0.10s Sys=0.01s Real=0.01s
[2023-02-28T09:38:58.587+0700][gc,start     ] GC(1) Pause Young (Concurrent Start) (Metadata GC Threshold)
[2023-02-28T09:38:58.587+0700][gc,task      ] GC(1) Using 13 workers of 13 for evacuation
[2023-02-28T09:38:58.593+0700][gc,phases    ] GC(1)   Pre Evacuate Collection Set: 0.1ms
[2023-02-28T09:38:58.593+0700][gc,phases    ] GC(1)   Evacuate Collection Set: 5.3ms
[2023-02-28T09:38:58.593+0700][gc,phases    ] GC(1)   Post Evacuate Collection Set: 0.4ms
[2023-02-28T09:38:58.593+0700][gc,phases    ] GC(1)   Other: 0.3ms
[2023-02-28T09:38:58.593+0700][gc,heap      ] GC(1) Eden regions: 28->0(49)
[2023-02-28T09:38:58.593+0700][gc,heap      ] GC(1) Survivor regions: 7->2(7)
[2023-02-28T09:38:58.593+0700][gc,heap      ] GC(1) Old regions: 2->9
[2023-02-28T09:38:58.593+0700][gc,heap      ] GC(1) Humongous regions: 0->0
[2023-02-28T09:38:58.594+0700][gc,metaspace ] GC(1) Metaspace: 20585K(21248K)->20585K(21248K) NonClass: 18104K(18432K)->18104K(18432K) Class: 2480K(2816K)->2480K(2816K)
[2023-02-28T09:38:58.594+0700][gc           ] GC(1) Pause Young (Concurrent Start) (Metadata GC Threshold) 34M->8M(1024M) 6.262ms
[2023-02-28T09:38:58.594+0700][gc,cpu       ] GC(1) User=0.02s Sys=0.01s Real=0.00s
[2023-02-28T09:38:58.594+0700][gc           ] GC(2) Concurrent Cycle
[2023-02-28T09:38:58.594+0700][gc,marking   ] GC(2) Concurrent Clear Claimed Marks
[2023-02-28T09:38:58.594+0700][gc,marking   ] GC(2) Concurrent Clear Claimed Marks 0.044ms
[2023-02-28T09:38:58.594+0700][gc,marking   ] GC(2) Concurrent Scan Root Regions
[2023-02-28T09:38:58.594+0700][gc,marking   ] GC(2) Concurrent Scan Root Regions 0.773ms
[2023-02-28T09:38:58.594+0700][gc,marking   ] GC(2) Concurrent Mark (1.187s)
[2023-02-28T09:38:58.594+0700][gc,marking   ] GC(2) Concurrent Mark From Roots
[2023-02-28T09:38:58.595+0700][gc,task      ] GC(2) Using 3 workers of 3 for marking
[2023-02-28T09:38:58.597+0700][gc,marking   ] GC(2) Concurrent Mark From Roots 2.931ms
[2023-02-28T09:38:58.597+0700][gc,marking   ] GC(2) Concurrent Preclean
[2023-02-28T09:38:58.598+0700][gc,marking   ] GC(2) Concurrent Preclean 0.100ms
[2023-02-28T09:38:58.598+0700][gc,marking   ] GC(2) Concurrent Mark (1.187s, 1.190s) 3.063ms
[2023-02-28T09:38:58.598+0700][gc,start     ] GC(2) Pause Remark
[2023-02-28T09:38:58.599+0700][gc,stringtable] GC(2) Cleaned string and symbol table, strings: 5188 processed, 0 removed, symbols: 52072 processed, 47 removed
[2023-02-28T09:38:58.599+0700][gc            ] GC(2) Pause Remark 8M->8M(1024M) 1.283ms
[2023-02-28T09:38:58.599+0700][gc,cpu        ] GC(2) User=0.01s Sys=0.00s Real=0.01s
[2023-02-28T09:38:58.599+0700][gc,marking    ] GC(2) Concurrent Rebuild Remembered Sets
[2023-02-28T09:38:58.601+0700][gc,marking    ] GC(2) Concurrent Rebuild Remembered Sets 1.681ms
[2023-02-28T09:38:58.602+0700][gc,start      ] GC(2) Pause Cleanup
[2023-02-28T09:38:58.602+0700][gc            ] GC(2) Pause Cleanup 9M->9M(1024M) 0.235ms
[2023-02-28T09:38:58.602+0700][gc,cpu        ] GC(2) User=0.00s Sys=0.00s Real=0.00s
[2023-02-28T09:38:58.602+0700][gc,marking    ] GC(2) Concurrent Cleanup for Next Mark
[2023-02-28T09:38:58.604+0700][gc,marking    ] GC(2) Concurrent Cleanup for Next Mark 1.973ms
[2023-02-28T09:38:58.604+0700][gc            ] GC(2) Concurrent Cycle 10.762ms
[2023-02-28T09:38:59.039+0700][gc,start      ] GC(3) Pause Young (Normal) (G1 Evacuation Pause)
[2023-02-28T09:38:59.039+0700][gc,task       ] GC(3) Using 13 workers of 13 for evacuation
[2023-02-28T09:38:59.041+0700][gc,phases     ] GC(3)   Pre Evacuate Collection Set: 0.0ms
[2023-02-28T09:38:59.041+0700][gc,phases     ] GC(3)   Evacuate Collection Set: 2.0ms
[2023-02-28T09:38:59.041+0700][gc,phases     ] GC(3)   Post Evacuate Collection Set: 0.5ms
[2023-02-28T09:38:59.041+0700][gc,phases     ] GC(3)   Other: 0.2ms
[2023-02-28T09:38:59.041+0700][gc,heap       ] GC(3) Eden regions: 49->0(46)
[2023-02-28T09:38:59.041+0700][gc,heap       ] GC(3) Survivor regions: 2->5(7)
[2023-02-28T09:38:59.041+0700][gc,heap       ] GC(3) Old regions: 9->9
[2023-02-28T09:38:59.041+0700][gc,heap       ] GC(3) Humongous regions: 129->129
[2023-02-28T09:38:59.041+0700][gc,metaspace  ] GC(3) Metaspace: 28893K(29952K)->28893K(29952K) NonClass: 25556K(26112K)->25556K(26112K) Class: 3337K(3840K)->3337K(3840K)
[2023-02-28T09:38:59.042+0700][gc            ] GC(3) Pause Young (Normal) (G1 Evacuation Pause) 186M->140M(1024M) 2.958ms
[2023-02-28T09:38:59.042+0700][gc,cpu        ] GC(3) User=0.02s Sys=0.01s Real=0.00s
[2023-02-28T09:38:59.285+0700][gc,start      ] GC(4) Pause Young (Concurrent Start) (GCLocker Initiated GC)
[2023-02-28T09:38:59.285+0700][gc,task       ] GC(4) Using 13 workers of 13 for evacuation
[2023-02-28T09:38:59.289+0700][gc,phases     ] GC(4)   Pre Evacuate Collection Set: 0.1ms
[2023-02-28T09:38:59.289+0700][gc,phases     ] GC(4)   Evacuate Collection Set: 3.4ms
[2023-02-28T09:38:59.289+0700][gc,phases     ] GC(4)   Post Evacuate Collection Set: 0.4ms
[2023-02-28T09:38:59.289+0700][gc,phases     ] GC(4)   Other: 0.2ms
[2023-02-28T09:38:59.289+0700][gc,heap       ] GC(4) Eden regions: 29->0(49)
[2023-02-28T09:38:59.289+0700][gc,heap       ] GC(4) Survivor regions: 5->2(7)
[2023-02-28T09:38:59.289+0700][gc,heap       ] GC(4) Old regions: 9->13
[2023-02-28T09:38:59.289+0700][gc,heap       ] GC(4) Humongous regions: 129->129
[2023-02-28T09:38:59.289+0700][gc,metaspace  ] GC(4) Metaspace: 34424K(36096K)->34424K(36096K) NonClass: 30397K(31360K)->30397K(31360K) Class: 4026K(4736K)->4026K(4736K)
[2023-02-28T09:38:59.289+0700][gc            ] GC(4) Pause Young (Concurrent Start) (GCLocker Initiated GC) 168M->142M(1024M) 4.220ms
[2023-02-28T09:38:59.289+0700][gc,cpu        ] GC(4) User=0.03s Sys=0.00s Real=0.01s
[2023-02-28T09:38:59.289+0700][gc            ] GC(5) Concurrent Cycle
[2023-02-28T09:38:59.289+0700][gc,marking    ] GC(5) Concurrent Clear Claimed Marks
[2023-02-28T09:38:59.289+0700][gc,marking    ] GC(5) Concurrent Clear Claimed Marks 0.157ms
[2023-02-28T09:38:59.289+0700][gc,marking    ] GC(5) Concurrent Scan Root Regions
[2023-02-28T09:38:59.290+0700][gc,marking    ] GC(5) Concurrent Scan Root Regions 0.927ms
[2023-02-28T09:38:59.290+0700][gc,marking    ] GC(5) Concurrent Mark (1.882s)
[2023-02-28T09:38:59.290+0700][gc,marking    ] GC(5) Concurrent Mark From Roots
[2023-02-28T09:38:59.290+0700][gc,task       ] GC(5) Using 3 workers of 3 for marking
[2023-02-28T09:38:59.296+0700][gc,marking    ] GC(5) Concurrent Mark From Roots 6.437ms
[2023-02-28T09:38:59.297+0700][gc,marking    ] GC(5) Concurrent Preclean
[2023-02-28T09:38:59.297+0700][gc,marking    ] GC(5) Concurrent Preclean 0.226ms
[2023-02-28T09:38:59.297+0700][gc,marking    ] GC(5) Concurrent Mark (1.882s, 1.889s) 6.730ms
[2023-02-28T09:38:59.297+0700][gc,start      ] GC(5) Pause Remark
[2023-02-28T09:38:59.298+0700][gc,stringtable] GC(5) Cleaned string and symbol table, strings: 10878 processed, 12 removed, symbols: 84880 processed, 12 removed
[2023-02-28T09:38:59.298+0700][gc            ] GC(5) Pause Remark 144M->144M(1024M) 1.436ms
[2023-02-28T09:38:59.298+0700][gc,cpu        ] GC(5) User=0.02s Sys=0.01s Real=0.00s
[2023-02-28T09:38:59.298+0700][gc,marking    ] GC(5) Concurrent Rebuild Remembered Sets
[2023-02-28T09:38:59.302+0700][gc,marking    ] GC(5) Concurrent Rebuild Remembered Sets 3.635ms
[2023-02-28T09:38:59.302+0700][gc,start      ] GC(5) Pause Cleanup
[2023-02-28T09:38:59.302+0700][gc            ] GC(5) Pause Cleanup 145M->145M(1024M) 0.154ms
[2023-02-28T09:38:59.302+0700][gc,cpu        ] GC(5) User=0.00s Sys=0.00s Real=0.00s
[2023-02-28T09:38:59.302+0700][gc,marking    ] GC(5) Concurrent Cleanup for Next Mark
[2023-02-28T09:38:59.305+0700][gc,marking    ] GC(5) Concurrent Cleanup for Next Mark 2.210ms
[2023-02-28T09:38:59.305+0700][gc            ] GC(5) Concurrent Cycle 15.869ms
[2023-02-28T09:39:29.097+0700][gc,start      ] GC(6) Pause Young (Normal) (G1 Evacuation Pause)
[2023-02-28T09:39:29.097+0700][gc,task       ] GC(6) Using 13 workers of 13 for evacuation
[2023-02-28T09:39:29.101+0700][gc,phases     ] GC(6)   Pre Evacuate Collection Set: 0.1ms
[2023-02-28T09:39:29.101+0700][gc,phases     ] GC(6)   Evacuate Collection Set: 2.7ms
[2023-02-28T09:39:29.101+0700][gc,phases     ] GC(6)   Post Evacuate Collection Set: 1.1ms
[2023-02-28T09:39:29.101+0700][gc,phases     ] GC(6)   Other: 0.2ms
[2023-02-28T09:39:29.101+0700][gc,heap       ] GC(6) Eden regions: 49->0(46)
[2023-02-28T09:39:29.101+0700][gc,heap       ] GC(6) Survivor regions: 2->5(7)
[2023-02-28T09:39:29.101+0700][gc,heap       ] GC(6) Old regions: 13->13
[2023-02-28T09:39:29.101+0700][gc,heap       ] GC(6) Humongous regions: 129->129
[2023-02-28T09:39:29.101+0700][gc,metaspace  ] GC(6) Metaspace: 41792K(44416K)->41792K(44416K) NonClass: 36344K(37632K)->36344K(37632K) Class: 5447K(6784K)->5447K(6784K)
[2023-02-28T09:39:29.101+0700][gc            ] GC(6) Pause Young (Normal) (G1 Evacuation Pause) 191M->145M(1024M) 4.230ms
[2023-02-28T09:39:29.101+0700][gc,cpu        ] GC(6) User=0.04s Sys=0.00s Real=0.01s
[2023-02-28T10:06:30.883+0700][gc,start      ] GC(7) Pause Young (Normal) (G1 Evacuation Pause)
[2023-02-28T10:06:30.883+0700][gc,task       ] GC(7) Using 13 workers of 13 for evacuation
[2023-02-28T10:06:30.889+0700][gc,phases     ] GC(7)   Pre Evacuate Collection Set: 0.1ms
[2023-02-28T10:06:30.889+0700][gc,phases     ] GC(7)   Evacuate Collection Set: 4.1ms
[2023-02-28T10:06:30.889+0700][gc,phases     ] GC(7)   Post Evacuate Collection Set: 1.3ms
[2023-02-28T10:06:30.889+0700][gc,phases     ] GC(7)   Other: 0.6ms
[2023-02-28T10:06:30.889+0700][gc,heap       ] GC(7) Eden regions: 46->0(47)
[2023-02-28T10:06:30.889+0700][gc,heap       ] GC(7) Survivor regions: 5->4(7)
[2023-02-28T10:06:30.889+0700][gc,heap       ] GC(7) Old regions: 13->15
[2023-02-28T10:06:30.889+0700][gc,heap       ] GC(7) Humongous regions: 129->129
[2023-02-28T10:06:30.889+0700][gc,metaspace  ] GC(7) Metaspace: 43242K(46080K)->43242K(46080K) NonClass: 37678K(39168K)->37678K(39168K) Class: 5564K(6912K)->5564K(6912K)
[2023-02-28T10:06:30.889+0700][gc            ] GC(7) Pause Young (Normal) (G1 Evacuation Pause) 191M->145M(1024M) 6.331ms
[2023-02-28T10:06:30.889+0700][gc,cpu        ] GC(7) User=0.06s Sys=0.00s Real=0.01s
[2023-02-28T10:36:21.628+0700][gc,start      ] GC(8) Pause Young (Normal) (G1 Evacuation Pause)
[2023-02-28T10:36:21.628+0700][gc,task       ] GC(8) Using 13 workers of 13 for evacuation
[2023-02-28T10:36:21.631+0700][gc,phases     ] GC(8)   Pre Evacuate Collection Set: 0.0ms
[2023-02-28T10:36:21.631+0700][gc,phases     ] GC(8)   Evacuate Collection Set: 1.9ms
[2023-02-28T10:36:21.631+0700][gc,phases     ] GC(8)   Post Evacuate Collection Set: 0.8ms
[2023-02-28T10:36:21.631+0700][gc,phases     ] GC(8)   Other: 0.2ms
[2023-02-28T10:36:21.631+0700][gc,heap       ] GC(8) Eden regions: 47->0(46)
[2023-02-28T10:36:21.631+0700][gc,heap       ] GC(8) Survivor regions: 4->5(7)
[2023-02-28T10:36:21.631+0700][gc,heap       ] GC(8) Old regions: 15->15
[2023-02-28T10:36:21.631+0700][gc,heap       ] GC(8) Humongous regions: 129->129
[2023-02-28T10:36:21.631+0700][gc,metaspace  ] GC(8) Metaspace: 43587K(46336K)->43587K(46336K) NonClass: 38018K(39424K)->38018K(39424K) Class: 5568K(6912K)->5568K(6912K)
[2023-02-28T10:36:21.631+0700][gc            ] GC(8) Pause Young (Normal) (G1 Evacuation Pause) 192M->146M(1024M) 3.035ms
[2023-02-28T10:36:21.631+0700][gc,cpu        ] GC(8) User=0.02s Sys=0.01s Real=0.00s
[2023-02-28T11:05:00.882+0700][gc,start      ] GC(9) Pause Young (Normal) (G1 Evacuation Pause)
[2023-02-28T11:05:00.882+0700][gc,task       ] GC(9) Using 13 workers of 13 for evacuation
[2023-02-28T11:05:00.887+0700][gc,phases     ] GC(9)   Pre Evacuate Collection Set: 0.1ms
[2023-02-28T11:05:00.887+0700][gc,phases     ] GC(9)   Evacuate Collection Set: 3.7ms
[2023-02-28T11:05:00.887+0700][gc,phases     ] GC(9)   Post Evacuate Collection Set: 1.0ms
[2023-02-28T11:05:00.887+0700][gc,phases     ] GC(9)   Other: 0.3ms
[2023-02-28T11:05:00.887+0700][gc,heap       ] GC(9) Eden regions: 46->0(55)
[2023-02-28T11:05:00.887+0700][gc,heap       ] GC(9) Survivor regions: 5->3(7)
[2023-02-28T11:05:00.887+0700][gc,heap       ] GC(9) Old regions: 15->18
[2023-02-28T11:05:00.887+0700][gc,heap       ] GC(9) Humongous regions: 129->129
[2023-02-28T11:05:00.887+0700][gc,metaspace  ] GC(9) Metaspace: 43785K(46592K)->43785K(46592K) NonClass: 38206K(39680K)->38206K(39680K) Class: 5578K(6912K)->5578K(6912K)
[2023-02-28T11:05:00.887+0700][gc            ] GC(9) Pause Young (Normal) (G1 Evacuation Pause) 192M->146M(1024M) 5.286ms
[2023-02-28T11:05:00.887+0700][gc,cpu        ] GC(9) User=0.05s Sys=0.00s Real=0.01s
[2023-02-28T11:39:15.272+0700][gc,start      ] GC(10) Pause Young (Normal) (G1 Evacuation Pause)
[2023-02-28T11:39:15.272+0700][gc,task       ] GC(10) Using 13 workers of 13 for evacuation
[2023-02-28T11:39:15.286+0700][gc,phases     ] GC(10)   Pre Evacuate Collection Set: 0.1ms
[2023-02-28T11:39:15.286+0700][gc,phases     ] GC(10)   Evacuate Collection Set: 2.3ms
[2023-02-28T11:39:15.286+0700][gc,phases     ] GC(10)   Post Evacuate Collection Set: 0.6ms
[2023-02-28T11:39:15.286+0700][gc,phases     ] GC(10)   Other: 11.6ms
[2023-02-28T11:39:15.286+0700][gc,heap       ] GC(10) Eden regions: 55->0(56)
[2023-02-28T11:39:15.286+0700][gc,heap       ] GC(10) Survivor regions: 3->3(8)
[2023-02-28T11:39:15.286+0700][gc,heap       ] GC(10) Old regions: 18->18
[2023-02-28T11:39:15.286+0700][gc,heap       ] GC(10) Humongous regions: 129->129
[2023-02-28T11:39:15.286+0700][gc,metaspace  ] GC(10) Metaspace: 43871K(46592K)->43871K(46592K) NonClass: 38292K(39680K)->38292K(39680K) Class: 5578K(6912K)->5578K(6912K)
[2023-02-28T11:39:15.286+0700][gc            ] GC(10) Pause Young (Normal) (G1 Evacuation Pause) 201M->147M(1024M) 14.560ms
[2023-02-28T11:39:15.286+0700][gc,cpu        ] GC(10) User=0.02s Sys=0.01s Real=0.01s
[2023-02-28T12:15:42.358+0700][gc,start      ] GC(11) Pause Young (Normal) (G1 Evacuation Pause)
[2023-02-28T12:15:42.368+0700][gc,task       ] GC(11) Using 13 workers of 13 for evacuation
[2023-02-28T12:15:42.373+0700][gc,phases     ] GC(11)   Pre Evacuate Collection Set: 0.0ms
[2023-02-28T12:15:42.373+0700][gc,phases     ] GC(11)   Evacuate Collection Set: 3.2ms
[2023-02-28T12:15:42.373+0700][gc,phases     ] GC(11)   Post Evacuate Collection Set: 0.9ms
[2023-02-28T12:15:42.373+0700][gc,phases     ] GC(11)   Other: 11.0ms
[2023-02-28T12:15:42.373+0700][gc,heap       ] GC(11) Eden regions: 56->0(58)
[2023-02-28T12:15:42.373+0700][gc,heap       ] GC(11) Survivor regions: 3->4(8)
[2023-02-28T12:15:42.373+0700][gc,heap       ] GC(11) Old regions: 18->18
[2023-02-28T12:15:42.373+0700][gc,heap       ] GC(11) Humongous regions: 129->129
[2023-02-28T12:15:42.373+0700][gc,metaspace  ] GC(11) Metaspace: 43898K(46592K)->43898K(46592K) NonClass: 38319K(39680K)->38319K(39680K) Class: 5578K(6912K)->5578K(6912K)
[2023-02-28T12:15:42.373+0700][gc            ] GC(11) Pause Young (Normal) (G1 Evacuation Pause) 203M->148M(1024M) 15.294ms
[2023-02-28T12:15:42.373+0700][gc,cpu        ] GC(11) User=0.04s Sys=0.00s Real=0.02s
[2023-02-28T12:51:48.654+0700][gc,start      ] GC(12) Pause Young (Normal) (G1 Evacuation Pause)
[2023-02-28T12:51:48.654+0700][gc,task       ] GC(12) Using 13 workers of 13 for evacuation
[2023-02-28T12:51:48.657+0700][gc,phases     ] GC(12)   Pre Evacuate Collection Set: 0.0ms
[2023-02-28T12:51:48.657+0700][gc,phases     ] GC(12)   Evacuate Collection Set: 2.3ms
[2023-02-28T12:51:48.657+0700][gc,phases     ] GC(12)   Post Evacuate Collection Set: 0.9ms
[2023-02-28T12:51:48.657+0700][gc,phases     ] GC(12)   Other: 0.3ms
[2023-02-28T12:51:48.657+0700][gc,heap       ] GC(12) Eden regions: 58->0(611)
[2023-02-28T12:51:48.657+0700][gc,heap       ] GC(12) Survivor regions: 4->3(8)
[2023-02-28T12:51:48.657+0700][gc,heap       ] GC(12) Old regions: 18->18
[2023-02-28T12:51:48.657+0700][gc,heap       ] GC(12) Humongous regions: 129->129
[2023-02-28T12:51:48.657+0700][gc,metaspace  ] GC(12) Metaspace: 43905K(46592K)->43905K(46592K) NonClass: 38327K(39680K)->38327K(39680K) Class: 5578K(6912K)->5578K(6912K)
[2023-02-28T12:51:48.657+0700][gc            ] GC(12) Pause Young (Normal) (G1 Evacuation Pause) 206M->147M(1024M) 3.762ms
[2023-02-28T12:51:48.657+0700][gc,cpu        ] GC(12) User=0.03s Sys=0.00s Real=0.00s
[2023-02-28T18:30:21.309+0700][gc,start      ] GC(13) Pause Young (Normal) (G1 Evacuation Pause)
[2023-02-28T18:30:21.310+0700][gc,task       ] GC(13) Using 13 workers of 13 for evacuation
[2023-02-28T18:30:21.318+0700][gc,phases     ] GC(13)   Pre Evacuate Collection Set: 0.0ms
[2023-02-28T18:30:21.318+0700][gc,phases     ] GC(13)   Evacuate Collection Set: 2.0ms
[2023-02-28T18:30:21.318+0700][gc,phases     ] GC(13)   Post Evacuate Collection Set: 4.1ms
[2023-02-28T18:30:21.318+0700][gc,phases     ] GC(13)   Other: 2.6ms
[2023-02-28T18:30:21.318+0700][gc,heap       ] GC(13) Eden regions: 482->0(561)
[2023-02-28T18:30:21.318+0700][gc,heap       ] GC(13) Survivor regions: 3->3(61)
[2023-02-28T18:30:21.318+0700][gc,heap       ] GC(13) Old regions: 18->18
[2023-02-28T18:30:21.318+0700][gc,heap       ] GC(13) Humongous regions: 129->129
[2023-02-28T18:30:21.318+0700][gc,metaspace  ] GC(13) Metaspace: 44833K(47872K)->44833K(47872K) NonClass: 39086K(40704K)->39086K(40704K) Class: 5747K(7168K)->5747K(7168K)
[2023-02-28T18:30:21.318+0700][gc            ] GC(13) Pause Young (Normal) (G1 Evacuation Pause) 629M->147M(1024M) 8.767ms
[2023-02-28T18:30:21.318+0700][gc,cpu        ] GC(13) User=0.01s Sys=0.01s Real=0.00s
[2023-02-28T18:30:21.572+0700][gc,heap,exit  ] Heap
[2023-02-28T18:30:21.572+0700][gc,heap,exit  ]  garbage-first heap   total 1048576K, used 156416K [0x00000000c0000000, 0x0000000100000000)
[2023-02-28T18:30:21.572+0700][gc,heap,exit  ]   region size 1024K, 9 young (9216K), 3 survivors (3072K)
[2023-02-28T18:30:21.572+0700][gc,heap,exit  ]  Metaspace       used 45029K, capacity 47908K, committed 48000K, reserved 1089536K
[2023-02-28T18:30:21.572+0700][gc,heap,exit  ]   class space    used 5798K, capacity 7207K, committed 7296K, reserved 1048576K
