[2023-03-03T09:46:19.081+0700][gc,heap] Heap region size: 1M
[2023-03-03T09:46:19.087+0700][gc     ] Using G1
[2023-03-03T09:46:19.087+0700][gc,heap,coops] Heap address: 0x00000000c0000000, size: 1024 MB, Compressed Oops mode: 32-bit
[2023-03-03T09:46:19.087+0700][gc,cds       ] Mark closed archive regions in map: [0x00000000fff00000, 0x00000000fff6aff8]
[2023-03-03T09:46:19.087+0700][gc,cds       ] Mark open archive regions in map: [0x00000000ffe00000, 0x00000000ffe47ff8]
[2023-03-03T09:46:19.782+0700][gc,start     ] GC(0) Pause Young (Normal) (G1 Evacuation Pause)
[2023-03-03T09:46:19.783+0700][gc,task      ] GC(0) Using 13 workers of 13 for evacuation
[2023-03-03T09:46:19.792+0700][gc,phases    ] GC(0)   Pre Evacuate Collection Set: 0.0ms
[2023-03-03T09:46:19.792+0700][gc,phases    ] GC(0)   Evacuate Collection Set: 8.4ms
[2023-03-03T09:46:19.792+0700][gc,phases    ] GC(0)   Post Evacuate Collection Set: 0.4ms
[2023-03-03T09:46:19.792+0700][gc,phases    ] GC(0)   Other: 0.9ms
[2023-03-03T09:46:19.792+0700][gc,heap      ] GC(0) Eden regions: 51->0(44)
[2023-03-03T09:46:19.792+0700][gc,heap      ] GC(0) Survivor regions: 0->7(7)
[2023-03-03T09:46:19.792+0700][gc,heap      ] GC(0) Old regions: 2->2
[2023-03-03T09:46:19.792+0700][gc,heap      ] GC(0) Humongous regions: 0->0
[2023-03-03T09:46:19.792+0700][gc,metaspace ] GC(0) Metaspace: 14313K(15104K)->14313K(15104K) NonClass: 12568K(13056K)->12568K(13056K) Class: 1745K(2048K)->1745K(2048K)
[2023-03-03T09:46:19.792+0700][gc           ] GC(0) Pause Young (Normal) (G1 Evacuation Pause) 51M->7M(1024M) 9.919ms
[2023-03-03T09:46:19.792+0700][gc,cpu       ] GC(0) User=0.08s Sys=0.04s Real=0.01s
[2023-03-03T09:46:20.199+0700][gc,start     ] GC(1) Pause Young (Concurrent Start) (Metadata GC Threshold)
[2023-03-03T09:46:20.199+0700][gc,task      ] GC(1) Using 13 workers of 13 for evacuation
[2023-03-03T09:46:20.206+0700][gc,phases    ] GC(1)   Pre Evacuate Collection Set: 0.1ms
[2023-03-03T09:46:20.206+0700][gc,phases    ] GC(1)   Evacuate Collection Set: 6.2ms
[2023-03-03T09:46:20.206+0700][gc,phases    ] GC(1)   Post Evacuate Collection Set: 0.4ms
[2023-03-03T09:46:20.206+0700][gc,phases    ] GC(1)   Other: 0.2ms
[2023-03-03T09:46:20.206+0700][gc,heap      ] GC(1) Eden regions: 28->0(49)
[2023-03-03T09:46:20.206+0700][gc,heap      ] GC(1) Survivor regions: 7->2(7)
[2023-03-03T09:46:20.206+0700][gc,heap      ] GC(1) Old regions: 2->9
[2023-03-03T09:46:20.206+0700][gc,heap      ] GC(1) Humongous regions: 0->0
[2023-03-03T09:46:20.206+0700][gc,metaspace ] GC(1) Metaspace: 20584K(21248K)->20584K(21248K) NonClass: 18104K(18432K)->18104K(18432K) Class: 2480K(2816K)->2480K(2816K)
[2023-03-03T09:46:20.206+0700][gc           ] GC(1) Pause Young (Concurrent Start) (Metadata GC Threshold) 35M->8M(1024M) 6.970ms
[2023-03-03T09:46:20.206+0700][gc,cpu       ] GC(1) User=0.05s Sys=0.00s Real=0.00s
[2023-03-03T09:46:20.206+0700][gc           ] GC(2) Concurrent Cycle
[2023-03-03T09:46:20.206+0700][gc,marking   ] GC(2) Concurrent Clear Claimed Marks
[2023-03-03T09:46:20.206+0700][gc,marking   ] GC(2) Concurrent Clear Claimed Marks 0.050ms
[2023-03-03T09:46:20.206+0700][gc,marking   ] GC(2) Concurrent Scan Root Regions
[2023-03-03T09:46:20.207+0700][gc,marking   ] GC(2) Concurrent Scan Root Regions 0.639ms
[2023-03-03T09:46:20.207+0700][gc,marking   ] GC(2) Concurrent Mark (1.128s)
[2023-03-03T09:46:20.207+0700][gc,marking   ] GC(2) Concurrent Mark From Roots
[2023-03-03T09:46:20.207+0700][gc,task      ] GC(2) Using 3 workers of 3 for marking
[2023-03-03T09:46:20.209+0700][gc,marking   ] GC(2) Concurrent Mark From Roots 2.806ms
[2023-03-03T09:46:20.210+0700][gc,marking   ] GC(2) Concurrent Preclean
[2023-03-03T09:46:20.210+0700][gc,marking   ] GC(2) Concurrent Preclean 0.089ms
[2023-03-03T09:46:20.210+0700][gc,marking   ] GC(2) Concurrent Mark (1.128s, 1.131s) 2.949ms
[2023-03-03T09:46:20.210+0700][gc,start     ] GC(2) Pause Remark
[2023-03-03T09:46:20.211+0700][gc,stringtable] GC(2) Cleaned string and symbol table, strings: 5188 processed, 0 removed, symbols: 52074 processed, 47 removed
[2023-03-03T09:46:20.211+0700][gc            ] GC(2) Pause Remark 8M->8M(1024M) 1.211ms
[2023-03-03T09:46:20.211+0700][gc,cpu        ] GC(2) User=0.01s Sys=0.00s Real=0.00s
[2023-03-03T09:46:20.211+0700][gc,marking    ] GC(2) Concurrent Rebuild Remembered Sets
[2023-03-03T09:46:20.212+0700][gc,marking    ] GC(2) Concurrent Rebuild Remembered Sets 1.463ms
[2023-03-03T09:46:20.213+0700][gc,start      ] GC(2) Pause Cleanup
[2023-03-03T09:46:20.213+0700][gc            ] GC(2) Pause Cleanup 8M->8M(1024M) 0.150ms
[2023-03-03T09:46:20.213+0700][gc,cpu        ] GC(2) User=0.00s Sys=0.00s Real=0.00s
[2023-03-03T09:46:20.213+0700][gc,marking    ] GC(2) Concurrent Cleanup for Next Mark
[2023-03-03T09:46:20.215+0700][gc,marking    ] GC(2) Concurrent Cleanup for Next Mark 2.352ms
[2023-03-03T09:46:20.215+0700][gc            ] GC(2) Concurrent Cycle 9.267ms
[2023-03-03T09:46:20.708+0700][gc,start      ] GC(3) Pause Young (Normal) (G1 Evacuation Pause)
[2023-03-03T09:46:20.708+0700][gc,task       ] GC(3) Using 13 workers of 13 for evacuation
[2023-03-03T09:46:20.711+0700][gc,phases     ] GC(3)   Pre Evacuate Collection Set: 0.0ms
[2023-03-03T09:46:20.711+0700][gc,phases     ] GC(3)   Evacuate Collection Set: 1.9ms
[2023-03-03T09:46:20.711+0700][gc,phases     ] GC(3)   Post Evacuate Collection Set: 0.4ms
[2023-03-03T09:46:20.711+0700][gc,phases     ] GC(3)   Other: 0.2ms
[2023-03-03T09:46:20.711+0700][gc,heap       ] GC(3) Eden regions: 49->0(46)
[2023-03-03T09:46:20.711+0700][gc,heap       ] GC(3) Survivor regions: 2->5(7)
[2023-03-03T09:46:20.711+0700][gc,heap       ] GC(3) Old regions: 9->9
[2023-03-03T09:46:20.711+0700][gc,heap       ] GC(3) Humongous regions: 129->129
[2023-03-03T09:46:20.711+0700][gc,metaspace  ] GC(3) Metaspace: 28743K(29952K)->28743K(29952K) NonClass: 25420K(26112K)->25420K(26112K) Class: 3323K(3840K)->3323K(3840K)
[2023-03-03T09:46:20.711+0700][gc            ] GC(3) Pause Young (Normal) (G1 Evacuation Pause) 186M->141M(1024M) 2.617ms
[2023-03-03T09:46:20.711+0700][gc,cpu        ] GC(3) User=0.03s Sys=0.00s Real=0.00s
[2023-03-03T09:46:20.952+0700][gc,start      ] GC(4) Pause Young (Concurrent Start) (Metadata GC Threshold)
[2023-03-03T09:46:20.952+0700][gc,task       ] GC(4) Using 13 workers of 13 for evacuation
[2023-03-03T09:46:20.956+0700][gc,phases     ] GC(4)   Pre Evacuate Collection Set: 0.1ms
[2023-03-03T09:46:20.957+0700][gc,phases     ] GC(4)   Evacuate Collection Set: 3.7ms
[2023-03-03T09:46:20.957+0700][gc,phases     ] GC(4)   Post Evacuate Collection Set: 0.4ms
[2023-03-03T09:46:20.957+0700][gc,phases     ] GC(4)   Other: 0.2ms
[2023-03-03T09:46:20.957+0700][gc,heap       ] GC(4) Eden regions: 29->0(49)
[2023-03-03T09:46:20.957+0700][gc,heap       ] GC(4) Survivor regions: 5->2(7)
[2023-03-03T09:46:20.957+0700][gc,heap       ] GC(4) Old regions: 9->14
[2023-03-03T09:46:20.957+0700][gc,heap       ] GC(4) Humongous regions: 129->129
[2023-03-03T09:46:20.957+0700][gc,metaspace  ] GC(4) Metaspace: 34414K(35840K)->34414K(35840K) NonClass: 30391K(31104K)->30391K(31104K) Class: 4022K(4736K)->4022K(4736K)
[2023-03-03T09:46:20.957+0700][gc            ] GC(4) Pause Young (Concurrent Start) (Metadata GC Threshold) 170M->142M(1024M) 4.530ms
[2023-03-03T09:46:20.957+0700][gc,cpu        ] GC(4) User=0.04s Sys=0.00s Real=0.01s
[2023-03-03T09:46:20.957+0700][gc            ] GC(5) Concurrent Cycle
[2023-03-03T09:46:20.957+0700][gc,marking    ] GC(5) Concurrent Clear Claimed Marks
[2023-03-03T09:46:20.957+0700][gc,marking    ] GC(5) Concurrent Clear Claimed Marks 0.140ms
[2023-03-03T09:46:20.957+0700][gc,marking    ] GC(5) Concurrent Scan Root Regions
[2023-03-03T09:46:20.958+0700][gc,marking    ] GC(5) Concurrent Scan Root Regions 0.916ms
[2023-03-03T09:46:20.958+0700][gc,marking    ] GC(5) Concurrent Mark (1.879s)
[2023-03-03T09:46:20.958+0700][gc,marking    ] GC(5) Concurrent Mark From Roots
[2023-03-03T09:46:20.958+0700][gc,task       ] GC(5) Using 3 workers of 3 for marking
[2023-03-03T09:46:20.963+0700][gc,marking    ] GC(5) Concurrent Mark From Roots 5.265ms
[2023-03-03T09:46:20.963+0700][gc,marking    ] GC(5) Concurrent Preclean
[2023-03-03T09:46:20.963+0700][gc,marking    ] GC(5) Concurrent Preclean 0.131ms
[2023-03-03T09:46:20.963+0700][gc,marking    ] GC(5) Concurrent Mark (1.879s, 1.885s) 5.453ms
[2023-03-03T09:46:20.963+0700][gc,start      ] GC(5) Pause Remark
[2023-03-03T09:46:20.965+0700][gc,stringtable] GC(5) Cleaned string and symbol table, strings: 10856 processed, 12 removed, symbols: 84689 processed, 12 removed
[2023-03-03T09:46:20.965+0700][gc            ] GC(5) Pause Remark 144M->144M(1024M) 1.706ms
[2023-03-03T09:46:20.965+0700][gc,cpu        ] GC(5) User=0.02s Sys=0.00s Real=0.00s
[2023-03-03T09:46:20.965+0700][gc,marking    ] GC(5) Concurrent Rebuild Remembered Sets
[2023-03-03T09:46:20.969+0700][gc,marking    ] GC(5) Concurrent Rebuild Remembered Sets 3.370ms
[2023-03-03T09:46:20.969+0700][gc,start      ] GC(5) Pause Cleanup
[2023-03-03T09:46:20.969+0700][gc            ] GC(5) Pause Cleanup 145M->145M(1024M) 0.164ms
[2023-03-03T09:46:20.969+0700][gc,cpu        ] GC(5) User=0.00s Sys=0.00s Real=0.00s
[2023-03-03T09:46:20.969+0700][gc,marking    ] GC(5) Concurrent Cleanup for Next Mark
[2023-03-03T09:46:20.971+0700][gc,marking    ] GC(5) Concurrent Cleanup for Next Mark 2.129ms
[2023-03-03T09:46:20.971+0700][gc            ] GC(5) Concurrent Cycle 14.481ms
[2023-03-03T11:27:20.577+0700][gc,start      ] GC(6) Pause Young (Normal) (G1 Evacuation Pause)
[2023-03-03T11:27:20.577+0700][gc,task       ] GC(6) Using 13 workers of 13 for evacuation
[2023-03-03T11:27:20.581+0700][gc,phases     ] GC(6)   Pre Evacuate Collection Set: 0.1ms
[2023-03-03T11:27:20.581+0700][gc,phases     ] GC(6)   Evacuate Collection Set: 2.6ms
[2023-03-03T11:27:20.581+0700][gc,phases     ] GC(6)   Post Evacuate Collection Set: 0.7ms
[2023-03-03T11:27:20.581+0700][gc,phases     ] GC(6)   Other: 0.5ms
[2023-03-03T11:27:20.581+0700][gc,heap       ] GC(6) Eden regions: 49->0(49)
[2023-03-03T11:27:20.581+0700][gc,heap       ] GC(6) Survivor regions: 2->2(7)
[2023-03-03T11:27:20.581+0700][gc,heap       ] GC(6) Old regions: 14->14
[2023-03-03T11:27:20.581+0700][gc,heap       ] GC(6) Humongous regions: 129->129
[2023-03-03T11:27:20.581+0700][gc,metaspace  ] GC(6) Metaspace: 36711K(38400K)->36711K(38400K) NonClass: 32397K(33280K)->32397K(33280K) Class: 4314K(5120K)->4314K(5120K)
[2023-03-03T11:27:20.582+0700][gc            ] GC(6) Pause Young (Normal) (G1 Evacuation Pause) 191M->142M(1024M) 4.190ms
[2023-03-03T11:27:20.582+0700][gc,cpu        ] GC(6) User=0.03s Sys=0.00s Real=0.00s
[2023-03-03T12:08:00.009+0700][gc,start      ] GC(7) Pause Young (Normal) (G1 Evacuation Pause)
[2023-03-03T12:08:00.009+0700][gc,task       ] GC(7) Using 13 workers of 13 for evacuation
[2023-03-03T12:08:00.013+0700][gc,phases     ] GC(7)   Pre Evacuate Collection Set: 0.0ms
[2023-03-03T12:08:00.013+0700][gc,phases     ] GC(7)   Evacuate Collection Set: 2.3ms
[2023-03-03T12:08:00.013+0700][gc,phases     ] GC(7)   Post Evacuate Collection Set: 1.4ms
[2023-03-03T12:08:00.013+0700][gc,phases     ] GC(7)   Other: 0.4ms
[2023-03-03T12:08:00.013+0700][gc,heap       ] GC(7) Eden regions: 49->0(47)
[2023-03-03T12:08:00.013+0700][gc,heap       ] GC(7) Survivor regions: 2->4(7)
[2023-03-03T12:08:00.013+0700][gc,heap       ] GC(7) Old regions: 14->14
[2023-03-03T12:08:00.013+0700][gc,heap       ] GC(7) Humongous regions: 129->129
[2023-03-03T12:08:00.013+0700][gc,metaspace  ] GC(7) Metaspace: 41531K(43904K)->41531K(43904K) NonClass: 36235K(37376K)->36235K(37376K) Class: 5295K(6528K)->5295K(6528K)
[2023-03-03T12:08:00.013+0700][gc            ] GC(7) Pause Young (Normal) (G1 Evacuation Pause) 191M->144M(1024M) 4.201ms
[2023-03-03T12:08:00.013+0700][gc,cpu        ] GC(7) User=0.03s Sys=0.00s Real=0.00s
[2023-03-03T13:00:18.394+0700][gc,start      ] GC(8) Pause Young (Normal) (G1 Evacuation Pause)
[2023-03-03T13:00:18.394+0700][gc,task       ] GC(8) Using 13 workers of 13 for evacuation
[2023-03-03T13:00:18.398+0700][gc,phases     ] GC(8)   Pre Evacuate Collection Set: 0.0ms
[2023-03-03T13:00:18.398+0700][gc,phases     ] GC(8)   Evacuate Collection Set: 3.1ms
[2023-03-03T13:00:18.398+0700][gc,phases     ] GC(8)   Post Evacuate Collection Set: 1.1ms
[2023-03-03T13:00:18.399+0700][gc,phases     ] GC(8)   Other: 0.4ms
[2023-03-03T13:00:18.399+0700][gc,heap       ] GC(8) Eden regions: 47->0(46)
[2023-03-03T13:00:18.399+0700][gc,heap       ] GC(8) Survivor regions: 4->5(7)
[2023-03-03T13:00:18.399+0700][gc,heap       ] GC(8) Old regions: 14->14
[2023-03-03T13:00:18.399+0700][gc,heap       ] GC(8) Humongous regions: 129->129
[2023-03-03T13:00:18.399+0700][gc,metaspace  ] GC(8) Metaspace: 42095K(44672K)->42095K(44672K) NonClass: 36800K(38144K)->36800K(38144K) Class: 5295K(6528K)->5295K(6528K)
[2023-03-03T13:00:18.399+0700][gc            ] GC(8) Pause Young (Normal) (G1 Evacuation Pause) 191M->144M(1024M) 4.831ms
[2023-03-03T13:00:18.399+0700][gc,cpu        ] GC(8) User=0.04s Sys=0.01s Real=0.01s
[2023-03-03T13:56:26.262+0700][gc,start      ] GC(9) Pause Young (Normal) (G1 Evacuation Pause)
[2023-03-03T13:56:26.262+0700][gc,task       ] GC(9) Using 13 workers of 13 for evacuation
[2023-03-03T13:56:26.267+0700][gc,phases     ] GC(9)   Pre Evacuate Collection Set: 0.0ms
[2023-03-03T13:56:26.267+0700][gc,phases     ] GC(9)   Evacuate Collection Set: 3.7ms
[2023-03-03T13:56:26.267+0700][gc,phases     ] GC(9)   Post Evacuate Collection Set: 1.4ms
[2023-03-03T13:56:26.267+0700][gc,phases     ] GC(9)   Other: 0.2ms
[2023-03-03T13:56:26.267+0700][gc,heap       ] GC(9) Eden regions: 46->0(50)
[2023-03-03T13:56:26.267+0700][gc,heap       ] GC(9) Survivor regions: 5->3(7)
[2023-03-03T13:56:26.267+0700][gc,heap       ] GC(9) Old regions: 14->15
[2023-03-03T13:56:26.267+0700][gc,heap       ] GC(9) Humongous regions: 129->129
[2023-03-03T13:56:26.267+0700][gc,metaspace  ] GC(9) Metaspace: 42282K(44672K)->42282K(44672K) NonClass: 36987K(38144K)->36987K(38144K) Class: 5295K(6528K)->5295K(6528K)
[2023-03-03T13:56:26.267+0700][gc            ] GC(9) Pause Young (Normal) (G1 Evacuation Pause) 190M->145M(1024M) 5.402ms
[2023-03-03T13:56:26.267+0700][gc,cpu        ] GC(9) User=0.05s Sys=0.00s Real=0.00s
[2023-03-03T14:51:35.009+0700][gc,start      ] GC(10) Pause Young (Normal) (G1 Evacuation Pause)
[2023-03-03T14:51:35.009+0700][gc,task       ] GC(10) Using 13 workers of 13 for evacuation
[2023-03-03T14:51:35.014+0700][gc,phases     ] GC(10)   Pre Evacuate Collection Set: 0.0ms
[2023-03-03T14:51:35.014+0700][gc,phases     ] GC(10)   Evacuate Collection Set: 3.6ms
[2023-03-03T14:51:35.014+0700][gc,phases     ] GC(10)   Post Evacuate Collection Set: 1.1ms
[2023-03-03T14:51:35.014+0700][gc,phases     ] GC(10)   Other: 0.3ms
[2023-03-03T14:51:35.014+0700][gc,heap       ] GC(10) Eden regions: 50->0(57)
[2023-03-03T14:51:35.014+0700][gc,heap       ] GC(10) Survivor regions: 3->3(7)
[2023-03-03T14:51:35.014+0700][gc,heap       ] GC(10) Old regions: 15->15
[2023-03-03T14:51:35.014+0700][gc,heap       ] GC(10) Humongous regions: 129->129
[2023-03-03T14:51:35.014+0700][gc,metaspace  ] GC(10) Metaspace: 42488K(44928K)->42488K(44928K) NonClass: 37192K(38400K)->37192K(38400K) Class: 5295K(6528K)->5295K(6528K)
[2023-03-03T14:51:35.015+0700][gc            ] GC(10) Pause Young (Normal) (G1 Evacuation Pause) 194M->145M(1024M) 5.318ms
[2023-03-03T14:51:35.015+0700][gc,cpu        ] GC(10) User=0.04s Sys=0.00s Real=0.00s
[2023-03-03T15:54:39.536+0700][gc,start      ] GC(11) Pause Young (Normal) (G1 Evacuation Pause)
[2023-03-03T15:54:39.536+0700][gc,task       ] GC(11) Using 13 workers of 13 for evacuation
[2023-03-03T15:54:39.542+0700][gc,phases     ] GC(11)   Pre Evacuate Collection Set: 0.0ms
[2023-03-03T15:54:39.542+0700][gc,phases     ] GC(11)   Evacuate Collection Set: 3.8ms
[2023-03-03T15:54:39.542+0700][gc,phases     ] GC(11)   Post Evacuate Collection Set: 1.1ms
[2023-03-03T15:54:39.542+0700][gc,phases     ] GC(11)   Other: 0.4ms
[2023-03-03T15:54:39.542+0700][gc,heap       ] GC(11) Eden regions: 57->0(82)
[2023-03-03T15:54:39.542+0700][gc,heap       ] GC(11) Survivor regions: 3->4(8)
[2023-03-03T15:54:39.542+0700][gc,heap       ] GC(11) Old regions: 15->15
[2023-03-03T15:54:39.542+0700][gc,heap       ] GC(11) Humongous regions: 129->129
[2023-03-03T15:54:39.542+0700][gc,metaspace  ] GC(11) Metaspace: 42649K(45184K)->42649K(45184K) NonClass: 37349K(38656K)->37349K(38656K) Class: 5299K(6528K)->5299K(6528K)
[2023-03-03T15:54:39.542+0700][gc            ] GC(11) Pause Young (Normal) (G1 Evacuation Pause) 202M->146M(1024M) 5.539ms
[2023-03-03T15:54:39.542+0700][gc,cpu        ] GC(11) User=0.05s Sys=0.00s Real=0.00s
[2023-03-03T17:10:30.009+0700][gc,start      ] GC(12) Pause Young (Normal) (G1 Evacuation Pause)
[2023-03-03T17:10:30.009+0700][gc,task       ] GC(12) Using 13 workers of 13 for evacuation
[2023-03-03T17:10:30.016+0700][gc,phases     ] GC(12)   Pre Evacuate Collection Set: 0.0ms
[2023-03-03T17:10:30.016+0700][gc,phases     ] GC(12)   Evacuate Collection Set: 4.8ms
[2023-03-03T17:10:30.016+0700][gc,phases     ] GC(12)   Post Evacuate Collection Set: 1.7ms
[2023-03-03T17:10:30.016+0700][gc,phases     ] GC(12)   Other: 0.4ms
[2023-03-03T17:10:30.016+0700][gc,heap       ] GC(12) Eden regions: 82->0(196)
[2023-03-03T17:10:30.016+0700][gc,heap       ] GC(12) Survivor regions: 4->4(11)
[2023-03-03T17:10:30.016+0700][gc,heap       ] GC(12) Old regions: 15->15
[2023-03-03T17:10:30.016+0700][gc,heap       ] GC(12) Humongous regions: 129->129
[2023-03-03T17:10:30.016+0700][gc,metaspace  ] GC(12) Metaspace: 42749K(45440K)->42749K(45440K) NonClass: 37447K(38912K)->37447K(38912K) Class: 5302K(6528K)->5302K(6528K)
[2023-03-03T17:10:30.016+0700][gc            ] GC(12) Pause Young (Normal) (G1 Evacuation Pause) 228M->146M(1024M) 7.107ms
[2023-03-03T17:10:30.016+0700][gc,cpu        ] GC(12) User=0.05s Sys=0.02s Real=0.01s
[2023-03-03T18:36:57.995+0700][gc,start      ] GC(13) Pause Young (Normal) (G1 Evacuation Pause)
[2023-03-03T18:36:57.995+0700][gc,task       ] GC(13) Using 13 workers of 13 for evacuation
[2023-03-03T18:36:58.002+0700][gc,phases     ] GC(13)   Pre Evacuate Collection Set: 0.0ms
[2023-03-03T18:36:58.002+0700][gc,phases     ] GC(13)   Evacuate Collection Set: 5.1ms
[2023-03-03T18:36:58.002+0700][gc,phases     ] GC(13)   Post Evacuate Collection Set: 1.2ms
[2023-03-03T18:36:58.002+0700][gc,phases     ] GC(13)   Other: 0.3ms
[2023-03-03T18:36:58.002+0700][gc,heap       ] GC(13) Eden regions: 120->0(160)
[2023-03-03T18:36:58.002+0700][gc,heap       ] GC(13) Survivor regions: 4->5(16)
[2023-03-03T18:36:58.002+0700][gc,heap       ] GC(13) Old regions: 15->15
[2023-03-03T18:36:58.002+0700][gc,heap       ] GC(13) Humongous regions: 129->129
[2023-03-03T18:36:58.002+0700][gc,metaspace  ] GC(13) Metaspace: 43540K(46464K)->43540K(46464K) NonClass: 38034K(39680K)->38034K(39680K) Class: 5505K(6784K)->5505K(6784K)
[2023-03-03T18:36:58.002+0700][gc            ] GC(13) Pause Young (Normal) (G1 Evacuation Pause) 266M->146M(1024M) 6.728ms
[2023-03-03T18:36:58.002+0700][gc,cpu        ] GC(13) User=0.06s Sys=0.00s Real=0.01s
[2023-03-03T18:36:58.033+0700][gc,heap,exit  ] Heap
[2023-03-03T18:36:58.033+0700][gc,heap,exit  ]  garbage-first heap   total 1048576K, used 153237K [0x00000000c0000000, 0x0000000100000000)
[2023-03-03T18:36:58.033+0700][gc,heap,exit  ]   region size 1024K, 9 young (9216K), 5 survivors (5120K)
[2023-03-03T18:36:58.033+0700][gc,heap,exit  ]  Metaspace       used 43599K, capacity 46289K, committed 46592K, reserved 1089536K
[2023-03-03T18:36:58.033+0700][gc,heap,exit  ]   class space    used 5524K, capacity 6798K, committed 6912K, reserved 1048576K
