[2023-03-02T11:36:12.126+0700][gc,heap] Heap region size: 1M
[2023-03-02T11:36:12.132+0700][gc     ] Using G1
[2023-03-02T11:36:12.132+0700][gc,heap,coops] Heap address: 0x00000000c0000000, size: 1024 MB, Compressed Oops mode: 32-bit
[2023-03-02T11:36:12.132+0700][gc,cds       ] Mark closed archive regions in map: [0x00000000fff00000, 0x00000000fff6aff8]
[2023-03-02T11:36:12.132+0700][gc,cds       ] Mark open archive regions in map: [0x00000000ffe00000, 0x00000000ffe47ff8]
[2023-03-02T11:36:12.845+0700][gc,start     ] GC(0) Pause Young (Normal) (G1 Evacuation Pause)
[2023-03-02T11:36:12.846+0700][gc,task      ] GC(0) Using 13 workers of 13 for evacuation
[2023-03-02T11:36:12.855+0700][gc,phases    ] GC(0)   Pre Evacuate Collection Set: 0.0ms
[2023-03-02T11:36:12.855+0700][gc,phases    ] GC(0)   Evacuate Collection Set: 8.4ms
[2023-03-02T11:36:12.855+0700][gc,phases    ] GC(0)   Post Evacuate Collection Set: 0.5ms
[2023-03-02T11:36:12.855+0700][gc,phases    ] GC(0)   Other: 1.4ms
[2023-03-02T11:36:12.855+0700][gc,heap      ] GC(0) Eden regions: 51->0(44)
[2023-03-02T11:36:12.855+0700][gc,heap      ] GC(0) Survivor regions: 0->7(7)
[2023-03-02T11:36:12.855+0700][gc,heap      ] GC(0) Old regions: 2->2
[2023-03-02T11:36:12.855+0700][gc,heap      ] GC(0) Humongous regions: 0->0
[2023-03-02T11:36:12.855+0700][gc,metaspace ] GC(0) Metaspace: 14305K(15104K)->14305K(15104K) NonClass: 12559K(13056K)->12559K(13056K) Class: 1745K(2048K)->1745K(2048K)
[2023-03-02T11:36:12.855+0700][gc           ] GC(0) Pause Young (Normal) (G1 Evacuation Pause) 51M->7M(1024M) 10.469ms
[2023-03-02T11:36:12.855+0700][gc,cpu       ] GC(0) User=0.09s Sys=0.02s Real=0.02s
[2023-03-02T11:36:13.309+0700][gc,start     ] GC(1) Pause Young (Concurrent Start) (Metadata GC Threshold)
[2023-03-02T11:36:13.309+0700][gc,task      ] GC(1) Using 13 workers of 13 for evacuation
[2023-03-02T11:36:13.315+0700][gc,phases    ] GC(1)   Pre Evacuate Collection Set: 0.1ms
[2023-03-02T11:36:13.315+0700][gc,phases    ] GC(1)   Evacuate Collection Set: 5.6ms
[2023-03-02T11:36:13.315+0700][gc,phases    ] GC(1)   Post Evacuate Collection Set: 0.5ms
[2023-03-02T11:36:13.315+0700][gc,phases    ] GC(1)   Other: 0.3ms
[2023-03-02T11:36:13.315+0700][gc,heap      ] GC(1) Eden regions: 28->0(49)
[2023-03-02T11:36:13.315+0700][gc,heap      ] GC(1) Survivor regions: 7->2(7)
[2023-03-02T11:36:13.315+0700][gc,heap      ] GC(1) Old regions: 2->9
[2023-03-02T11:36:13.315+0700][gc,heap      ] GC(1) Humongous regions: 0->0
[2023-03-02T11:36:13.315+0700][gc,metaspace ] GC(1) Metaspace: 20584K(21248K)->20584K(21248K) NonClass: 18103K(18432K)->18103K(18432K) Class: 2480K(2816K)->2480K(2816K)
[2023-03-02T11:36:13.315+0700][gc           ] GC(1) Pause Young (Concurrent Start) (Metadata GC Threshold) 34M->8M(1024M) 6.467ms
[2023-03-02T11:36:13.315+0700][gc,cpu       ] GC(1) User=0.05s Sys=0.01s Real=0.01s
[2023-03-02T11:36:13.315+0700][gc           ] GC(2) Concurrent Cycle
[2023-03-02T11:36:13.315+0700][gc,marking   ] GC(2) Concurrent Clear Claimed Marks
[2023-03-02T11:36:13.315+0700][gc,marking   ] GC(2) Concurrent Clear Claimed Marks 0.054ms
[2023-03-02T11:36:13.315+0700][gc,marking   ] GC(2) Concurrent Scan Root Regions
[2023-03-02T11:36:13.316+0700][gc,marking   ] GC(2) Concurrent Scan Root Regions 1.073ms
[2023-03-02T11:36:13.317+0700][gc,marking   ] GC(2) Concurrent Mark (1.206s)
[2023-03-02T11:36:13.317+0700][gc,marking   ] GC(2) Concurrent Mark From Roots
[2023-03-02T11:36:13.317+0700][gc,task      ] GC(2) Using 3 workers of 3 for marking
[2023-03-02T11:36:13.321+0700][gc,marking   ] GC(2) Concurrent Mark From Roots 4.881ms
[2023-03-02T11:36:13.321+0700][gc,marking   ] GC(2) Concurrent Preclean
[2023-03-02T11:36:13.322+0700][gc,marking   ] GC(2) Concurrent Preclean 0.165ms
[2023-03-02T11:36:13.322+0700][gc,marking   ] GC(2) Concurrent Mark (1.206s, 1.211s) 5.114ms
[2023-03-02T11:36:13.322+0700][gc,start     ] GC(2) Pause Remark
[2023-03-02T11:36:13.324+0700][gc,stringtable] GC(2) Cleaned string and symbol table, strings: 5170 processed, 0 removed, symbols: 52953 processed, 46 removed
[2023-03-02T11:36:13.324+0700][gc            ] GC(2) Pause Remark 9M->9M(1024M) 1.992ms
[2023-03-02T11:36:13.324+0700][gc,cpu        ] GC(2) User=0.02s Sys=0.00s Real=0.00s
[2023-03-02T11:36:13.324+0700][gc,marking    ] GC(2) Concurrent Rebuild Remembered Sets
[2023-03-02T11:36:13.327+0700][gc,marking    ] GC(2) Concurrent Rebuild Remembered Sets 2.993ms
[2023-03-02T11:36:13.328+0700][gc,start      ] GC(2) Pause Cleanup
[2023-03-02T11:36:13.328+0700][gc            ] GC(2) Pause Cleanup 9M->9M(1024M) 0.252ms
[2023-03-02T11:36:13.328+0700][gc,cpu        ] GC(2) User=0.00s Sys=0.00s Real=0.00s
[2023-03-02T11:36:13.328+0700][gc,marking    ] GC(2) Concurrent Cleanup for Next Mark
[2023-03-02T11:36:13.331+0700][gc,marking    ] GC(2) Concurrent Cleanup for Next Mark 2.930ms
[2023-03-02T11:36:13.331+0700][gc            ] GC(2) Concurrent Cycle 15.549ms
[2023-03-02T11:36:13.804+0700][gc,start      ] GC(3) Pause Young (Normal) (G1 Evacuation Pause)
[2023-03-02T11:36:13.804+0700][gc,task       ] GC(3) Using 13 workers of 13 for evacuation
[2023-03-02T11:36:13.807+0700][gc,phases     ] GC(3)   Pre Evacuate Collection Set: 0.0ms
[2023-03-02T11:36:13.807+0700][gc,phases     ] GC(3)   Evacuate Collection Set: 2.1ms
[2023-03-02T11:36:13.807+0700][gc,phases     ] GC(3)   Post Evacuate Collection Set: 0.5ms
[2023-03-02T11:36:13.807+0700][gc,phases     ] GC(3)   Other: 0.2ms
[2023-03-02T11:36:13.807+0700][gc,heap       ] GC(3) Eden regions: 49->0(46)
[2023-03-02T11:36:13.807+0700][gc,heap       ] GC(3) Survivor regions: 2->5(7)
[2023-03-02T11:36:13.807+0700][gc,heap       ] GC(3) Old regions: 9->9
[2023-03-02T11:36:13.807+0700][gc,heap       ] GC(3) Humongous regions: 129->129
[2023-03-02T11:36:13.807+0700][gc,metaspace  ] GC(3) Metaspace: 28824K(29952K)->28824K(29952K) NonClass: 25496K(26112K)->25496K(26112K) Class: 3328K(3840K)->3328K(3840K)
[2023-03-02T11:36:13.807+0700][gc            ] GC(3) Pause Young (Normal) (G1 Evacuation Pause) 186M->140M(1024M) 3.000ms
[2023-03-02T11:36:13.807+0700][gc,cpu        ] GC(3) User=0.03s Sys=0.00s Real=0.01s
[2023-03-02T11:36:14.092+0700][gc,start      ] GC(4) Pause Young (Concurrent Start) (Metadata GC Threshold)
[2023-03-02T11:36:14.092+0700][gc,task       ] GC(4) Using 13 workers of 13 for evacuation
[2023-03-02T11:36:14.096+0700][gc,phases     ] GC(4)   Pre Evacuate Collection Set: 0.1ms
[2023-03-02T11:36:14.096+0700][gc,phases     ] GC(4)   Evacuate Collection Set: 3.2ms
[2023-03-02T11:36:14.096+0700][gc,phases     ] GC(4)   Post Evacuate Collection Set: 0.4ms
[2023-03-02T11:36:14.096+0700][gc,phases     ] GC(4)   Other: 0.2ms
[2023-03-02T11:36:14.096+0700][gc,heap       ] GC(4) Eden regions: 28->0(49)
[2023-03-02T11:36:14.096+0700][gc,heap       ] GC(4) Survivor regions: 5->2(7)
[2023-03-02T11:36:14.096+0700][gc,heap       ] GC(4) Old regions: 9->13
[2023-03-02T11:36:14.096+0700][gc,heap       ] GC(4) Humongous regions: 129->129
[2023-03-02T11:36:14.096+0700][gc,metaspace  ] GC(4) Metaspace: 34422K(35840K)->34422K(35840K) NonClass: 30396K(31104K)->30396K(31104K) Class: 4026K(4736K)->4026K(4736K)
[2023-03-02T11:36:14.096+0700][gc            ] GC(4) Pause Young (Concurrent Start) (Metadata GC Threshold) 168M->142M(1024M) 4.027ms
[2023-03-02T11:36:14.096+0700][gc,cpu        ] GC(4) User=0.04s Sys=0.00s Real=0.01s
[2023-03-02T11:36:14.096+0700][gc            ] GC(5) Concurrent Cycle
[2023-03-02T11:36:14.096+0700][gc,marking    ] GC(5) Concurrent Clear Claimed Marks
[2023-03-02T11:36:14.096+0700][gc,marking    ] GC(5) Concurrent Clear Claimed Marks 0.139ms
[2023-03-02T11:36:14.096+0700][gc,marking    ] GC(5) Concurrent Scan Root Regions
[2023-03-02T11:36:14.097+0700][gc,marking    ] GC(5) Concurrent Scan Root Regions 1.315ms
[2023-03-02T11:36:14.097+0700][gc,marking    ] GC(5) Concurrent Mark (1.987s)
[2023-03-02T11:36:14.097+0700][gc,marking    ] GC(5) Concurrent Mark From Roots
[2023-03-02T11:36:14.097+0700][gc,task       ] GC(5) Using 3 workers of 3 for marking
[2023-03-02T11:36:14.105+0700][gc,marking    ] GC(5) Concurrent Mark From Roots 7.854ms
[2023-03-02T11:36:14.105+0700][gc,marking    ] GC(5) Concurrent Preclean
[2023-03-02T11:36:14.105+0700][gc,marking    ] GC(5) Concurrent Preclean 0.139ms
[2023-03-02T11:36:14.105+0700][gc,marking    ] GC(5) Concurrent Mark (1.987s, 1.995s) 8.045ms
[2023-03-02T11:36:14.106+0700][gc,start      ] GC(5) Pause Remark
[2023-03-02T11:36:14.107+0700][gc,stringtable] GC(5) Cleaned string and symbol table, strings: 10880 processed, 12 removed, symbols: 84730 processed, 12 removed
[2023-03-02T11:36:14.108+0700][gc            ] GC(5) Pause Remark 144M->144M(1024M) 2.091ms
[2023-03-02T11:36:14.108+0700][gc,cpu        ] GC(5) User=0.02s Sys=0.00s Real=0.01s
[2023-03-02T11:36:14.108+0700][gc,marking    ] GC(5) Concurrent Rebuild Remembered Sets
[2023-03-02T11:36:14.111+0700][gc,marking    ] GC(5) Concurrent Rebuild Remembered Sets 3.247ms
[2023-03-02T11:36:14.111+0700][gc,start      ] GC(5) Pause Cleanup
[2023-03-02T11:36:14.111+0700][gc            ] GC(5) Pause Cleanup 144M->144M(1024M) 0.162ms
[2023-03-02T11:36:14.111+0700][gc,cpu        ] GC(5) User=0.00s Sys=0.00s Real=0.00s
[2023-03-02T11:36:14.111+0700][gc,marking    ] GC(5) Concurrent Cleanup for Next Mark
[2023-03-02T11:36:14.114+0700][gc,marking    ] GC(5) Concurrent Cleanup for Next Mark 2.421ms
[2023-03-02T11:36:14.114+0700][gc            ] GC(5) Concurrent Cycle 17.991ms
[2023-03-02T11:49:26.902+0700][gc,start      ] GC(6) Pause Young (Normal) (G1 Evacuation Pause)
[2023-03-02T11:49:26.902+0700][gc,task       ] GC(6) Using 13 workers of 13 for evacuation
[2023-03-02T11:49:26.905+0700][gc,phases     ] GC(6)   Pre Evacuate Collection Set: 0.1ms
[2023-03-02T11:49:26.905+0700][gc,phases     ] GC(6)   Evacuate Collection Set: 2.5ms
[2023-03-02T11:49:26.905+0700][gc,phases     ] GC(6)   Post Evacuate Collection Set: 0.6ms
[2023-03-02T11:49:26.905+0700][gc,phases     ] GC(6)   Other: 0.3ms
[2023-03-02T11:49:26.905+0700][gc,heap       ] GC(6) Eden regions: 49->0(47)
[2023-03-02T11:49:26.905+0700][gc,heap       ] GC(6) Survivor regions: 2->4(7)
[2023-03-02T11:49:26.905+0700][gc,heap       ] GC(6) Old regions: 13->13
[2023-03-02T11:49:26.905+0700][gc,heap       ] GC(6) Humongous regions: 129->129
[2023-03-02T11:49:26.905+0700][gc,metaspace  ] GC(6) Metaspace: 41956K(44800K)->41956K(44800K) NonClass: 36461K(37888K)->36461K(37888K) Class: 5495K(6912K)->5495K(6912K)
[2023-03-02T11:49:26.905+0700][gc            ] GC(6) Pause Young (Normal) (G1 Evacuation Pause) 191M->144M(1024M) 3.656ms
[2023-03-02T11:49:26.905+0700][gc,cpu        ] GC(6) User=0.03s Sys=0.00s Real=0.00s
[2023-03-02T12:24:19.795+0700][gc,start      ] GC(7) Pause Young (Normal) (G1 Evacuation Pause)
[2023-03-02T12:24:19.795+0700][gc,task       ] GC(7) Using 13 workers of 13 for evacuation
[2023-03-02T12:24:19.798+0700][gc,phases     ] GC(7)   Pre Evacuate Collection Set: 0.0ms
[2023-03-02T12:24:19.798+0700][gc,phases     ] GC(7)   Evacuate Collection Set: 2.2ms
[2023-03-02T12:24:19.798+0700][gc,phases     ] GC(7)   Post Evacuate Collection Set: 0.7ms
[2023-03-02T12:24:19.798+0700][gc,phases     ] GC(7)   Other: 0.2ms
[2023-03-02T12:24:19.798+0700][gc,heap       ] GC(7) Eden regions: 47->0(47)
[2023-03-02T12:24:19.798+0700][gc,heap       ] GC(7) Survivor regions: 4->4(7)
[2023-03-02T12:24:19.798+0700][gc,heap       ] GC(7) Old regions: 13->15
[2023-03-02T12:24:19.798+0700][gc,heap       ] GC(7) Humongous regions: 129->129
[2023-03-02T12:24:19.798+0700][gc,metaspace  ] GC(7) Metaspace: 42592K(45312K)->42592K(45312K) NonClass: 37090K(38400K)->37090K(38400K) Class: 5501K(6912K)->5501K(6912K)
[2023-03-02T12:24:19.798+0700][gc            ] GC(7) Pause Young (Normal) (G1 Evacuation Pause) 191M->145M(1024M) 3.297ms
[2023-03-02T12:24:19.798+0700][gc,cpu        ] GC(7) User=0.03s Sys=0.00s Real=0.00s
[2023-03-02T13:05:23.638+0700][gc,start      ] GC(8) Pause Young (Normal) (G1 Evacuation Pause)
[2023-03-02T13:05:23.639+0700][gc,task       ] GC(8) Using 13 workers of 13 for evacuation
[2023-03-02T13:05:23.643+0700][gc,phases     ] GC(8)   Pre Evacuate Collection Set: 0.1ms
[2023-03-02T13:05:23.643+0700][gc,phases     ] GC(8)   Evacuate Collection Set: 3.2ms
[2023-03-02T13:05:23.643+0700][gc,phases     ] GC(8)   Post Evacuate Collection Set: 1.1ms
[2023-03-02T13:05:23.643+0700][gc,phases     ] GC(8)   Other: 0.5ms
[2023-03-02T13:05:23.643+0700][gc,heap       ] GC(8) Eden regions: 47->0(46)
[2023-03-02T13:05:23.643+0700][gc,heap       ] GC(8) Survivor regions: 4->5(7)
[2023-03-02T13:05:23.643+0700][gc,heap       ] GC(8) Old regions: 15->15
[2023-03-02T13:05:23.643+0700][gc,heap       ] GC(8) Humongous regions: 129->129
[2023-03-02T13:05:23.643+0700][gc,metaspace  ] GC(8) Metaspace: 42970K(45824K)->42970K(45824K) NonClass: 37462K(38912K)->37462K(38912K) Class: 5507K(6912K)->5507K(6912K)
[2023-03-02T13:05:23.643+0700][gc            ] GC(8) Pause Young (Normal) (G1 Evacuation Pause) 192M->146M(1024M) 5.002ms
[2023-03-02T13:05:23.643+0700][gc,cpu        ] GC(8) User=0.04s Sys=0.00s Real=0.00s
[2023-03-02T13:45:52.124+0700][gc,start      ] GC(9) Pause Young (Normal) (G1 Evacuation Pause)
[2023-03-02T13:45:52.124+0700][gc,task       ] GC(9) Using 13 workers of 13 for evacuation
[2023-03-02T13:45:52.127+0700][gc,phases     ] GC(9)   Pre Evacuate Collection Set: 0.0ms
[2023-03-02T13:45:52.127+0700][gc,phases     ] GC(9)   Evacuate Collection Set: 2.2ms
[2023-03-02T13:45:52.127+0700][gc,phases     ] GC(9)   Post Evacuate Collection Set: 0.5ms
[2023-03-02T13:45:52.127+0700][gc,phases     ] GC(9)   Other: 0.3ms
[2023-03-02T13:45:52.127+0700][gc,heap       ] GC(9) Eden regions: 46->0(55)
[2023-03-02T13:45:52.127+0700][gc,heap       ] GC(9) Survivor regions: 5->3(7)
[2023-03-02T13:45:52.127+0700][gc,heap       ] GC(9) Old regions: 15->16
[2023-03-02T13:45:52.127+0700][gc,heap       ] GC(9) Humongous regions: 129->129
[2023-03-02T13:45:52.127+0700][gc,metaspace  ] GC(9) Metaspace: 43029K(45824K)->43029K(45824K) NonClass: 37522K(38912K)->37522K(38912K) Class: 5507K(6912K)->5507K(6912K)
[2023-03-02T13:45:52.127+0700][gc            ] GC(9) Pause Young (Normal) (G1 Evacuation Pause) 192M->146M(1024M) 3.083ms
[2023-03-02T13:45:52.127+0700][gc,cpu        ] GC(9) User=0.01s Sys=0.01s Real=0.01s
[2023-03-02T14:35:35.663+0700][gc,start      ] GC(10) Pause Young (Normal) (G1 Evacuation Pause)
[2023-03-02T14:35:35.663+0700][gc,task       ] GC(10) Using 13 workers of 13 for evacuation
[2023-03-02T14:35:35.667+0700][gc,phases     ] GC(10)   Pre Evacuate Collection Set: 0.0ms
[2023-03-02T14:35:35.667+0700][gc,phases     ] GC(10)   Evacuate Collection Set: 2.7ms
[2023-03-02T14:35:35.667+0700][gc,phases     ] GC(10)   Post Evacuate Collection Set: 0.7ms
[2023-03-02T14:35:35.667+0700][gc,phases     ] GC(10)   Other: 0.4ms
[2023-03-02T14:35:35.667+0700][gc,heap       ] GC(10) Eden regions: 55->0(61)
[2023-03-02T14:35:35.667+0700][gc,heap       ] GC(10) Survivor regions: 3->4(8)
[2023-03-02T14:35:35.667+0700][gc,heap       ] GC(10) Old regions: 16->16
[2023-03-02T14:35:35.667+0700][gc,heap       ] GC(10) Humongous regions: 129->129
[2023-03-02T14:35:35.667+0700][gc,metaspace  ] GC(10) Metaspace: 43102K(46080K)->43102K(46080K) NonClass: 37594K(39168K)->37594K(39168K) Class: 5507K(6912K)->5507K(6912K)
[2023-03-02T14:35:35.667+0700][gc            ] GC(10) Pause Young (Normal) (G1 Evacuation Pause) 201M->147M(1024M) 4.088ms
[2023-03-02T14:35:35.667+0700][gc,cpu        ] GC(10) User=0.03s Sys=0.01s Real=0.01s
[2023-03-02T15:19:30.816+0700][gc,start      ] GC(11) Pause Young (Normal) (G1 Evacuation Pause)
[2023-03-02T15:19:30.816+0700][gc,task       ] GC(11) Using 13 workers of 13 for evacuation
[2023-03-02T15:19:30.819+0700][gc,phases     ] GC(11)   Pre Evacuate Collection Set: 0.0ms
[2023-03-02T15:19:30.819+0700][gc,phases     ] GC(11)   Evacuate Collection Set: 2.0ms
[2023-03-02T15:19:30.819+0700][gc,phases     ] GC(11)   Post Evacuate Collection Set: 0.6ms
[2023-03-02T15:19:30.819+0700][gc,phases     ] GC(11)   Other: 0.4ms
[2023-03-02T15:19:30.819+0700][gc,heap       ] GC(11) Eden regions: 61->0(611)
[2023-03-02T15:19:30.819+0700][gc,heap       ] GC(11) Survivor regions: 4->3(9)
[2023-03-02T15:19:30.819+0700][gc,heap       ] GC(11) Old regions: 16->16
[2023-03-02T15:19:30.819+0700][gc,heap       ] GC(11) Humongous regions: 129->129
[2023-03-02T15:19:30.819+0700][gc,metaspace  ] GC(11) Metaspace: 43137K(46080K)->43137K(46080K) NonClass: 37629K(39168K)->37629K(39168K) Class: 5507K(6912K)->5507K(6912K)
[2023-03-02T15:19:30.819+0700][gc            ] GC(11) Pause Young (Normal) (G1 Evacuation Pause) 208M->146M(1024M) 3.362ms
[2023-03-02T15:19:30.819+0700][gc,cpu        ] GC(11) User=0.01s Sys=0.02s Real=0.00s
[2023-03-02T17:58:20.291+0700][gc,heap,exit  ] Heap
[2023-03-02T17:58:20.292+0700][gc,heap,exit  ]  garbage-first heap   total 1048576K, used 534774K [0x00000000c0000000, 0x0000000100000000)
[2023-03-02T17:58:20.292+0700][gc,heap,exit  ]   region size 1024K, 381 young (390144K), 3 survivors (3072K)
[2023-03-02T17:58:20.292+0700][gc,heap,exit  ]  Metaspace       used 44061K, capacity 46964K, committed 47104K, reserved 1089536K
[2023-03-02T17:58:20.292+0700][gc,heap,exit  ]   class space    used 5730K, capacity 7121K, committed 7168K, reserved 1048576K
