[2023-03-01T09:22:19.732+0700][gc,heap] Heap region size: 1M
[2023-03-01T09:22:19.738+0700][gc     ] Using G1
[2023-03-01T09:22:19.738+0700][gc,heap,coops] Heap address: 0x00000000c0000000, size: 1024 MB, Compressed Oops mode: 32-bit
[2023-03-01T09:22:19.738+0700][gc,cds       ] Mark closed archive regions in map: [0x00000000fff00000, 0x00000000fff6aff8]
[2023-03-01T09:22:19.738+0700][gc,cds       ] Mark open archive regions in map: [0x00000000ffe00000, 0x00000000ffe47ff8]
[2023-03-01T09:22:20.441+0700][gc,start     ] GC(0) Pause Young (Normal) (G1 Evacuation Pause)
[2023-03-01T09:22:20.441+0700][gc,task      ] GC(0) Using 13 workers of 13 for evacuation
[2023-03-01T09:22:20.446+0700][gc,phases    ] GC(0)   Pre Evacuate Collection Set: 0.0ms
[2023-03-01T09:22:20.446+0700][gc,phases    ] GC(0)   Evacuate Collection Set: 4.3ms
[2023-03-01T09:22:20.446+0700][gc,phases    ] GC(0)   Post Evacuate Collection Set: 0.5ms
[2023-03-01T09:22:20.446+0700][gc,phases    ] GC(0)   Other: 1.0ms
[2023-03-01T09:22:20.446+0700][gc,heap      ] GC(0) Eden regions: 51->0(44)
[2023-03-01T09:22:20.446+0700][gc,heap      ] GC(0) Survivor regions: 0->7(7)
[2023-03-01T09:22:20.446+0700][gc,heap      ] GC(0) Old regions: 2->2
[2023-03-01T09:22:20.446+0700][gc,heap      ] GC(0) Humongous regions: 0->0
[2023-03-01T09:22:20.446+0700][gc,metaspace ] GC(0) Metaspace: 14304K(15104K)->14304K(15104K) NonClass: 12559K(13056K)->12559K(13056K) Class: 1744K(2048K)->1744K(2048K)
[2023-03-01T09:22:20.446+0700][gc           ] GC(0) Pause Young (Normal) (G1 Evacuation Pause) 51M->7M(1024M) 5.845ms
[2023-03-01T09:22:20.446+0700][gc,cpu       ] GC(0) User=0.05s Sys=0.01s Real=0.00s
[2023-03-01T09:22:20.849+0700][gc,start     ] GC(1) Pause Young (Concurrent Start) (Metadata GC Threshold)
[2023-03-01T09:22:20.849+0700][gc,task      ] GC(1) Using 13 workers of 13 for evacuation
[2023-03-01T09:22:20.857+0700][gc,phases    ] GC(1)   Pre Evacuate Collection Set: 0.1ms
[2023-03-01T09:22:20.857+0700][gc,phases    ] GC(1)   Evacuate Collection Set: 7.1ms
[2023-03-01T09:22:20.857+0700][gc,phases    ] GC(1)   Post Evacuate Collection Set: 0.6ms
[2023-03-01T09:22:20.857+0700][gc,phases    ] GC(1)   Other: 0.4ms
[2023-03-01T09:22:20.857+0700][gc,heap      ] GC(1) Eden regions: 27->0(49)
[2023-03-01T09:22:20.857+0700][gc,heap      ] GC(1) Survivor regions: 7->2(7)
[2023-03-01T09:22:20.857+0700][gc,heap      ] GC(1) Old regions: 2->9
[2023-03-01T09:22:20.857+0700][gc,heap      ] GC(1) Humongous regions: 0->0
[2023-03-01T09:22:20.857+0700][gc,metaspace ] GC(1) Metaspace: 20574K(21248K)->20574K(21248K) NonClass: 18094K(18432K)->18094K(18432K) Class: 2480K(2816K)->2480K(2816K)
[2023-03-01T09:22:20.857+0700][gc           ] GC(1) Pause Young (Concurrent Start) (Metadata GC Threshold) 34M->8M(1024M) 8.284ms
[2023-03-01T09:22:20.857+0700][gc,cpu       ] GC(1) User=0.05s Sys=0.00s Real=0.01s
[2023-03-01T09:22:20.857+0700][gc           ] GC(2) Concurrent Cycle
[2023-03-01T09:22:20.857+0700][gc,marking   ] GC(2) Concurrent Clear Claimed Marks
[2023-03-01T09:22:20.857+0700][gc,marking   ] GC(2) Concurrent Clear Claimed Marks 0.056ms
[2023-03-01T09:22:20.857+0700][gc,marking   ] GC(2) Concurrent Scan Root Regions
[2023-03-01T09:22:20.859+0700][gc,marking   ] GC(2) Concurrent Scan Root Regions 1.565ms
[2023-03-01T09:22:20.859+0700][gc,marking   ] GC(2) Concurrent Mark (1.130s)
[2023-03-01T09:22:20.859+0700][gc,marking   ] GC(2) Concurrent Mark From Roots
[2023-03-01T09:22:20.859+0700][gc,task      ] GC(2) Using 3 workers of 3 for marking
[2023-03-01T09:22:20.863+0700][gc,marking   ] GC(2) Concurrent Mark From Roots 4.242ms
[2023-03-01T09:22:20.863+0700][gc,marking   ] GC(2) Concurrent Preclean
[2023-03-01T09:22:20.863+0700][gc,marking   ] GC(2) Concurrent Preclean 0.160ms
[2023-03-01T09:22:20.863+0700][gc,marking   ] GC(2) Concurrent Mark (1.130s, 1.134s) 4.465ms
[2023-03-01T09:22:20.864+0700][gc,start     ] GC(2) Pause Remark
[2023-03-01T09:22:20.866+0700][gc,stringtable] GC(2) Cleaned string and symbol table, strings: 5189 processed, 0 removed, symbols: 52953 processed, 46 removed
[2023-03-01T09:22:20.866+0700][gc            ] GC(2) Pause Remark 9M->9M(1024M) 1.886ms
[2023-03-01T09:22:20.866+0700][gc,cpu        ] GC(2) User=0.01s Sys=0.00s Real=0.00s
[2023-03-01T09:22:20.866+0700][gc,marking    ] GC(2) Concurrent Rebuild Remembered Sets
[2023-03-01T09:22:20.868+0700][gc,marking    ] GC(2) Concurrent Rebuild Remembered Sets 1.802ms
[2023-03-01T09:22:20.868+0700][gc,start      ] GC(2) Pause Cleanup
[2023-03-01T09:22:20.868+0700][gc            ] GC(2) Pause Cleanup 9M->9M(1024M) 0.292ms
[2023-03-01T09:22:20.868+0700][gc,cpu        ] GC(2) User=0.00s Sys=0.00s Real=0.00s
[2023-03-01T09:22:20.868+0700][gc,marking    ] GC(2) Concurrent Cleanup for Next Mark
[2023-03-01T09:22:20.871+0700][gc,marking    ] GC(2) Concurrent Cleanup for Next Mark 2.508ms
[2023-03-01T09:22:20.871+0700][gc            ] GC(2) Concurrent Cycle 14.042ms
[2023-03-01T09:22:21.320+0700][gc,start      ] GC(3) Pause Young (Normal) (G1 Evacuation Pause)
[2023-03-01T09:22:21.320+0700][gc,task       ] GC(3) Using 13 workers of 13 for evacuation
[2023-03-01T09:22:21.323+0700][gc,phases     ] GC(3)   Pre Evacuate Collection Set: 0.0ms
[2023-03-01T09:22:21.323+0700][gc,phases     ] GC(3)   Evacuate Collection Set: 2.0ms
[2023-03-01T09:22:21.323+0700][gc,phases     ] GC(3)   Post Evacuate Collection Set: 0.5ms
[2023-03-01T09:22:21.323+0700][gc,phases     ] GC(3)   Other: 0.2ms
[2023-03-01T09:22:21.323+0700][gc,heap       ] GC(3) Eden regions: 49->0(46)
[2023-03-01T09:22:21.323+0700][gc,heap       ] GC(3) Survivor regions: 2->5(7)
[2023-03-01T09:22:21.323+0700][gc,heap       ] GC(3) Old regions: 9->9
[2023-03-01T09:22:21.323+0700][gc,heap       ] GC(3) Humongous regions: 129->129
[2023-03-01T09:22:21.323+0700][gc,metaspace  ] GC(3) Metaspace: 28816K(29952K)->28816K(29952K) NonClass: 25490K(26112K)->25490K(26112K) Class: 3325K(3840K)->3325K(3840K)
[2023-03-01T09:22:21.323+0700][gc            ] GC(3) Pause Young (Normal) (G1 Evacuation Pause) 186M->140M(1024M) 2.871ms
[2023-03-01T09:22:21.323+0700][gc,cpu        ] GC(3) User=0.03s Sys=0.00s Real=0.00s
[2023-03-01T09:22:21.568+0700][gc,start      ] GC(4) Pause Young (Concurrent Start) (Metadata GC Threshold)
[2023-03-01T09:22:21.569+0700][gc,task       ] GC(4) Using 13 workers of 13 for evacuation
[2023-03-01T09:22:21.573+0700][gc,phases     ] GC(4)   Pre Evacuate Collection Set: 0.1ms
[2023-03-01T09:22:21.573+0700][gc,phases     ] GC(4)   Evacuate Collection Set: 3.5ms
[2023-03-01T09:22:21.573+0700][gc,phases     ] GC(4)   Post Evacuate Collection Set: 0.4ms
[2023-03-01T09:22:21.573+0700][gc,phases     ] GC(4)   Other: 0.3ms
[2023-03-01T09:22:21.573+0700][gc,heap       ] GC(4) Eden regions: 29->0(49)
[2023-03-01T09:22:21.573+0700][gc,heap       ] GC(4) Survivor regions: 5->2(7)
[2023-03-01T09:22:21.573+0700][gc,heap       ] GC(4) Old regions: 9->13
[2023-03-01T09:22:21.573+0700][gc,heap       ] GC(4) Humongous regions: 129->129
[2023-03-01T09:22:21.573+0700][gc,metaspace  ] GC(4) Metaspace: 34414K(35840K)->34414K(35840K) NonClass: 30389K(31104K)->30389K(31104K) Class: 4025K(4736K)->4025K(4736K)
[2023-03-01T09:22:21.573+0700][gc            ] GC(4) Pause Young (Concurrent Start) (Metadata GC Threshold) 169M->142M(1024M) 4.324ms
[2023-03-01T09:22:21.573+0700][gc,cpu        ] GC(4) User=0.00s Sys=0.03s Real=0.01s
[2023-03-01T09:22:21.573+0700][gc            ] GC(5) Concurrent Cycle
[2023-03-01T09:22:21.573+0700][gc,marking    ] GC(5) Concurrent Clear Claimed Marks
[2023-03-01T09:22:21.573+0700][gc,marking    ] GC(5) Concurrent Clear Claimed Marks 0.165ms
[2023-03-01T09:22:21.573+0700][gc,marking    ] GC(5) Concurrent Scan Root Regions
[2023-03-01T09:22:21.574+0700][gc,marking    ] GC(5) Concurrent Scan Root Regions 0.994ms
[2023-03-01T09:22:21.574+0700][gc,marking    ] GC(5) Concurrent Mark (1.845s)
[2023-03-01T09:22:21.574+0700][gc,marking    ] GC(5) Concurrent Mark From Roots
[2023-03-01T09:22:21.574+0700][gc,task       ] GC(5) Using 3 workers of 3 for marking
[2023-03-01T09:22:21.579+0700][gc,marking    ] GC(5) Concurrent Mark From Roots 5.367ms
[2023-03-01T09:22:21.580+0700][gc,marking    ] GC(5) Concurrent Preclean
[2023-03-01T09:22:21.580+0700][gc,marking    ] GC(5) Concurrent Preclean 0.208ms
[2023-03-01T09:22:21.580+0700][gc,marking    ] GC(5) Concurrent Mark (1.845s, 1.851s) 5.651ms
[2023-03-01T09:22:21.580+0700][gc,start      ] GC(5) Pause Remark
[2023-03-01T09:22:21.581+0700][gc,stringtable] GC(5) Cleaned string and symbol table, strings: 10899 processed, 12 removed, symbols: 84749 processed, 12 removed
[2023-03-01T09:22:21.581+0700][gc            ] GC(5) Pause Remark 144M->144M(1024M) 1.462ms
[2023-03-01T09:22:21.581+0700][gc,cpu        ] GC(5) User=0.01s Sys=0.00s Real=0.00s
[2023-03-01T09:22:21.581+0700][gc,marking    ] GC(5) Concurrent Rebuild Remembered Sets
[2023-03-01T09:22:21.585+0700][gc,marking    ] GC(5) Concurrent Rebuild Remembered Sets 3.874ms
[2023-03-01T09:22:21.586+0700][gc,start      ] GC(5) Pause Cleanup
[2023-03-01T09:22:21.586+0700][gc            ] GC(5) Pause Cleanup 145M->145M(1024M) 0.212ms
[2023-03-01T09:22:21.586+0700][gc,cpu        ] GC(5) User=0.00s Sys=0.00s Real=0.00s
[2023-03-01T09:22:21.586+0700][gc,marking    ] GC(5) Concurrent Cleanup for Next Mark
[2023-03-01T09:22:21.588+0700][gc,marking    ] GC(5) Concurrent Cleanup for Next Mark 2.094ms
[2023-03-01T09:22:21.588+0700][gc            ] GC(5) Concurrent Cycle 15.058ms
[2023-03-01T10:05:54.738+0700][gc,start      ] GC(6) Pause Young (Normal) (G1 Evacuation Pause)
[2023-03-01T10:05:54.738+0700][gc,task       ] GC(6) Using 13 workers of 13 for evacuation
[2023-03-01T10:05:54.741+0700][gc,phases     ] GC(6)   Pre Evacuate Collection Set: 0.1ms
[2023-03-01T10:05:54.742+0700][gc,phases     ] GC(6)   Evacuate Collection Set: 1.9ms
[2023-03-01T10:05:54.742+0700][gc,phases     ] GC(6)   Post Evacuate Collection Set: 0.8ms
[2023-03-01T10:05:54.742+0700][gc,phases     ] GC(6)   Other: 0.4ms
[2023-03-01T10:05:54.742+0700][gc,heap       ] GC(6) Eden regions: 49->0(47)
[2023-03-01T10:05:54.742+0700][gc,heap       ] GC(6) Survivor regions: 2->4(7)
[2023-03-01T10:05:54.742+0700][gc,heap       ] GC(6) Old regions: 13->13
[2023-03-01T10:05:54.742+0700][gc,heap       ] GC(6) Humongous regions: 129->129
[2023-03-01T10:05:54.742+0700][gc,metaspace  ] GC(6) Metaspace: 40173K(42624K)->40173K(42624K) NonClass: 35085K(36352K)->35085K(36352K) Class: 5088K(6272K)->5088K(6272K)
[2023-03-01T10:05:54.742+0700][gc            ] GC(6) Pause Young (Normal) (G1 Evacuation Pause) 191M->143M(1024M) 3.354ms
[2023-03-01T10:05:54.742+0700][gc,cpu        ] GC(6) User=0.03s Sys=0.00s Real=0.01s
[2023-03-01T10:23:03.869+0700][gc,start      ] GC(7) Pause Young (Normal) (G1 Evacuation Pause)
[2023-03-01T10:23:03.869+0700][gc,task       ] GC(7) Using 13 workers of 13 for evacuation
[2023-03-01T10:23:03.872+0700][gc,phases     ] GC(7)   Pre Evacuate Collection Set: 0.0ms
[2023-03-01T10:23:03.872+0700][gc,phases     ] GC(7)   Evacuate Collection Set: 2.2ms
[2023-03-01T10:23:03.872+0700][gc,phases     ] GC(7)   Post Evacuate Collection Set: 1.0ms
[2023-03-01T10:23:03.872+0700][gc,phases     ] GC(7)   Other: 0.2ms
[2023-03-01T10:23:03.872+0700][gc,heap       ] GC(7) Eden regions: 47->0(46)
[2023-03-01T10:23:03.872+0700][gc,heap       ] GC(7) Survivor regions: 4->5(7)
[2023-03-01T10:23:03.872+0700][gc,heap       ] GC(7) Old regions: 13->13
[2023-03-01T10:23:03.872+0700][gc,heap       ] GC(7) Humongous regions: 129->129
[2023-03-01T10:23:03.872+0700][gc,metaspace  ] GC(7) Metaspace: 43043K(45824K)->43043K(45824K) NonClass: 37503K(38912K)->37503K(38912K) Class: 5540K(6912K)->5540K(6912K)
[2023-03-01T10:23:03.872+0700][gc            ] GC(7) Pause Young (Normal) (G1 Evacuation Pause) 190M->145M(1024M) 3.538ms
[2023-03-01T10:23:03.872+0700][gc,cpu        ] GC(7) User=0.03s Sys=0.00s Real=0.01s
[2023-03-01T10:49:34.130+0700][gc,start      ] GC(8) Pause Young (Normal) (G1 Evacuation Pause)
[2023-03-01T10:49:34.130+0700][gc,task       ] GC(8) Using 13 workers of 13 for evacuation
[2023-03-01T10:49:34.134+0700][gc,phases     ] GC(8)   Pre Evacuate Collection Set: 0.0ms
[2023-03-01T10:49:34.134+0700][gc,phases     ] GC(8)   Evacuate Collection Set: 3.6ms
[2023-03-01T10:49:34.134+0700][gc,phases     ] GC(8)   Post Evacuate Collection Set: 0.9ms
[2023-03-01T10:49:34.134+0700][gc,phases     ] GC(8)   Other: 0.2ms
[2023-03-01T10:49:34.134+0700][gc,heap       ] GC(8) Eden regions: 46->0(46)
[2023-03-01T10:49:34.134+0700][gc,heap       ] GC(8) Survivor regions: 5->5(7)
[2023-03-01T10:49:34.134+0700][gc,heap       ] GC(8) Old regions: 13->15
[2023-03-01T10:49:34.134+0700][gc,heap       ] GC(8) Humongous regions: 129->129
[2023-03-01T10:49:34.135+0700][gc,metaspace  ] GC(8) Metaspace: 43797K(46592K)->43797K(46592K) NonClass: 38207K(39680K)->38207K(39680K) Class: 5590K(6912K)->5590K(6912K)
[2023-03-01T10:49:34.135+0700][gc            ] GC(8) Pause Young (Normal) (G1 Evacuation Pause) 191M->146M(1024M) 4.982ms
[2023-03-01T10:49:34.135+0700][gc,cpu        ] GC(8) User=0.04s Sys=0.00s Real=0.01s
[2023-03-01T11:12:04.129+0700][gc,start      ] GC(9) Pause Young (Normal) (G1 Evacuation Pause)
[2023-03-01T11:12:04.129+0700][gc,task       ] GC(9) Using 13 workers of 13 for evacuation
[2023-03-01T11:12:04.135+0700][gc,phases     ] GC(9)   Pre Evacuate Collection Set: 0.0ms
[2023-03-01T11:12:04.136+0700][gc,phases     ] GC(9)   Evacuate Collection Set: 4.3ms
[2023-03-01T11:12:04.136+0700][gc,phases     ] GC(9)   Post Evacuate Collection Set: 1.5ms
[2023-03-01T11:12:04.136+0700][gc,phases     ] GC(9)   Other: 0.3ms
[2023-03-01T11:12:04.136+0700][gc,heap       ] GC(9) Eden regions: 46->0(48)
[2023-03-01T11:12:04.136+0700][gc,heap       ] GC(9) Survivor regions: 5->4(7)
[2023-03-01T11:12:04.136+0700][gc,heap       ] GC(9) Old regions: 15->16
[2023-03-01T11:12:04.136+0700][gc,heap       ] GC(9) Humongous regions: 129->129
[2023-03-01T11:12:04.136+0700][gc,metaspace  ] GC(9) Metaspace: 44088K(46848K)->44088K(46848K) NonClass: 38493K(39936K)->38493K(39936K) Class: 5594K(6912K)->5594K(6912K)
[2023-03-01T11:12:04.136+0700][gc            ] GC(9) Pause Young (Normal) (G1 Evacuation Pause) 192M->147M(1024M) 6.363ms
[2023-03-01T11:12:04.136+0700][gc,cpu        ] GC(9) User=0.06s Sys=0.00s Real=0.01s
[2023-03-01T11:32:19.849+0700][gc,start      ] GC(10) Pause Young (Normal) (G1 Evacuation Pause)
[2023-03-01T11:32:19.849+0700][gc,task       ] GC(10) Using 13 workers of 13 for evacuation
[2023-03-01T11:32:19.853+0700][gc,phases     ] GC(10)   Pre Evacuate Collection Set: 0.0ms
[2023-03-01T11:32:19.854+0700][gc,phases     ] GC(10)   Evacuate Collection Set: 3.3ms
[2023-03-01T11:32:19.854+0700][gc,phases     ] GC(10)   Post Evacuate Collection Set: 0.9ms
[2023-03-01T11:32:19.854+0700][gc,phases     ] GC(10)   Other: 0.3ms
[2023-03-01T11:32:19.854+0700][gc,heap       ] GC(10) Eden regions: 48->0(57)
[2023-03-01T11:32:19.854+0700][gc,heap       ] GC(10) Survivor regions: 4->5(7)
[2023-03-01T11:32:19.854+0700][gc,heap       ] GC(10) Old regions: 16->16
[2023-03-01T11:32:19.854+0700][gc,heap       ] GC(10) Humongous regions: 129->129
[2023-03-01T11:32:19.854+0700][gc,metaspace  ] GC(10) Metaspace: 44241K(47104K)->44241K(47104K) NonClass: 38646K(40192K)->38646K(40192K) Class: 5594K(6912K)->5594K(6912K)
[2023-03-01T11:32:19.854+0700][gc            ] GC(10) Pause Young (Normal) (G1 Evacuation Pause) 195M->147M(1024M) 4.762ms
[2023-03-01T11:32:19.854+0700][gc,cpu        ] GC(10) User=0.04s Sys=0.00s Real=0.01s
[2023-03-01T11:56:04.129+0700][gc,start      ] GC(11) Pause Young (Normal) (G1 Evacuation Pause)
[2023-03-01T11:56:04.130+0700][gc,task       ] GC(11) Using 13 workers of 13 for evacuation
[2023-03-01T11:56:04.135+0700][gc,phases     ] GC(11)   Pre Evacuate Collection Set: 0.0ms
[2023-03-01T11:56:04.135+0700][gc,phases     ] GC(11)   Evacuate Collection Set: 3.9ms
[2023-03-01T11:56:04.135+0700][gc,phases     ] GC(11)   Post Evacuate Collection Set: 1.7ms
[2023-03-01T11:56:04.135+0700][gc,phases     ] GC(11)   Other: 0.3ms
[2023-03-01T11:56:04.135+0700][gc,heap       ] GC(11) Eden regions: 57->0(600)
[2023-03-01T11:56:04.135+0700][gc,heap       ] GC(11) Survivor regions: 5->4(8)
[2023-03-01T11:56:04.135+0700][gc,heap       ] GC(11) Old regions: 16->18
[2023-03-01T11:56:04.135+0700][gc,heap       ] GC(11) Humongous regions: 129->129
[2023-03-01T11:56:04.136+0700][gc,metaspace  ] GC(11) Metaspace: 44379K(47104K)->44379K(47104K) NonClass: 38784K(40192K)->38784K(40192K) Class: 5595K(6912K)->5595K(6912K)
[2023-03-01T11:56:04.136+0700][gc            ] GC(11) Pause Young (Normal) (G1 Evacuation Pause) 204M->148M(1024M) 6.078ms
[2023-03-01T11:56:04.136+0700][gc,cpu        ] GC(11) User=0.06s Sys=0.00s Real=0.01s
[2023-03-01T17:05:14.148+0700][gc,start      ] GC(12) Pause Young (Normal) (G1 Evacuation Pause)
[2023-03-01T17:05:14.150+0700][gc,task       ] GC(12) Using 13 workers of 13 for evacuation
[2023-03-01T17:05:14.161+0700][gc,phases     ] GC(12)   Pre Evacuate Collection Set: 0.4ms
[2023-03-01T17:05:14.161+0700][gc,phases     ] GC(12)   Evacuate Collection Set: 6.8ms
[2023-03-01T17:05:14.161+0700][gc,phases     ] GC(12)   Post Evacuate Collection Set: 1.6ms
[2023-03-01T17:05:14.161+0700][gc,phases     ] GC(12)   Other: 6.0ms
[2023-03-01T17:05:14.161+0700][gc,heap       ] GC(12) Eden regions: 600->0(461)
[2023-03-01T17:05:14.161+0700][gc,heap       ] GC(12) Survivor regions: 4->5(76)
[2023-03-01T17:05:14.161+0700][gc,heap       ] GC(12) Old regions: 18->18
[2023-03-01T17:05:14.161+0700][gc,heap       ] GC(12) Humongous regions: 129->129
[2023-03-01T17:05:14.161+0700][gc,metaspace  ] GC(12) Metaspace: 44673K(47616K)->44673K(47616K) NonClass: 39077K(40704K)->39077K(40704K) Class: 5596K(6912K)->5596K(6912K)
[2023-03-01T17:05:14.162+0700][gc            ] GC(12) Pause Young (Normal) (G1 Evacuation Pause) 748M->149M(1024M) 12.859ms
[2023-03-01T17:05:14.162+0700][gc,cpu        ] GC(12) User=0.03s Sys=0.00s Real=0.02s
[2023-03-01T18:29:45.943+0700][gc,start      ] GC(13) Pause Young (Normal) (G1 Evacuation Pause)
[2023-03-01T18:29:45.944+0700][gc,task       ] GC(13) Using 13 workers of 13 for evacuation
[2023-03-01T18:29:45.949+0700][gc,phases     ] GC(13)   Pre Evacuate Collection Set: 0.1ms
[2023-03-01T18:29:45.949+0700][gc,phases     ] GC(13)   Evacuate Collection Set: 3.1ms
[2023-03-01T18:29:45.949+0700][gc,phases     ] GC(13)   Post Evacuate Collection Set: 1.1ms
[2023-03-01T18:29:45.949+0700][gc,phases     ] GC(13)   Other: 0.9ms
[2023-03-01T18:29:45.949+0700][gc,heap       ] GC(13) Eden regions: 185->0(430)
[2023-03-01T18:29:45.949+0700][gc,heap       ] GC(13) Survivor regions: 5->6(24)
[2023-03-01T18:29:45.949+0700][gc,heap       ] GC(13) Old regions: 18->18
[2023-03-01T18:29:45.949+0700][gc,heap       ] GC(13) Humongous regions: 129->129
[2023-03-01T18:29:45.949+0700][gc,metaspace  ] GC(13) Metaspace: 45385K(48512K)->45385K(48512K) NonClass: 39602K(41216K)->39602K(41216K) Class: 5782K(7296K)->5782K(7296K)
[2023-03-01T18:29:45.950+0700][gc            ] GC(13) Pause Young (Normal) (G1 Evacuation Pause) 334M->150M(1024M) 5.516ms
[2023-03-01T18:29:45.950+0700][gc,cpu        ] GC(13) User=0.04s Sys=0.00s Real=0.00s
