[2023-02-23T09:23:25.999+0700][gc,heap] Heap region size: 1M
[2023-02-23T09:23:26.006+0700][gc     ] Using G1
[2023-02-23T09:23:26.006+0700][gc,heap,coops] Heap address: 0x00000000e0000000, size: 512 MB, Compressed Oops mode: 32-bit
[2023-02-23T09:23:26.006+0700][gc,cds       ] Mark closed archive regions in map: [0x00000000fff00000, 0x00000000fff6aff8]
[2023-02-23T09:23:26.006+0700][gc,cds       ] Mark open archive regions in map: [0x00000000ffe00000, 0x00000000ffe47ff8]
[2023-02-23T09:23:26.670+0700][gc,start     ] GC(0) Pause Young (Normal) (G1 Evacuation Pause)
[2023-02-23T09:23:26.671+0700][gc,task      ] GC(0) Using 12 workers of 13 for evacuation
[2023-02-23T09:23:26.682+0700][gc,phases    ] GC(0)   Pre Evacuate Collection Set: 0.0ms
[2023-02-23T09:23:26.682+0700][gc,phases    ] GC(0)   Evacuate Collection Set: 10.6ms
[2023-02-23T09:23:26.682+0700][gc,phases    ] GC(0)   Post Evacuate Collection Set: 0.5ms
[2023-02-23T09:23:26.682+0700][gc,phases    ] GC(0)   Other: 1.3ms
[2023-02-23T09:23:26.682+0700][gc,heap      ] GC(0) Eden regions: 25->0(21)
[2023-02-23T09:23:26.682+0700][gc,heap      ] GC(0) Survivor regions: 0->4(4)
[2023-02-23T09:23:26.682+0700][gc,heap      ] GC(0) Old regions: 2->5
[2023-02-23T09:23:26.682+0700][gc,heap      ] GC(0) Humongous regions: 0->0
[2023-02-23T09:23:26.682+0700][gc,metaspace ] GC(0) Metaspace: 7408K(7936K)->7408K(7936K) NonClass: 6589K(6912K)->6589K(6912K) Class: 819K(1024K)->819K(1024K)
[2023-02-23T09:23:26.682+0700][gc           ] GC(0) Pause Young (Normal) (G1 Evacuation Pause) 25M->7M(512M) 12.683ms
[2023-02-23T09:23:26.683+0700][gc,cpu       ] GC(0) User=0.11s Sys=0.01s Real=0.02s
[2023-02-23T11:58:48.300+0700][gc,start     ] GC(1) Pause Young (Normal) (G1 Evacuation Pause)
[2023-02-23T11:58:48.311+0700][gc,task      ] GC(1) Using 12 workers of 13 for evacuation
[2023-02-23T11:58:48.318+0700][gc,phases    ] GC(1)   Pre Evacuate Collection Set: 0.1ms
[2023-02-23T11:58:48.318+0700][gc,phases    ] GC(1)   Evacuate Collection Set: 6.3ms
[2023-02-23T11:58:48.318+0700][gc,phases    ] GC(1)   Post Evacuate Collection Set: 0.7ms
[2023-02-23T11:58:48.318+0700][gc,phases    ] GC(1)   Other: 11.2ms
[2023-02-23T11:58:48.318+0700][gc,heap      ] GC(1) Eden regions: 21->0(24)
[2023-02-23T11:58:48.318+0700][gc,heap      ] GC(1) Survivor regions: 4->1(4)
[2023-02-23T11:58:48.318+0700][gc,heap      ] GC(1) Old regions: 5->9
[2023-02-23T11:58:48.318+0700][gc,heap      ] GC(1) Humongous regions: 0->0
[2023-02-23T11:58:48.318+0700][gc,metaspace ] GC(1) Metaspace: 9354K(9856K)->9354K(9856K) NonClass: 8384K(8704K)->8384K(8704K) Class: 970K(1152K)->970K(1152K)
[2023-02-23T11:58:48.318+0700][gc           ] GC(1) Pause Young (Normal) (G1 Evacuation Pause) 28M->8M(512M) 18.405ms
[2023-02-23T11:58:48.318+0700][gc,cpu       ] GC(1) User=0.07s Sys=0.00s Real=0.01s
[2023-02-23T18:01:54.996+0700][gc,heap,exit ] Heap
[2023-02-23T18:01:55.019+0700][gc,heap,exit ]  garbage-first heap   total 524288K, used 29013K [0x00000000e0000000, 0x0000000100000000)
[2023-02-23T18:01:55.019+0700][gc,heap,exit ]   region size 1024K, 22 young (22528K), 1 survivors (1024K)
[2023-02-23T18:01:55.019+0700][gc,heap,exit ]  Metaspace       used 9369K, capacity 9675K, committed 9856K, reserved 1058816K
[2023-02-23T18:01:55.019+0700][gc,heap,exit ]   class space    used 971K, capacity 1088K, committed 1152K, reserved 1048576K
