[2023-02-20T15:03:04.549+0700][gc,heap] Heap region size: 1M
[2023-02-20T15:03:04.557+0700][gc     ] Using G1
[2023-02-20T15:03:04.557+0700][gc,heap,coops] Heap address: 0x00000000e0000000, size: 512 MB, Compressed Oops mode: 32-bit
[2023-02-20T15:03:04.557+0700][gc,cds       ] Mark closed archive regions in map: [0x00000000fff00000, 0x00000000fff6aff8]
[2023-02-20T15:03:04.557+0700][gc,cds       ] Mark open archive regions in map: [0x00000000ffe00000, 0x00000000ffe47ff8]
[2023-02-20T15:03:04.969+0700][gc,start     ] GC(0) Pause Young (Normal) (G1 Evacuation Pause)
[2023-02-20T15:03:04.970+0700][gc,task      ] GC(0) Using 12 workers of 13 for evacuation
[2023-02-20T15:03:04.979+0700][gc,phases    ] GC(0)   Pre Evacuate Collection Set: 0.0ms
[2023-02-20T15:03:04.979+0700][gc,phases    ] GC(0)   Evacuate Collection Set: 8.6ms
[2023-02-20T15:03:04.979+0700][gc,phases    ] GC(0)   Post Evacuate Collection Set: 0.4ms
[2023-02-20T15:03:04.979+0700][gc,phases    ] GC(0)   Other: 0.9ms
[2023-02-20T15:03:04.979+0700][gc,heap      ] GC(0) Eden regions: 25->0(21)
[2023-02-20T15:03:04.979+0700][gc,heap      ] GC(0) Survivor regions: 0->4(4)
[2023-02-20T15:03:04.979+0700][gc,heap      ] GC(0) Old regions: 2->5
[2023-02-20T15:03:04.979+0700][gc,heap      ] GC(0) Humongous regions: 0->0
[2023-02-20T15:03:04.979+0700][gc,metaspace ] GC(0) Metaspace: 7443K(7936K)->7443K(7936K) NonClass: 6624K(6912K)->6624K(6912K) Class: 819K(1024K)->819K(1024K)
[2023-02-20T15:03:04.979+0700][gc           ] GC(0) Pause Young (Normal) (G1 Evacuation Pause) 25M->7M(512M) 10.020ms
[2023-02-20T15:03:04.979+0700][gc,cpu       ] GC(0) User=0.09s Sys=0.02s Real=0.01s
[2023-02-20T16:47:48.848+0700][gc,start     ] GC(1) Pause Young (Normal) (G1 Evacuation Pause)
[2023-02-20T16:47:48.848+0700][gc,task      ] GC(1) Using 12 workers of 13 for evacuation
[2023-02-20T16:47:48.852+0700][gc,phases    ] GC(1)   Pre Evacuate Collection Set: 0.0ms
[2023-02-20T16:47:48.852+0700][gc,phases    ] GC(1)   Evacuate Collection Set: 3.9ms
[2023-02-20T16:47:48.852+0700][gc,phases    ] GC(1)   Post Evacuate Collection Set: 0.4ms
[2023-02-20T16:47:48.852+0700][gc,phases    ] GC(1)   Other: 0.4ms
[2023-02-20T16:47:48.852+0700][gc,heap      ] GC(1) Eden regions: 21->0(24)
[2023-02-20T16:47:48.852+0700][gc,heap      ] GC(1) Survivor regions: 4->1(4)
[2023-02-20T16:47:48.852+0700][gc,heap      ] GC(1) Old regions: 5->9
[2023-02-20T16:47:48.852+0700][gc,heap      ] GC(1) Humongous regions: 0->0
[2023-02-20T16:47:48.853+0700][gc,metaspace ] GC(1) Metaspace: 9430K(10112K)->9430K(10112K) NonClass: 8457K(8960K)->8457K(8960K) Class: 973K(1152K)->973K(1152K)
[2023-02-20T16:47:48.853+0700][gc           ] GC(1) Pause Young (Normal) (G1 Evacuation Pause) 28M->8M(512M) 4.796ms
[2023-02-20T16:47:48.853+0700][gc,cpu       ] GC(1) User=0.05s Sys=0.00s Real=0.00s
[2023-02-20T17:46:11.073+0700][gc,heap,exit ] Heap
[2023-02-20T17:46:11.082+0700][gc,heap,exit ]  garbage-first heap   total 524288K, used 20029K [0x00000000e0000000, 0x0000000100000000)
[2023-02-20T17:46:11.082+0700][gc,heap,exit ]   region size 1024K, 13 young (13312K), 1 survivors (1024K)
[2023-02-20T17:46:11.082+0700][gc,heap,exit ]  Metaspace       used 9529K, capacity 9915K, committed 10112K, reserved 1058816K
[2023-02-20T17:46:11.082+0700][gc,heap,exit ]   class space    used 973K, capacity 1120K, committed 1152K, reserved 1048576K
