[2023-03-03T09:46:06.742+0700][gc,heap] Heap region size: 1M
[2023-03-03T09:46:06.749+0700][gc     ] Using G1
[2023-03-03T09:46:06.749+0700][gc,heap,coops] Heap address: 0x00000000e0000000, size: 512 MB, Compressed Oops mode: 32-bit
[2023-03-03T09:46:06.749+0700][gc,cds       ] Mark closed archive regions in map: [0x00000000fff00000, 0x00000000fff6aff8]
[2023-03-03T09:46:06.749+0700][gc,cds       ] Mark open archive regions in map: [0x00000000ffe00000, 0x00000000ffe47ff8]
[2023-03-03T09:46:07.371+0700][gc,start     ] GC(0) Pause Young (Normal) (G1 Evacuation Pause)
[2023-03-03T09:46:07.373+0700][gc,task      ] GC(0) Using 12 workers of 13 for evacuation
[2023-03-03T09:46:07.381+0700][gc,phases    ] GC(0)   Pre Evacuate Collection Set: 0.0ms
[2023-03-03T09:46:07.382+0700][gc,phases    ] GC(0)   Evacuate Collection Set: 8.2ms
[2023-03-03T09:46:07.382+0700][gc,phases    ] GC(0)   Post Evacuate Collection Set: 0.4ms
[2023-03-03T09:46:07.382+0700][gc,phases    ] GC(0)   Other: 1.4ms
[2023-03-03T09:46:07.382+0700][gc,heap      ] GC(0) Eden regions: 25->0(21)
[2023-03-03T09:46:07.382+0700][gc,heap      ] GC(0) Survivor regions: 0->4(4)
[2023-03-03T09:46:07.382+0700][gc,heap      ] GC(0) Old regions: 2->5
[2023-03-03T09:46:07.382+0700][gc,heap      ] GC(0) Humongous regions: 0->0
[2023-03-03T09:46:07.382+0700][gc,metaspace ] GC(0) Metaspace: 7424K(7936K)->7424K(7936K) NonClass: 6606K(6912K)->6606K(6912K) Class: 817K(1024K)->817K(1024K)
[2023-03-03T09:46:07.382+0700][gc           ] GC(0) Pause Young (Normal) (G1 Evacuation Pause) 25M->7M(512M) 10.228ms
[2023-03-03T09:46:07.382+0700][gc,cpu       ] GC(0) User=0.09s Sys=0.00s Real=0.01s
[2023-03-03T13:22:26.481+0700][gc,start     ] GC(1) Pause Young (Normal) (G1 Evacuation Pause)
[2023-03-03T13:22:26.493+0700][gc,task      ] GC(1) Using 12 workers of 13 for evacuation
[2023-03-03T13:22:26.533+0700][gc,mmu       ] GC(1) MMU target violated: 21.0ms (20.0ms/21.0ms)
[2023-03-03T13:22:26.533+0700][gc,phases    ] GC(1)   Pre Evacuate Collection Set: 20.3ms
[2023-03-03T13:22:26.533+0700][gc,phases    ] GC(1)   Evacuate Collection Set: 19.2ms
[2023-03-03T13:22:26.533+0700][gc,phases    ] GC(1)   Post Evacuate Collection Set: 0.5ms
[2023-03-03T13:22:26.533+0700][gc,phases    ] GC(1)   Other: 12.3ms
[2023-03-03T13:22:26.533+0700][gc,heap      ] GC(1) Eden regions: 21->0(24)
[2023-03-03T13:22:26.533+0700][gc,heap      ] GC(1) Survivor regions: 4->1(4)
[2023-03-03T13:22:26.533+0700][gc,heap      ] GC(1) Old regions: 5->9
[2023-03-03T13:22:26.533+0700][gc,heap      ] GC(1) Humongous regions: 0->0
[2023-03-03T13:22:26.533+0700][gc,metaspace ] GC(1) Metaspace: 9283K(9856K)->9283K(9856K) NonClass: 8312K(8704K)->8312K(8704K) Class: 970K(1152K)->970K(1152K)
[2023-03-03T13:22:26.533+0700][gc           ] GC(1) Pause Young (Normal) (G1 Evacuation Pause) 28M->8M(512M) 52.358ms
[2023-03-03T13:22:26.533+0700][gc,cpu       ] GC(1) User=0.12s Sys=0.00s Real=0.05s
[2023-03-03T18:36:55.371+0700][gc,heap,exit ] Heap
[2023-03-03T18:36:55.385+0700][gc,heap,exit ]  garbage-first heap   total 524288K, used 26885K [0x00000000e0000000, 0x0000000100000000)
[2023-03-03T18:36:55.385+0700][gc,heap,exit ]   region size 1024K, 20 young (20480K), 1 survivors (1024K)
[2023-03-03T18:36:55.385+0700][gc,heap,exit ]  Metaspace       used 9301K, capacity 9690K, committed 10112K, reserved 1058816K
[2023-03-03T18:36:55.385+0700][gc,heap,exit ]   class space    used 970K, capacity 1088K, committed 1152K, reserved 1048576K
