[2023-03-02T11:36:00.199+0700][gc,heap] Heap region size: 1M
[2023-03-02T11:36:00.202+0700][gc     ] Using G1
[2023-03-02T11:36:00.202+0700][gc,heap,coops] Heap address: 0x00000000e0000000, size: 512 MB, Compressed Oops mode: 32-bit
[2023-03-02T11:36:00.202+0700][gc,cds       ] Mark closed archive regions in map: [0x00000000fff00000, 0x00000000fff6aff8]
[2023-03-02T11:36:00.202+0700][gc,cds       ] Mark open archive regions in map: [0x00000000ffe00000, 0x00000000ffe47ff8]
[2023-03-02T11:36:00.866+0700][gc,start     ] GC(0) Pause Young (Normal) (G1 Evacuation Pause)
[2023-03-02T11:36:00.867+0700][gc,task      ] GC(0) Using 12 workers of 13 for evacuation
[2023-03-02T11:36:00.876+0700][gc,phases    ] GC(0)   Pre Evacuate Collection Set: 0.0ms
[2023-03-02T11:36:00.876+0700][gc,phases    ] GC(0)   Evacuate Collection Set: 8.7ms
[2023-03-02T11:36:00.876+0700][gc,phases    ] GC(0)   Post Evacuate Collection Set: 0.5ms
[2023-03-02T11:36:00.876+0700][gc,phases    ] GC(0)   Other: 1.2ms
[2023-03-02T11:36:00.876+0700][gc,heap      ] GC(0) Eden regions: 25->0(21)
[2023-03-02T11:36:00.876+0700][gc,heap      ] GC(0) Survivor regions: 0->4(4)
[2023-03-02T11:36:00.876+0700][gc,heap      ] GC(0) Old regions: 2->5
[2023-03-02T11:36:00.876+0700][gc,heap      ] GC(0) Humongous regions: 0->0
[2023-03-02T11:36:00.876+0700][gc,metaspace ] GC(0) Metaspace: 7386K(7936K)->7386K(7936K) NonClass: 6570K(6912K)->6570K(6912K) Class: 816K(1024K)->816K(1024K)
[2023-03-02T11:36:00.876+0700][gc           ] GC(0) Pause Young (Normal) (G1 Evacuation Pause) 25M->7M(512M) 10.543ms
[2023-03-02T11:36:00.876+0700][gc,cpu       ] GC(0) User=0.08s Sys=0.01s Real=0.02s
[2023-03-02T14:30:50.307+0700][gc,start     ] GC(1) Pause Young (Normal) (G1 Evacuation Pause)
[2023-03-02T14:30:50.319+0700][gc,task      ] GC(1) Using 12 workers of 13 for evacuation
[2023-03-02T14:30:50.325+0700][gc,phases    ] GC(1)   Pre Evacuate Collection Set: 0.1ms
[2023-03-02T14:30:50.325+0700][gc,phases    ] GC(1)   Evacuate Collection Set: 5.8ms
[2023-03-02T14:30:50.325+0700][gc,phases    ] GC(1)   Post Evacuate Collection Set: 0.5ms
[2023-03-02T14:30:50.325+0700][gc,phases    ] GC(1)   Other: 11.5ms
[2023-03-02T14:30:50.325+0700][gc,heap      ] GC(1) Eden regions: 21->0(24)
[2023-03-02T14:30:50.325+0700][gc,heap      ] GC(1) Survivor regions: 4->1(4)
[2023-03-02T14:30:50.325+0700][gc,heap      ] GC(1) Old regions: 5->9
[2023-03-02T14:30:50.325+0700][gc,heap      ] GC(1) Humongous regions: 0->0
[2023-03-02T14:30:50.325+0700][gc,metaspace ] GC(1) Metaspace: 9280K(9856K)->9280K(9856K) NonClass: 8309K(8704K)->8309K(8704K) Class: 970K(1152K)->970K(1152K)
[2023-03-02T14:30:50.325+0700][gc           ] GC(1) Pause Young (Normal) (G1 Evacuation Pause) 28M->8M(512M) 18.039ms
[2023-03-02T14:30:50.325+0700][gc,cpu       ] GC(1) User=0.05s Sys=0.00s Real=0.01s
[2023-03-02T17:58:19.787+0700][gc,heap,exit ] Heap
[2023-03-02T17:58:19.789+0700][gc,heap,exit ]  garbage-first heap   total 524288K, used 20629K [0x00000000e0000000, 0x0000000100000000)
[2023-03-02T17:58:19.789+0700][gc,heap,exit ]   region size 1024K, 14 young (14336K), 1 survivors (1024K)
[2023-03-02T17:58:19.789+0700][gc,heap,exit ]  Metaspace       used 9295K, capacity 9686K, committed 9856K, reserved 1058816K
[2023-03-02T17:58:19.789+0700][gc,heap,exit ]   class space    used 971K, capacity 1088K, committed 1152K, reserved 1048576K
