[2023-02-28T09:38:49.337+0700][gc,heap] Heap region size: 1M
[2023-02-28T09:38:49.343+0700][gc     ] Using G1
[2023-02-28T09:38:49.343+0700][gc,heap,coops] Heap address: 0x00000000e0000000, size: 512 MB, Compressed Oops mode: 32-bit
[2023-02-28T09:38:49.344+0700][gc,cds       ] Mark closed archive regions in map: [0x00000000fff00000, 0x00000000fff6aff8]
[2023-02-28T09:38:49.344+0700][gc,cds       ] Mark open archive regions in map: [0x00000000ffe00000, 0x00000000ffe47ff8]
[2023-02-28T09:38:50.003+0700][gc,start     ] GC(0) Pause Young (Normal) (G1 Evacuation Pause)
[2023-02-28T09:38:50.004+0700][gc,task      ] GC(0) Using 12 workers of 13 for evacuation
[2023-02-28T09:38:50.009+0700][gc,phases    ] GC(0)   Pre Evacuate Collection Set: 0.0ms
[2023-02-28T09:38:50.009+0700][gc,phases    ] GC(0)   Evacuate Collection Set: 4.4ms
[2023-02-28T09:38:50.009+0700][gc,phases    ] GC(0)   Post Evacuate Collection Set: 0.4ms
[2023-02-28T09:38:50.009+0700][gc,phases    ] GC(0)   Other: 1.0ms
[2023-02-28T09:38:50.009+0700][gc,heap      ] GC(0) Eden regions: 25->0(21)
[2023-02-28T09:38:50.009+0700][gc,heap      ] GC(0) Survivor regions: 0->4(4)
[2023-02-28T09:38:50.009+0700][gc,heap      ] GC(0) Old regions: 2->5
[2023-02-28T09:38:50.009+0700][gc,heap      ] GC(0) Humongous regions: 0->0
[2023-02-28T09:38:50.009+0700][gc,metaspace ] GC(0) Metaspace: 7427K(7936K)->7427K(7936K) NonClass: 6609K(6912K)->6609K(6912K) Class: 818K(1024K)->818K(1024K)
[2023-02-28T09:38:50.009+0700][gc           ] GC(0) Pause Young (Normal) (G1 Evacuation Pause) 25M->7M(512M) 5.911ms
[2023-02-28T09:38:50.009+0700][gc,cpu       ] GC(0) User=0.05s Sys=0.00s Real=0.01s
[2023-02-28T11:46:15.862+0700][gc,start     ] GC(1) Pause Young (Normal) (G1 Evacuation Pause)
[2023-02-28T11:46:15.862+0700][gc,task      ] GC(1) Using 12 workers of 13 for evacuation
[2023-02-28T11:46:15.932+0700][gc,mmu       ] GC(1) MMU target violated: 21.0ms (20.0ms/21.0ms)
[2023-02-28T11:46:15.932+0700][gc,phases    ] GC(1)   Pre Evacuate Collection Set: 32.8ms
[2023-02-28T11:46:15.932+0700][gc,phases    ] GC(1)   Evacuate Collection Set: 36.5ms
[2023-02-28T11:46:15.932+0700][gc,phases    ] GC(1)   Post Evacuate Collection Set: 0.7ms
[2023-02-28T11:46:15.932+0700][gc,phases    ] GC(1)   Other: 11.3ms
[2023-02-28T11:46:15.932+0700][gc,heap      ] GC(1) Eden regions: 21->0(24)
[2023-02-28T11:46:15.932+0700][gc,heap      ] GC(1) Survivor regions: 4->1(4)
[2023-02-28T11:46:15.932+0700][gc,heap      ] GC(1) Old regions: 5->9
[2023-02-28T11:46:15.932+0700][gc,heap      ] GC(1) Humongous regions: 0->0
[2023-02-28T11:46:15.932+0700][gc,metaspace ] GC(1) Metaspace: 9375K(9856K)->9375K(9856K) NonClass: 8405K(8704K)->8405K(8704K) Class: 970K(1152K)->970K(1152K)
[2023-02-28T11:46:15.932+0700][gc           ] GC(1) Pause Young (Normal) (G1 Evacuation Pause) 28M->8M(512M) 70.724ms
[2023-02-28T11:46:15.932+0700][gc,cpu       ] GC(1) User=0.20s Sys=0.00s Real=0.07s
[2023-02-28T18:30:20.992+0700][gc,heap,exit ] Heap
[2023-02-28T18:30:20.993+0700][gc,heap,exit ]  garbage-first heap   total 524288K, used 30925K [0x00000000e0000000, 0x0000000100000000)
[2023-02-28T18:30:20.993+0700][gc,heap,exit ]   region size 1024K, 24 young (24576K), 1 survivors (1024K)
[2023-02-28T18:30:20.993+0700][gc,heap,exit ]  Metaspace       used 9390K, capacity 9675K, committed 9856K, reserved 1058816K
[2023-02-28T18:30:20.993+0700][gc,heap,exit ]   class space    used 970K, capacity 1088K, committed 1152K, reserved 1048576K
